02:39:19.594 - FFMPEG found
02:39:19.594 - Python 3.6+ found
02:39:19.638 - Numpy found
02:39:19.658 - OpenCV-Python found
02:39:19.671 - Pillow found
02:39:19.923 - SSIM found
02:39:19.927 - Processing frames from video /sitespeed.io/20251114_212547/pages/arxiv_org/abs/0704.0001/data/video/2.mp4 to /sitespeed.io/20251114_212547/pages/arxiv_org/abs/0704.0001/data/filmstrip/2
02:39:19.927 - ['ffprobe', '/sitespeed.io/20251114_212547/pages/arxiv_org/abs/0704.0001/data/video/2.mp4']
02:39:19.932 - Finding Video Viewport...
02:39:19.932 - Using frame 0
02:39:19.997 - STREAM b'IHDR' 16 13
02:39:19.997 - STREAM b'pHYs' 41 9
02:39:19.997 - STREAM b'IDAT' 62 4096
02:39:19.997 - /sitespeed.io/20251114_212547/pages/arxiv_org/abs/0704.0001/data/filmstrip/2/viewport.png is 1366x708
02:39:19.997 - Finding the viewport for /sitespeed.io/20251114_212547/pages/arxiv_org/abs/0704.0001/data/filmstrip/2/viewport.png
02:39:19.997 - STREAM b'IHDR' 16 13
02:39:19.997 - STREAM b'pHYs' 41 9
02:39:19.997 - STREAM b'IDAT' 62 4096
02:39:20.002 - Viewport left edge is 0
02:39:20.002 - Viewport right edge is 1363
02:39:20.002 - Viewport top edge is 88
02:39:20.002 - Viewport bottom edge is 704
02:39:20.011 - Extracting frames from /sitespeed.io/20251114_212547/pages/arxiv_org/abs/0704.0001/data/video/2.mp4 to /sitespeed.io/20251114_212547/pages/arxiv_org/abs/0704.0001/data/filmstrip/2
02:39:20.013 - ffmpeg -v debug -i /sitespeed.io/20251114_212547/pages/arxiv_org/abs/0704.0001/data/video/2.mp4 -vsync 0 -vf crop=1363:616:0:88,scale=iw*min(400/iw\,400/ih):ih*min(400/iw\,400/ih),mpdecimate=0:64:640:0.001 /sitespeed.io/20251114_212547/pages/arxiv_org/abs/0704.0001/data/filmstrip/2/img-%d.png
02:39:20.141 - Renaming /sitespeed.io/20251114_212547/pages/arxiv_org/abs/0704.0001/data/filmstrip/2/img-1.png to /sitespeed.io/20251114_212547/pages/arxiv_org/abs/0704.0001/data/filmstrip/2/video-000000.png
02:39:20.141 - Renaming /sitespeed.io/20251114_212547/pages/arxiv_org/abs/0704.0001/data/filmstrip/2/img-2.png to /sitespeed.io/20251114_212547/pages/arxiv_org/abs/0704.0001/data/filmstrip/2/video-000900.png
02:39:20.141 - Renaming /sitespeed.io/20251114_212547/pages/arxiv_org/abs/0704.0001/data/filmstrip/2/img-3.png to /sitespeed.io/20251114_212547/pages/arxiv_org/abs/0704.0001/data/filmstrip/2/video-001100.png
02:39:20.141 - Renaming /sitespeed.io/20251114_212547/pages/arxiv_org/abs/0704.0001/data/filmstrip/2/img-4.png to /sitespeed.io/20251114_212547/pages/arxiv_org/abs/0704.0001/data/filmstrip/2/video-001133.png
02:39:20.141 - Renaming /sitespeed.io/20251114_212547/pages/arxiv_org/abs/0704.0001/data/filmstrip/2/img-5.png to /sitespeed.io/20251114_212547/pages/arxiv_org/abs/0704.0001/data/filmstrip/2/video-001500.png
02:39:20.141 - Scanning for non-orange frames...
02:39:20.141 - STREAM b'IHDR' 16 13
02:39:20.141 - STREAM b'pHYs' 41 9
02:39:20.142 - STREAM b'IDAT' 62 658
02:39:20.142 - STREAM b'IHDR' 16 13
02:39:20.142 - STREAM b'pHYs' 41 9
02:39:20.142 - STREAM b'IDAT' 62 658
02:39:20.143 - STREAM b'IHDR' 16 13
02:39:20.143 - STREAM b'IDAT' 41 535
02:39:20.145 - Scanning for orange frames...
02:39:20.145 - Removing Orange frame: /sitespeed.io/20251114_212547/pages/arxiv_org/abs/0704.0001/data/filmstrip/2/video-000000.png
02:39:20.145 - STREAM b'IHDR' 16 13
02:39:20.145 - STREAM b'pHYs' 41 9
02:39:20.145 - STREAM b'IDAT' 62 639
02:39:20.146 - STREAM b'IHDR' 16 13
02:39:20.146 - STREAM b'pHYs' 41 9
02:39:20.146 - STREAM b'IDAT' 62 639
02:39:20.147 - STREAM b'IHDR' 16 13
02:39:20.147 - STREAM b'IDAT' 41 535
02:39:20.148 - STREAM b'IHDR' 16 13
02:39:20.148 - STREAM b'pHYs' 41 9
02:39:20.148 - STREAM b'IDAT' 62 639
02:39:20.149 - STREAM b'IHDR' 16 13
02:39:20.149 - STREAM b'IDAT' 41 535
02:39:20.150 - STREAM b'IHDR' 16 13
02:39:20.150 - STREAM b'pHYs' 41 9
02:39:20.150 - STREAM b'IDAT' 62 639
02:39:20.151 - STREAM b'IHDR' 16 13
02:39:20.151 - STREAM b'IDAT' 41 535
02:39:20.152 - STREAM b'IHDR' 16 13
02:39:20.152 - STREAM b'pHYs' 41 9
02:39:20.152 - STREAM b'IDAT' 62 4096
02:39:20.152 - STREAM b'IHDR' 16 13
02:39:20.152 - STREAM b'pHYs' 41 9
02:39:20.152 - STREAM b'IDAT' 62 4096
02:39:20.153 - STREAM b'IHDR' 16 13
02:39:20.153 - STREAM b'IDAT' 41 535
02:39:20.154 - STREAM b'IHDR' 16 13
02:39:20.154 - STREAM b'pHYs' 41 9
02:39:20.154 - STREAM b'IDAT' 62 4096
02:39:20.155 - STREAM b'IHDR' 16 13
02:39:20.155 - STREAM b'IDAT' 41 535
02:39:20.156 - STREAM b'IHDR' 16 13
02:39:20.156 - STREAM b'pHYs' 41 9
02:39:20.156 - STREAM b'IDAT' 62 4096
02:39:20.157 - STREAM b'IHDR' 16 13
02:39:20.157 - STREAM b'IDAT' 41 535
02:39:20.158 - Finding Render Start...
02:39:20.158 - STREAM b'IHDR' 16 13
02:39:20.158 - STREAM b'pHYs' 41 9
02:39:20.158 - STREAM b'IDAT' 62 639
02:39:20.158 - STREAM b'IHDR' 16 13
02:39:20.158 - STREAM b'pHYs' 41 9
02:39:20.158 - STREAM b'IDAT' 62 639
02:39:20.159 - STREAM b'IHDR' 16 13
02:39:20.159 - STREAM b'pHYs' 41 9
02:39:20.159 - STREAM b'IDAT' 62 4096
02:39:20.162 - STREAM b'IHDR' 16 13
02:39:20.162 - STREAM b'pHYs' 41 9
02:39:20.162 - STREAM b'IDAT' 62 4096
02:39:20.162 - STREAM b'IHDR' 16 13
02:39:20.162 - STREAM b'pHYs' 41 9
02:39:20.162 - STREAM b'IDAT' 62 4096
02:39:20.163 - STREAM b'IHDR' 16 13
02:39:20.163 - STREAM b'IDAT' 41 535
02:39:20.164 - STREAM b'IHDR' 16 13
02:39:20.164 - STREAM b'pHYs' 41 9
02:39:20.164 - STREAM b'IDAT' 62 4096
02:39:20.165 - STREAM b'IHDR' 16 13
02:39:20.165 - STREAM b'IDAT' 41 535
02:39:20.166 - STREAM b'IHDR' 16 13
02:39:20.166 - STREAM b'pHYs' 41 9
02:39:20.166 - STREAM b'IDAT' 62 4096
02:39:20.167 - STREAM b'IHDR' 16 13
02:39:20.167 - STREAM b'IDAT' 41 535
02:39:20.168 - Eliminating Duplicate Frames...
02:39:20.168 - STREAM b'IHDR' 16 13
02:39:20.168 - STREAM b'pHYs' 41 9
02:39:20.168 - STREAM b'IDAT' 62 639
02:39:20.168 - Viewport cropping set to (W, H, L, T): (400, 170, 0, 0)
02:39:20.168 - STREAM b'IHDR' 16 13
02:39:20.168 - STREAM b'pHYs' 41 9
02:39:20.168 - STREAM b'IDAT' 62 639
02:39:20.168 - STREAM b'IHDR' 16 13
02:39:20.168 - STREAM b'pHYs' 41 9
02:39:20.168 - STREAM b'IDAT' 62 4096
02:39:20.172 - STREAM b'IHDR' 16 13
02:39:20.172 - STREAM b'pHYs' 41 9
02:39:20.172 - STREAM b'IDAT' 62 4096
02:39:20.172 - STREAM b'IHDR' 16 13
02:39:20.172 - STREAM b'pHYs' 41 9
02:39:20.172 - STREAM b'IDAT' 62 4096
02:39:20.175 - STREAM b'IHDR' 16 13
02:39:20.175 - STREAM b'pHYs' 41 9
02:39:20.175 - STREAM b'IDAT' 62 4096
02:39:20.176 - STREAM b'IHDR' 16 13
02:39:20.176 - STREAM b'pHYs' 41 9
02:39:20.176 - STREAM b'IDAT' 62 4096
02:39:20.179 - Removing duplicate frame /sitespeed.io/20251114_212547/pages/arxiv_org/abs/0704.0001/data/filmstrip/2/ms_000600.png from the end
02:39:20.189 - Calculating image histograms
02:39:20.190 - Calculating histogram for /sitespeed.io/20251114_212547/pages/arxiv_org/abs/0704.0001/data/filmstrip/2/ms_000000.png
02:39:20.190 - STREAM b'IHDR' 16 13
02:39:20.190 - STREAM b'pHYs' 41 9
02:39:20.190 - STREAM b'IDAT' 62 639
02:39:20.195 - Calculating histogram for /sitespeed.io/20251114_212547/pages/arxiv_org/abs/0704.0001/data/filmstrip/2/ms_000200.png
02:39:20.196 - STREAM b'IHDR' 16 13
02:39:20.196 - STREAM b'pHYs' 41 9
02:39:20.196 - STREAM b'IDAT' 62 4096
02:39:20.203 - Calculating histogram for /sitespeed.io/20251114_212547/pages/arxiv_org/abs/0704.0001/data/filmstrip/2/ms_000233.png
02:39:20.203 - STREAM b'IHDR' 16 13
02:39:20.203 - STREAM b'pHYs' 41 9
02:39:20.203 - STREAM b'IDAT' 62 4096
02:39:20.210 - Done calculating histograms
02:39:20.211 - 0ms - 0% Complete
02:39:20.211 - 200ms - 81% Complete
02:39:20.211 - 233ms - 100% Complete
02:39:20.211 - Hero elements file is not valid: None
02:39:20.211 - Converting video frames to JPEG
02:39:20.211 - STREAM b'IHDR' 16 13
02:39:20.211 - STREAM b'pHYs' 41 9
02:39:20.211 - STREAM b'IDAT' 62 639
02:39:20.212 - Unable to convert image to sRGB as there is no color profile to transform from.
02:39:20.212 - STREAM b'IHDR' 16 13
02:39:20.212 - STREAM b'pHYs' 41 9
02:39:20.212 - STREAM b'IDAT' 62 4096
02:39:20.212 - Unable to convert image to sRGB as there is no color profile to transform from.
02:39:20.213 - STREAM b'IHDR' 16 13
02:39:20.213 - STREAM b'pHYs' 41 9
02:39:20.213 - STREAM b'IDAT' 62 4096
02:39:20.213 - Unable to convert image to sRGB as there is no color profile to transform from.
02:39:20.214 - Done converting video frames to JPEG
