02:39:32.529 - FFMPEG found
02:39:32.529 - Python 3.6+ found
02:39:32.573 - Numpy found
02:39:32.594 - OpenCV-Python found
02:39:32.607 - Pillow found
02:39:32.856 - SSIM found
02:39:32.859 - Processing frames from video /sitespeed.io/20251114_212547/pages/arxiv_org/abs/0704.0001/data/video/3.mp4 to /sitespeed.io/20251114_212547/pages/arxiv_org/abs/0704.0001/data/filmstrip/3
02:39:32.859 - ['ffprobe', '/sitespeed.io/20251114_212547/pages/arxiv_org/abs/0704.0001/data/video/3.mp4']
02:39:32.865 - Finding Video Viewport...
02:39:32.865 - Using frame 0
02:39:32.927 - STREAM b'IHDR' 16 13
02:39:32.927 - STREAM b'pHYs' 41 9
02:39:32.927 - STREAM b'IDAT' 62 4096
02:39:32.927 - /sitespeed.io/20251114_212547/pages/arxiv_org/abs/0704.0001/data/filmstrip/3/viewport.png is 1366x708
02:39:32.927 - Finding the viewport for /sitespeed.io/20251114_212547/pages/arxiv_org/abs/0704.0001/data/filmstrip/3/viewport.png
02:39:32.927 - STREAM b'IHDR' 16 13
02:39:32.927 - STREAM b'pHYs' 41 9
02:39:32.927 - STREAM b'IDAT' 62 4096
02:39:32.932 - Viewport left edge is 0
02:39:32.932 - Viewport right edge is 1363
02:39:32.932 - Viewport top edge is 88
02:39:32.932 - Viewport bottom edge is 704
02:39:32.941 - Extracting frames from /sitespeed.io/20251114_212547/pages/arxiv_org/abs/0704.0001/data/video/3.mp4 to /sitespeed.io/20251114_212547/pages/arxiv_org/abs/0704.0001/data/filmstrip/3
02:39:32.944 - ffmpeg -v debug -i /sitespeed.io/20251114_212547/pages/arxiv_org/abs/0704.0001/data/video/3.mp4 -vsync 0 -vf crop=1363:616:0:88,scale=iw*min(400/iw\,400/ih):ih*min(400/iw\,400/ih),mpdecimate=0:64:640:0.001 /sitespeed.io/20251114_212547/pages/arxiv_org/abs/0704.0001/data/filmstrip/3/img-%d.png
02:39:33.072 - Renaming /sitespeed.io/20251114_212547/pages/arxiv_org/abs/0704.0001/data/filmstrip/3/img-1.png to /sitespeed.io/20251114_212547/pages/arxiv_org/abs/0704.0001/data/filmstrip/3/video-000000.png
02:39:33.072 - Renaming /sitespeed.io/20251114_212547/pages/arxiv_org/abs/0704.0001/data/filmstrip/3/img-2.png to /sitespeed.io/20251114_212547/pages/arxiv_org/abs/0704.0001/data/filmstrip/3/video-000900.png
02:39:33.072 - Renaming /sitespeed.io/20251114_212547/pages/arxiv_org/abs/0704.0001/data/filmstrip/3/img-3.png to /sitespeed.io/20251114_212547/pages/arxiv_org/abs/0704.0001/data/filmstrip/3/video-001166.png
02:39:33.072 - Renaming /sitespeed.io/20251114_212547/pages/arxiv_org/abs/0704.0001/data/filmstrip/3/img-4.png to /sitespeed.io/20251114_212547/pages/arxiv_org/abs/0704.0001/data/filmstrip/3/video-001800.png
02:39:33.073 - Scanning for non-orange frames...
02:39:33.073 - STREAM b'IHDR' 16 13
02:39:33.073 - STREAM b'pHYs' 41 9
02:39:33.073 - STREAM b'IDAT' 62 658
02:39:33.073 - STREAM b'IHDR' 16 13
02:39:33.073 - STREAM b'pHYs' 41 9
02:39:33.073 - STREAM b'IDAT' 62 658
02:39:33.074 - STREAM b'IHDR' 16 13
02:39:33.074 - STREAM b'IDAT' 41 535
02:39:33.076 - Scanning for orange frames...
02:39:33.076 - Removing Orange frame: /sitespeed.io/20251114_212547/pages/arxiv_org/abs/0704.0001/data/filmstrip/3/video-000000.png
02:39:33.076 - STREAM b'IHDR' 16 13
02:39:33.076 - STREAM b'pHYs' 41 9
02:39:33.076 - STREAM b'IDAT' 62 623
02:39:33.076 - STREAM b'IHDR' 16 13
02:39:33.076 - STREAM b'pHYs' 41 9
02:39:33.076 - STREAM b'IDAT' 62 623
02:39:33.077 - STREAM b'IHDR' 16 13
02:39:33.077 - STREAM b'IDAT' 41 535
02:39:33.077 - STREAM b'IHDR' 16 13
02:39:33.078 - STREAM b'pHYs' 41 9
02:39:33.078 - STREAM b'IDAT' 62 623
02:39:33.078 - STREAM b'IHDR' 16 13
02:39:33.078 - STREAM b'IDAT' 41 535
02:39:33.079 - STREAM b'IHDR' 16 13
02:39:33.079 - STREAM b'pHYs' 41 9
02:39:33.079 - STREAM b'IDAT' 62 623
02:39:33.081 - STREAM b'IHDR' 16 13
02:39:33.081 - STREAM b'IDAT' 41 535
02:39:33.081 - STREAM b'IHDR' 16 13
02:39:33.082 - STREAM b'pHYs' 41 9
02:39:33.082 - STREAM b'IDAT' 62 4096
02:39:33.082 - STREAM b'IHDR' 16 13
02:39:33.082 - STREAM b'pHYs' 41 9
02:39:33.082 - STREAM b'IDAT' 62 4096
02:39:33.083 - STREAM b'IHDR' 16 13
02:39:33.083 - STREAM b'IDAT' 41 535
02:39:33.084 - STREAM b'IHDR' 16 13
02:39:33.084 - STREAM b'pHYs' 41 9
02:39:33.084 - STREAM b'IDAT' 62 4096
02:39:33.085 - STREAM b'IHDR' 16 13
02:39:33.085 - STREAM b'IDAT' 41 535
02:39:33.086 - STREAM b'IHDR' 16 13
02:39:33.086 - STREAM b'pHYs' 41 9
02:39:33.086 - STREAM b'IDAT' 62 4096
02:39:33.087 - STREAM b'IHDR' 16 13
02:39:33.087 - STREAM b'IDAT' 41 535
02:39:33.088 - Finding Render Start...
02:39:33.088 - STREAM b'IHDR' 16 13
02:39:33.088 - STREAM b'pHYs' 41 9
02:39:33.088 - STREAM b'IDAT' 62 623
02:39:33.088 - STREAM b'IHDR' 16 13
02:39:33.088 - STREAM b'pHYs' 41 9
02:39:33.088 - STREAM b'IDAT' 62 623
02:39:33.088 - STREAM b'IHDR' 16 13
02:39:33.088 - STREAM b'pHYs' 41 9
02:39:33.088 - STREAM b'IDAT' 62 4096
02:39:33.092 - STREAM b'IHDR' 16 13
02:39:33.092 - STREAM b'pHYs' 41 9
02:39:33.092 - STREAM b'IDAT' 62 4096
02:39:33.092 - STREAM b'IHDR' 16 13
02:39:33.092 - STREAM b'pHYs' 41 9
02:39:33.092 - STREAM b'IDAT' 62 4096
02:39:33.093 - STREAM b'IHDR' 16 13
02:39:33.093 - STREAM b'IDAT' 41 535
02:39:33.094 - STREAM b'IHDR' 16 13
02:39:33.094 - STREAM b'pHYs' 41 9
02:39:33.094 - STREAM b'IDAT' 62 4096
02:39:33.095 - STREAM b'IHDR' 16 13
02:39:33.095 - STREAM b'IDAT' 41 535
02:39:33.096 - STREAM b'IHDR' 16 13
02:39:33.096 - STREAM b'pHYs' 41 9
02:39:33.096 - STREAM b'IDAT' 62 4096
02:39:33.097 - STREAM b'IHDR' 16 13
02:39:33.097 - STREAM b'IDAT' 41 535
02:39:33.098 - Eliminating Duplicate Frames...
02:39:33.098 - STREAM b'IHDR' 16 13
02:39:33.098 - STREAM b'pHYs' 41 9
02:39:33.098 - STREAM b'IDAT' 62 623
02:39:33.098 - Viewport cropping set to (W, H, L, T): (400, 170, 0, 0)
02:39:33.098 - STREAM b'IHDR' 16 13
02:39:33.098 - STREAM b'pHYs' 41 9
02:39:33.098 - STREAM b'IDAT' 62 623
02:39:33.098 - STREAM b'IHDR' 16 13
02:39:33.098 - STREAM b'pHYs' 41 9
02:39:33.098 - STREAM b'IDAT' 62 4096
02:39:33.102 - STREAM b'IHDR' 16 13
02:39:33.102 - STREAM b'pHYs' 41 9
02:39:33.102 - STREAM b'IDAT' 62 4096
02:39:33.102 - STREAM b'IHDR' 16 13
02:39:33.102 - STREAM b'pHYs' 41 9
02:39:33.102 - STREAM b'IDAT' 62 4096
02:39:33.105 - STREAM b'IHDR' 16 13
02:39:33.105 - STREAM b'pHYs' 41 9
02:39:33.106 - STREAM b'IDAT' 62 4096
02:39:33.106 - STREAM b'IHDR' 16 13
02:39:33.106 - STREAM b'pHYs' 41 9
02:39:33.106 - STREAM b'IDAT' 62 623
02:39:33.109 - Removing duplicate frame /sitespeed.io/20251114_212547/pages/arxiv_org/abs/0704.0001/data/filmstrip/3/ms_000900.png from the end
02:39:33.117 - Calculating image histograms
02:39:33.117 - Calculating histogram for /sitespeed.io/20251114_212547/pages/arxiv_org/abs/0704.0001/data/filmstrip/3/ms_000000.png
02:39:33.118 - STREAM b'IHDR' 16 13
02:39:33.118 - STREAM b'pHYs' 41 9
02:39:33.118 - STREAM b'IDAT' 62 623
02:39:33.123 - Calculating histogram for /sitespeed.io/20251114_212547/pages/arxiv_org/abs/0704.0001/data/filmstrip/3/ms_000266.png
02:39:33.123 - STREAM b'IHDR' 16 13
02:39:33.123 - STREAM b'pHYs' 41 9
02:39:33.123 - STREAM b'IDAT' 62 4096
02:39:33.131 - Done calculating histograms
02:39:33.131 - 0ms - 0% Complete
02:39:33.131 - 266ms - 100% Complete
02:39:33.131 - Hero elements file is not valid: None
02:39:33.131 - Converting video frames to JPEG
02:39:33.131 - STREAM b'IHDR' 16 13
02:39:33.131 - STREAM b'pHYs' 41 9
02:39:33.131 - STREAM b'IDAT' 62 623
02:39:33.131 - Unable to convert image to sRGB as there is no color profile to transform from.
02:39:33.132 - STREAM b'IHDR' 16 13
02:39:33.132 - STREAM b'pHYs' 41 9
02:39:33.132 - STREAM b'IDAT' 62 4096
02:39:33.132 - Unable to convert image to sRGB as there is no color profile to transform from.
02:39:33.133 - Done converting video frames to JPEG
