02:38:11.607 - FFMPEG found
02:38:11.607 - Python 3.6+ found
02:38:11.656 - Numpy found
02:38:11.677 - OpenCV-Python found
02:38:11.689 - Pillow found
02:38:11.943 - SSIM found
02:38:11.947 - Processing frames from video /sitespeed.io/20251114_212547/pages/pubs_geoscienceworld_org/data/video/3.mp4 to /sitespeed.io/20251114_212547/pages/pubs_geoscienceworld_org/data/filmstrip/3
02:38:11.947 - ['ffprobe', '/sitespeed.io/20251114_212547/pages/pubs_geoscienceworld_org/data/video/3.mp4']
02:38:11.953 - Finding Video Viewport...
02:38:11.954 - Using frame 0
02:38:12.018 - STREAM b'IHDR' 16 13
02:38:12.018 - STREAM b'pHYs' 41 9
02:38:12.018 - STREAM b'IDAT' 62 4096
02:38:12.018 - /sitespeed.io/20251114_212547/pages/pubs_geoscienceworld_org/data/filmstrip/3/viewport.png is 1366x708
02:38:12.018 - Finding the viewport for /sitespeed.io/20251114_212547/pages/pubs_geoscienceworld_org/data/filmstrip/3/viewport.png
02:38:12.018 - STREAM b'IHDR' 16 13
02:38:12.018 - STREAM b'pHYs' 41 9
02:38:12.018 - STREAM b'IDAT' 62 4096
02:38:12.023 - Viewport left edge is 0
02:38:12.023 - Viewport right edge is 1363
02:38:12.023 - Viewport top edge is 88
02:38:12.024 - Viewport bottom edge is 704
02:38:12.033 - Extracting frames from /sitespeed.io/20251114_212547/pages/pubs_geoscienceworld_org/data/video/3.mp4 to /sitespeed.io/20251114_212547/pages/pubs_geoscienceworld_org/data/filmstrip/3
02:38:12.036 - ffmpeg -v debug -i /sitespeed.io/20251114_212547/pages/pubs_geoscienceworld_org/data/video/3.mp4 -vsync 0 -vf crop=1363:616:0:88,scale=iw*min(400/iw\,400/ih):ih*min(400/iw\,400/ih),mpdecimate=0:64:640:0.001 /sitespeed.io/20251114_212547/pages/pubs_geoscienceworld_org/data/filmstrip/3/img-%d.png
02:38:12.221 - Renaming /sitespeed.io/20251114_212547/pages/pubs_geoscienceworld_org/data/filmstrip/3/img-1.png to /sitespeed.io/20251114_212547/pages/pubs_geoscienceworld_org/data/filmstrip/3/video-000000.png
02:38:12.221 - Renaming /sitespeed.io/20251114_212547/pages/pubs_geoscienceworld_org/data/filmstrip/3/img-2.png to /sitespeed.io/20251114_212547/pages/pubs_geoscienceworld_org/data/filmstrip/3/video-000900.png
02:38:12.222 - Renaming /sitespeed.io/20251114_212547/pages/pubs_geoscienceworld_org/data/filmstrip/3/img-3.png to /sitespeed.io/20251114_212547/pages/pubs_geoscienceworld_org/data/filmstrip/3/video-002066.png
02:38:12.222 - Renaming /sitespeed.io/20251114_212547/pages/pubs_geoscienceworld_org/data/filmstrip/3/img-4.png to /sitespeed.io/20251114_212547/pages/pubs_geoscienceworld_org/data/filmstrip/3/video-002100.png
02:38:12.222 - Renaming /sitespeed.io/20251114_212547/pages/pubs_geoscienceworld_org/data/filmstrip/3/img-5.png to /sitespeed.io/20251114_212547/pages/pubs_geoscienceworld_org/data/filmstrip/3/video-002133.png
02:38:12.222 - Renaming /sitespeed.io/20251114_212547/pages/pubs_geoscienceworld_org/data/filmstrip/3/img-6.png to /sitespeed.io/20251114_212547/pages/pubs_geoscienceworld_org/data/filmstrip/3/video-002333.png
02:38:12.222 - Renaming /sitespeed.io/20251114_212547/pages/pubs_geoscienceworld_org/data/filmstrip/3/img-7.png to /sitespeed.io/20251114_212547/pages/pubs_geoscienceworld_org/data/filmstrip/3/video-002566.png
02:38:12.222 - Renaming /sitespeed.io/20251114_212547/pages/pubs_geoscienceworld_org/data/filmstrip/3/img-8.png to /sitespeed.io/20251114_212547/pages/pubs_geoscienceworld_org/data/filmstrip/3/video-002666.png
02:38:12.222 - Renaming /sitespeed.io/20251114_212547/pages/pubs_geoscienceworld_org/data/filmstrip/3/img-9.png to /sitespeed.io/20251114_212547/pages/pubs_geoscienceworld_org/data/filmstrip/3/video-002733.png
02:38:12.222 - Renaming /sitespeed.io/20251114_212547/pages/pubs_geoscienceworld_org/data/filmstrip/3/img-10.png to /sitespeed.io/20251114_212547/pages/pubs_geoscienceworld_org/data/filmstrip/3/video-002766.png
02:38:12.222 - Renaming /sitespeed.io/20251114_212547/pages/pubs_geoscienceworld_org/data/filmstrip/3/img-11.png to /sitespeed.io/20251114_212547/pages/pubs_geoscienceworld_org/data/filmstrip/3/video-002900.png
02:38:12.222 - Renaming /sitespeed.io/20251114_212547/pages/pubs_geoscienceworld_org/data/filmstrip/3/img-12.png to /sitespeed.io/20251114_212547/pages/pubs_geoscienceworld_org/data/filmstrip/3/video-002933.png
02:38:12.222 - Renaming /sitespeed.io/20251114_212547/pages/pubs_geoscienceworld_org/data/filmstrip/3/img-13.png to /sitespeed.io/20251114_212547/pages/pubs_geoscienceworld_org/data/filmstrip/3/video-002966.png
02:38:12.222 - Renaming /sitespeed.io/20251114_212547/pages/pubs_geoscienceworld_org/data/filmstrip/3/img-14.png to /sitespeed.io/20251114_212547/pages/pubs_geoscienceworld_org/data/filmstrip/3/video-003000.png
02:38:12.222 - Renaming /sitespeed.io/20251114_212547/pages/pubs_geoscienceworld_org/data/filmstrip/3/img-15.png to /sitespeed.io/20251114_212547/pages/pubs_geoscienceworld_org/data/filmstrip/3/video-003066.png
02:38:12.222 - Renaming /sitespeed.io/20251114_212547/pages/pubs_geoscienceworld_org/data/filmstrip/3/img-16.png to /sitespeed.io/20251114_212547/pages/pubs_geoscienceworld_org/data/filmstrip/3/video-003100.png
02:38:12.222 - Renaming /sitespeed.io/20251114_212547/pages/pubs_geoscienceworld_org/data/filmstrip/3/img-17.png to /sitespeed.io/20251114_212547/pages/pubs_geoscienceworld_org/data/filmstrip/3/video-003133.png
02:38:12.222 - Renaming /sitespeed.io/20251114_212547/pages/pubs_geoscienceworld_org/data/filmstrip/3/img-18.png to /sitespeed.io/20251114_212547/pages/pubs_geoscienceworld_org/data/filmstrip/3/video-003166.png
02:38:12.222 - Renaming /sitespeed.io/20251114_212547/pages/pubs_geoscienceworld_org/data/filmstrip/3/img-19.png to /sitespeed.io/20251114_212547/pages/pubs_geoscienceworld_org/data/filmstrip/3/video-003200.png
02:38:12.222 - Renaming /sitespeed.io/20251114_212547/pages/pubs_geoscienceworld_org/data/filmstrip/3/img-20.png to /sitespeed.io/20251114_212547/pages/pubs_geoscienceworld_org/data/filmstrip/3/video-003233.png
02:38:12.223 - Renaming /sitespeed.io/20251114_212547/pages/pubs_geoscienceworld_org/data/filmstrip/3/img-21.png to /sitespeed.io/20251114_212547/pages/pubs_geoscienceworld_org/data/filmstrip/3/video-003266.png
02:38:12.223 - Renaming /sitespeed.io/20251114_212547/pages/pubs_geoscienceworld_org/data/filmstrip/3/img-22.png to /sitespeed.io/20251114_212547/pages/pubs_geoscienceworld_org/data/filmstrip/3/video-003300.png
02:38:12.223 - Renaming /sitespeed.io/20251114_212547/pages/pubs_geoscienceworld_org/data/filmstrip/3/img-23.png to /sitespeed.io/20251114_212547/pages/pubs_geoscienceworld_org/data/filmstrip/3/video-003333.png
02:38:12.223 - Renaming /sitespeed.io/20251114_212547/pages/pubs_geoscienceworld_org/data/filmstrip/3/img-24.png to /sitespeed.io/20251114_212547/pages/pubs_geoscienceworld_org/data/filmstrip/3/video-003366.png
02:38:12.223 - Renaming /sitespeed.io/20251114_212547/pages/pubs_geoscienceworld_org/data/filmstrip/3/img-25.png to /sitespeed.io/20251114_212547/pages/pubs_geoscienceworld_org/data/filmstrip/3/video-003400.png
02:38:12.223 - Renaming /sitespeed.io/20251114_212547/pages/pubs_geoscienceworld_org/data/filmstrip/3/img-26.png to /sitespeed.io/20251114_212547/pages/pubs_geoscienceworld_org/data/filmstrip/3/video-003433.png
02:38:12.223 - Renaming /sitespeed.io/20251114_212547/pages/pubs_geoscienceworld_org/data/filmstrip/3/img-27.png to /sitespeed.io/20251114_212547/pages/pubs_geoscienceworld_org/data/filmstrip/3/video-003466.png
02:38:12.223 - Renaming /sitespeed.io/20251114_212547/pages/pubs_geoscienceworld_org/data/filmstrip/3/img-28.png to /sitespeed.io/20251114_212547/pages/pubs_geoscienceworld_org/data/filmstrip/3/video-003500.png
02:38:12.223 - Renaming /sitespeed.io/20251114_212547/pages/pubs_geoscienceworld_org/data/filmstrip/3/img-29.png to /sitespeed.io/20251114_212547/pages/pubs_geoscienceworld_org/data/filmstrip/3/video-003533.png
02:38:12.223 - Renaming /sitespeed.io/20251114_212547/pages/pubs_geoscienceworld_org/data/filmstrip/3/img-30.png to /sitespeed.io/20251114_212547/pages/pubs_geoscienceworld_org/data/filmstrip/3/video-003566.png
02:38:12.223 - Renaming /sitespeed.io/20251114_212547/pages/pubs_geoscienceworld_org/data/filmstrip/3/img-31.png to /sitespeed.io/20251114_212547/pages/pubs_geoscienceworld_org/data/filmstrip/3/video-003600.png
02:38:12.223 - Renaming /sitespeed.io/20251114_212547/pages/pubs_geoscienceworld_org/data/filmstrip/3/img-32.png to /sitespeed.io/20251114_212547/pages/pubs_geoscienceworld_org/data/filmstrip/3/video-003633.png
02:38:12.223 - Renaming /sitespeed.io/20251114_212547/pages/pubs_geoscienceworld_org/data/filmstrip/3/img-33.png to /sitespeed.io/20251114_212547/pages/pubs_geoscienceworld_org/data/filmstrip/3/video-003700.png
02:38:12.223 - Renaming /sitespeed.io/20251114_212547/pages/pubs_geoscienceworld_org/data/filmstrip/3/img-34.png to /sitespeed.io/20251114_212547/pages/pubs_geoscienceworld_org/data/filmstrip/3/video-005766.png
02:38:12.223 - Renaming /sitespeed.io/20251114_212547/pages/pubs_geoscienceworld_org/data/filmstrip/3/img-35.png to /sitespeed.io/20251114_212547/pages/pubs_geoscienceworld_org/data/filmstrip/3/video-005800.png
02:38:12.223 - Renaming /sitespeed.io/20251114_212547/pages/pubs_geoscienceworld_org/data/filmstrip/3/img-36.png to /sitespeed.io/20251114_212547/pages/pubs_geoscienceworld_org/data/filmstrip/3/video-005833.png
02:38:12.223 - Renaming /sitespeed.io/20251114_212547/pages/pubs_geoscienceworld_org/data/filmstrip/3/img-37.png to /sitespeed.io/20251114_212547/pages/pubs_geoscienceworld_org/data/filmstrip/3/video-005866.png
02:38:12.223 - Renaming /sitespeed.io/20251114_212547/pages/pubs_geoscienceworld_org/data/filmstrip/3/img-38.png to /sitespeed.io/20251114_212547/pages/pubs_geoscienceworld_org/data/filmstrip/3/video-005900.png
02:38:12.224 - Renaming /sitespeed.io/20251114_212547/pages/pubs_geoscienceworld_org/data/filmstrip/3/img-39.png to /sitespeed.io/20251114_212547/pages/pubs_geoscienceworld_org/data/filmstrip/3/video-005933.png
02:38:12.224 - Renaming /sitespeed.io/20251114_212547/pages/pubs_geoscienceworld_org/data/filmstrip/3/img-40.png to /sitespeed.io/20251114_212547/pages/pubs_geoscienceworld_org/data/filmstrip/3/video-005966.png
02:38:12.224 - Renaming /sitespeed.io/20251114_212547/pages/pubs_geoscienceworld_org/data/filmstrip/3/img-41.png to /sitespeed.io/20251114_212547/pages/pubs_geoscienceworld_org/data/filmstrip/3/video-006000.png
02:38:12.224 - Renaming /sitespeed.io/20251114_212547/pages/pubs_geoscienceworld_org/data/filmstrip/3/img-42.png to /sitespeed.io/20251114_212547/pages/pubs_geoscienceworld_org/data/filmstrip/3/video-006033.png
02:38:12.224 - Renaming /sitespeed.io/20251114_212547/pages/pubs_geoscienceworld_org/data/filmstrip/3/img-43.png to /sitespeed.io/20251114_212547/pages/pubs_geoscienceworld_org/data/filmstrip/3/video-006066.png
02:38:12.224 - Renaming /sitespeed.io/20251114_212547/pages/pubs_geoscienceworld_org/data/filmstrip/3/img-44.png to /sitespeed.io/20251114_212547/pages/pubs_geoscienceworld_org/data/filmstrip/3/video-006100.png
02:38:12.224 - Renaming /sitespeed.io/20251114_212547/pages/pubs_geoscienceworld_org/data/filmstrip/3/img-45.png to /sitespeed.io/20251114_212547/pages/pubs_geoscienceworld_org/data/filmstrip/3/video-006200.png
02:38:12.224 - Renaming /sitespeed.io/20251114_212547/pages/pubs_geoscienceworld_org/data/filmstrip/3/img-46.png to /sitespeed.io/20251114_212547/pages/pubs_geoscienceworld_org/data/filmstrip/3/video-006233.png
02:38:12.224 - Renaming /sitespeed.io/20251114_212547/pages/pubs_geoscienceworld_org/data/filmstrip/3/img-47.png to /sitespeed.io/20251114_212547/pages/pubs_geoscienceworld_org/data/filmstrip/3/video-006333.png
02:38:12.224 - Renaming /sitespeed.io/20251114_212547/pages/pubs_geoscienceworld_org/data/filmstrip/3/img-48.png to /sitespeed.io/20251114_212547/pages/pubs_geoscienceworld_org/data/filmstrip/3/video-006366.png
02:38:12.224 - Renaming /sitespeed.io/20251114_212547/pages/pubs_geoscienceworld_org/data/filmstrip/3/img-49.png to /sitespeed.io/20251114_212547/pages/pubs_geoscienceworld_org/data/filmstrip/3/video-006466.png
02:38:12.224 - Renaming /sitespeed.io/20251114_212547/pages/pubs_geoscienceworld_org/data/filmstrip/3/img-50.png to /sitespeed.io/20251114_212547/pages/pubs_geoscienceworld_org/data/filmstrip/3/video-006633.png
02:38:12.224 - Renaming /sitespeed.io/20251114_212547/pages/pubs_geoscienceworld_org/data/filmstrip/3/img-51.png to /sitespeed.io/20251114_212547/pages/pubs_geoscienceworld_org/data/filmstrip/3/video-006733.png
02:38:12.224 - Renaming /sitespeed.io/20251114_212547/pages/pubs_geoscienceworld_org/data/filmstrip/3/img-52.png to /sitespeed.io/20251114_212547/pages/pubs_geoscienceworld_org/data/filmstrip/3/video-006766.png
02:38:12.224 - Renaming /sitespeed.io/20251114_212547/pages/pubs_geoscienceworld_org/data/filmstrip/3/img-53.png to /sitespeed.io/20251114_212547/pages/pubs_geoscienceworld_org/data/filmstrip/3/video-006933.png
02:38:12.224 - Renaming /sitespeed.io/20251114_212547/pages/pubs_geoscienceworld_org/data/filmstrip/3/img-54.png to /sitespeed.io/20251114_212547/pages/pubs_geoscienceworld_org/data/filmstrip/3/video-007066.png
02:38:12.224 - Renaming /sitespeed.io/20251114_212547/pages/pubs_geoscienceworld_org/data/filmstrip/3/img-55.png to /sitespeed.io/20251114_212547/pages/pubs_geoscienceworld_org/data/filmstrip/3/video-007100.png
02:38:12.224 - Renaming /sitespeed.io/20251114_212547/pages/pubs_geoscienceworld_org/data/filmstrip/3/img-56.png to /sitespeed.io/20251114_212547/pages/pubs_geoscienceworld_org/data/filmstrip/3/video-007133.png
02:38:12.225 - Renaming /sitespeed.io/20251114_212547/pages/pubs_geoscienceworld_org/data/filmstrip/3/img-57.png to /sitespeed.io/20251114_212547/pages/pubs_geoscienceworld_org/data/filmstrip/3/video-007200.png
02:38:12.225 - Renaming /sitespeed.io/20251114_212547/pages/pubs_geoscienceworld_org/data/filmstrip/3/img-58.png to /sitespeed.io/20251114_212547/pages/pubs_geoscienceworld_org/data/filmstrip/3/video-007333.png
02:38:12.225 - Renaming /sitespeed.io/20251114_212547/pages/pubs_geoscienceworld_org/data/filmstrip/3/img-59.png to /sitespeed.io/20251114_212547/pages/pubs_geoscienceworld_org/data/filmstrip/3/video-007366.png
02:38:12.225 - Renaming /sitespeed.io/20251114_212547/pages/pubs_geoscienceworld_org/data/filmstrip/3/img-60.png to /sitespeed.io/20251114_212547/pages/pubs_geoscienceworld_org/data/filmstrip/3/video-007400.png
02:38:12.225 - Renaming /sitespeed.io/20251114_212547/pages/pubs_geoscienceworld_org/data/filmstrip/3/img-61.png to /sitespeed.io/20251114_212547/pages/pubs_geoscienceworld_org/data/filmstrip/3/video-007433.png
02:38:12.225 - Renaming /sitespeed.io/20251114_212547/pages/pubs_geoscienceworld_org/data/filmstrip/3/img-62.png to /sitespeed.io/20251114_212547/pages/pubs_geoscienceworld_org/data/filmstrip/3/video-007500.png
02:38:12.225 - Renaming /sitespeed.io/20251114_212547/pages/pubs_geoscienceworld_org/data/filmstrip/3/img-63.png to /sitespeed.io/20251114_212547/pages/pubs_geoscienceworld_org/data/filmstrip/3/video-007533.png
02:38:12.225 - Renaming /sitespeed.io/20251114_212547/pages/pubs_geoscienceworld_org/data/filmstrip/3/img-64.png to /sitespeed.io/20251114_212547/pages/pubs_geoscienceworld_org/data/filmstrip/3/video-007566.png
02:38:12.225 - Renaming /sitespeed.io/20251114_212547/pages/pubs_geoscienceworld_org/data/filmstrip/3/img-65.png to /sitespeed.io/20251114_212547/pages/pubs_geoscienceworld_org/data/filmstrip/3/video-007733.png
02:38:12.225 - Renaming /sitespeed.io/20251114_212547/pages/pubs_geoscienceworld_org/data/filmstrip/3/img-66.png to /sitespeed.io/20251114_212547/pages/pubs_geoscienceworld_org/data/filmstrip/3/video-007866.png
02:38:12.225 - Renaming /sitespeed.io/20251114_212547/pages/pubs_geoscienceworld_org/data/filmstrip/3/img-67.png to /sitespeed.io/20251114_212547/pages/pubs_geoscienceworld_org/data/filmstrip/3/video-008000.png
02:38:12.225 - Scanning for non-orange frames...
02:38:12.226 - STREAM b'IHDR' 16 13
02:38:12.226 - STREAM b'pHYs' 41 9
02:38:12.226 - STREAM b'IDAT' 62 658
02:38:12.226 - STREAM b'IHDR' 16 13
02:38:12.226 - STREAM b'pHYs' 41 9
02:38:12.226 - STREAM b'IDAT' 62 658
02:38:12.227 - STREAM b'IHDR' 16 13
02:38:12.227 - STREAM b'IDAT' 41 535
02:38:12.229 - Scanning for orange frames...
02:38:12.229 - Removing Orange frame: /sitespeed.io/20251114_212547/pages/pubs_geoscienceworld_org/data/filmstrip/3/video-000000.png
02:38:12.229 - STREAM b'IHDR' 16 13
02:38:12.229 - STREAM b'pHYs' 41 9
02:38:12.229 - STREAM b'IDAT' 62 634
02:38:12.229 - STREAM b'IHDR' 16 13
02:38:12.229 - STREAM b'pHYs' 41 9
02:38:12.229 - STREAM b'IDAT' 62 634
02:38:12.230 - STREAM b'IHDR' 16 13
02:38:12.230 - STREAM b'IDAT' 41 535
02:38:12.231 - STREAM b'IHDR' 16 13
02:38:12.231 - STREAM b'pHYs' 41 9
02:38:12.231 - STREAM b'IDAT' 62 634
02:38:12.233 - STREAM b'IHDR' 16 13
02:38:12.233 - STREAM b'IDAT' 41 535
02:38:12.234 - STREAM b'IHDR' 16 13
02:38:12.234 - STREAM b'pHYs' 41 9
02:38:12.234 - STREAM b'IDAT' 62 634
02:38:12.235 - STREAM b'IHDR' 16 13
02:38:12.235 - STREAM b'IDAT' 41 535
02:38:12.235 - STREAM b'IHDR' 16 13
02:38:12.236 - STREAM b'pHYs' 41 9
02:38:12.236 - STREAM b'IDAT' 62 4096
02:38:12.236 - STREAM b'IHDR' 16 13
02:38:12.236 - STREAM b'pHYs' 41 9
02:38:12.236 - STREAM b'IDAT' 62 4096
02:38:12.237 - STREAM b'IHDR' 16 13
02:38:12.237 - STREAM b'IDAT' 41 535
02:38:12.238 - STREAM b'IHDR' 16 13
02:38:12.238 - STREAM b'pHYs' 41 9
02:38:12.238 - STREAM b'IDAT' 62 4096
02:38:12.239 - STREAM b'IHDR' 16 13
02:38:12.239 - STREAM b'IDAT' 41 535
02:38:12.240 - STREAM b'IHDR' 16 13
02:38:12.240 - STREAM b'pHYs' 41 9
02:38:12.240 - STREAM b'IDAT' 62 4096
02:38:12.241 - STREAM b'IHDR' 16 13
02:38:12.241 - STREAM b'IDAT' 41 535
02:38:12.242 - Finding Render Start...
02:38:12.242 - STREAM b'IHDR' 16 13
02:38:12.242 - STREAM b'pHYs' 41 9
02:38:12.242 - STREAM b'IDAT' 62 634
02:38:12.242 - STREAM b'IHDR' 16 13
02:38:12.242 - STREAM b'pHYs' 41 9
02:38:12.242 - STREAM b'IDAT' 62 634
02:38:12.242 - STREAM b'IHDR' 16 13
02:38:12.242 - STREAM b'pHYs' 41 9
02:38:12.242 - STREAM b'IDAT' 62 2651
02:38:12.247 - STREAM b'IHDR' 16 13
02:38:12.247 - STREAM b'pHYs' 41 9
02:38:12.247 - STREAM b'IDAT' 62 2651
02:38:12.247 - STREAM b'IHDR' 16 13
02:38:12.247 - STREAM b'pHYs' 41 9
02:38:12.247 - STREAM b'IDAT' 62 2651
02:38:12.248 - STREAM b'IHDR' 16 13
02:38:12.248 - STREAM b'IDAT' 41 535
02:38:12.249 - STREAM b'IHDR' 16 13
02:38:12.249 - STREAM b'pHYs' 41 9
02:38:12.249 - STREAM b'IDAT' 62 2651
02:38:12.250 - STREAM b'IHDR' 16 13
02:38:12.250 - STREAM b'IDAT' 41 535
02:38:12.250 - STREAM b'IHDR' 16 13
02:38:12.251 - STREAM b'pHYs' 41 9
02:38:12.251 - STREAM b'IDAT' 62 2651
02:38:12.251 - STREAM b'IHDR' 16 13
02:38:12.251 - STREAM b'IDAT' 41 535
02:38:12.254 - Eliminating Duplicate Frames...
02:38:12.254 - STREAM b'IHDR' 16 13
02:38:12.254 - STREAM b'pHYs' 41 9
02:38:12.254 - STREAM b'IDAT' 62 634
02:38:12.254 - Viewport cropping set to (W, H, L, T): (400, 170, 0, 0)
02:38:12.254 - STREAM b'IHDR' 16 13
02:38:12.254 - STREAM b'pHYs' 41 9
02:38:12.254 - STREAM b'IDAT' 62 634
02:38:12.254 - STREAM b'IHDR' 16 13
02:38:12.254 - STREAM b'pHYs' 41 9
02:38:12.254 - STREAM b'IDAT' 62 2651
02:38:12.258 - STREAM b'IHDR' 16 13
02:38:12.258 - STREAM b'pHYs' 41 9
02:38:12.258 - STREAM b'IDAT' 62 4096
02:38:12.258 - STREAM b'IHDR' 16 13
02:38:12.258 - STREAM b'pHYs' 41 9
02:38:12.258 - STREAM b'IDAT' 62 4096
02:38:12.261 - STREAM b'IHDR' 16 13
02:38:12.261 - STREAM b'pHYs' 41 9
02:38:12.261 - STREAM b'IDAT' 62 4096
02:38:12.262 - STREAM b'IHDR' 16 13
02:38:12.262 - STREAM b'pHYs' 41 9
02:38:12.262 - STREAM b'IDAT' 62 4096
02:38:12.265 - Removing duplicate frame /sitespeed.io/20251114_212547/pages/pubs_geoscienceworld_org/data/filmstrip/3/ms_006966.png from the end
02:38:12.265 - STREAM b'IHDR' 16 13
02:38:12.265 - STREAM b'pHYs' 41 9
02:38:12.265 - STREAM b'IDAT' 62 4096
02:38:12.265 - STREAM b'IHDR' 16 13
02:38:12.265 - STREAM b'pHYs' 41 9
02:38:12.265 - STREAM b'IDAT' 62 4096
02:38:12.269 - Removing duplicate frame /sitespeed.io/20251114_212547/pages/pubs_geoscienceworld_org/data/filmstrip/3/ms_006833.png from the end
02:38:12.269 - STREAM b'IHDR' 16 13
02:38:12.269 - STREAM b'pHYs' 41 9
02:38:12.269 - STREAM b'IDAT' 62 4096
02:38:12.269 - STREAM b'IHDR' 16 13
02:38:12.269 - STREAM b'pHYs' 41 9
02:38:12.269 - STREAM b'IDAT' 62 4096
02:38:12.273 - Removing duplicate frame /sitespeed.io/20251114_212547/pages/pubs_geoscienceworld_org/data/filmstrip/3/ms_006666.png from the end
02:38:12.273 - STREAM b'IHDR' 16 13
02:38:12.273 - STREAM b'pHYs' 41 9
02:38:12.273 - STREAM b'IDAT' 62 4096
02:38:12.273 - STREAM b'IHDR' 16 13
02:38:12.273 - STREAM b'pHYs' 41 9
02:38:12.273 - STREAM b'IDAT' 62 4096
02:38:12.276 - Removing duplicate frame /sitespeed.io/20251114_212547/pages/pubs_geoscienceworld_org/data/filmstrip/3/ms_006633.png from the end
02:38:12.276 - STREAM b'IHDR' 16 13
02:38:12.277 - STREAM b'pHYs' 41 9
02:38:12.277 - STREAM b'IDAT' 62 4096
02:38:12.277 - STREAM b'IHDR' 16 13
02:38:12.277 - STREAM b'pHYs' 41 9
02:38:12.277 - STREAM b'IDAT' 62 4096
02:38:12.280 - Removing duplicate frame /sitespeed.io/20251114_212547/pages/pubs_geoscienceworld_org/data/filmstrip/3/ms_006600.png from the end
02:38:12.280 - STREAM b'IHDR' 16 13
02:38:12.280 - STREAM b'pHYs' 41 9
02:38:12.280 - STREAM b'IDAT' 62 4096
02:38:12.280 - STREAM b'IHDR' 16 13
02:38:12.280 - STREAM b'pHYs' 41 9
02:38:12.280 - STREAM b'IDAT' 62 4096
02:38:12.284 - Removing duplicate frame /sitespeed.io/20251114_212547/pages/pubs_geoscienceworld_org/data/filmstrip/3/ms_006533.png from the end
02:38:12.284 - STREAM b'IHDR' 16 13
02:38:12.284 - STREAM b'pHYs' 41 9
02:38:12.284 - STREAM b'IDAT' 62 4096
02:38:12.284 - STREAM b'IHDR' 16 13
02:38:12.284 - STREAM b'pHYs' 41 9
02:38:12.284 - STREAM b'IDAT' 62 4096
02:38:12.288 - Removing duplicate frame /sitespeed.io/20251114_212547/pages/pubs_geoscienceworld_org/data/filmstrip/3/ms_006500.png from the end
02:38:12.288 - STREAM b'IHDR' 16 13
02:38:12.288 - STREAM b'pHYs' 41 9
02:38:12.288 - STREAM b'IDAT' 62 4096
02:38:12.288 - STREAM b'IHDR' 16 13
02:38:12.288 - STREAM b'pHYs' 41 9
02:38:12.288 - STREAM b'IDAT' 62 4096
02:38:12.292 - Removing duplicate frame /sitespeed.io/20251114_212547/pages/pubs_geoscienceworld_org/data/filmstrip/3/ms_006466.png from the end
02:38:12.292 - STREAM b'IHDR' 16 13
02:38:12.292 - STREAM b'pHYs' 41 9
02:38:12.292 - STREAM b'IDAT' 62 4096
02:38:12.292 - STREAM b'IHDR' 16 13
02:38:12.292 - STREAM b'pHYs' 41 9
02:38:12.292 - STREAM b'IDAT' 62 4096
02:38:12.295 - Removing duplicate frame /sitespeed.io/20251114_212547/pages/pubs_geoscienceworld_org/data/filmstrip/3/ms_006433.png from the end
02:38:12.295 - STREAM b'IHDR' 16 13
02:38:12.296 - STREAM b'pHYs' 41 9
02:38:12.296 - STREAM b'IDAT' 62 4096
02:38:12.296 - STREAM b'IHDR' 16 13
02:38:12.296 - STREAM b'pHYs' 41 9
02:38:12.296 - STREAM b'IDAT' 62 4096
02:38:12.299 - Removing duplicate frame /sitespeed.io/20251114_212547/pages/pubs_geoscienceworld_org/data/filmstrip/3/ms_006300.png from the end
02:38:12.299 - STREAM b'IHDR' 16 13
02:38:12.299 - STREAM b'pHYs' 41 9
02:38:12.299 - STREAM b'IDAT' 62 4096
02:38:12.299 - STREAM b'IHDR' 16 13
02:38:12.299 - STREAM b'pHYs' 41 9
02:38:12.299 - STREAM b'IDAT' 62 4096
02:38:12.303 - Removing duplicate frame /sitespeed.io/20251114_212547/pages/pubs_geoscienceworld_org/data/filmstrip/3/ms_006233.png from the end
02:38:12.303 - STREAM b'IHDR' 16 13
02:38:12.303 - STREAM b'pHYs' 41 9
02:38:12.303 - STREAM b'IDAT' 62 4096
02:38:12.303 - STREAM b'IHDR' 16 13
02:38:12.303 - STREAM b'pHYs' 41 9
02:38:12.303 - STREAM b'IDAT' 62 4096
02:38:12.307 - Removing duplicate frame /sitespeed.io/20251114_212547/pages/pubs_geoscienceworld_org/data/filmstrip/3/ms_006200.png from the end
02:38:12.307 - STREAM b'IHDR' 16 13
02:38:12.307 - STREAM b'pHYs' 41 9
02:38:12.307 - STREAM b'IDAT' 62 4096
02:38:12.307 - STREAM b'IHDR' 16 13
02:38:12.307 - STREAM b'pHYs' 41 9
02:38:12.307 - STREAM b'IDAT' 62 4096
02:38:12.311 - Removing duplicate frame /sitespeed.io/20251114_212547/pages/pubs_geoscienceworld_org/data/filmstrip/3/ms_006166.png from the end
02:38:12.311 - STREAM b'IHDR' 16 13
02:38:12.311 - STREAM b'pHYs' 41 9
02:38:12.311 - STREAM b'IDAT' 62 4096
02:38:12.311 - STREAM b'IHDR' 16 13
02:38:12.311 - STREAM b'pHYs' 41 9
02:38:12.311 - STREAM b'IDAT' 62 4096
02:38:12.314 - Removing duplicate frame /sitespeed.io/20251114_212547/pages/pubs_geoscienceworld_org/data/filmstrip/3/ms_006033.png from the end
02:38:12.315 - STREAM b'IHDR' 16 13
02:38:12.315 - STREAM b'pHYs' 41 9
02:38:12.315 - STREAM b'IDAT' 62 4096
02:38:12.315 - STREAM b'IHDR' 16 13
02:38:12.315 - STREAM b'pHYs' 41 9
02:38:12.315 - STREAM b'IDAT' 62 4096
02:38:12.319 - Removing duplicate frame /sitespeed.io/20251114_212547/pages/pubs_geoscienceworld_org/data/filmstrip/3/ms_005866.png from the end
02:38:12.319 - STREAM b'IHDR' 16 13
02:38:12.319 - STREAM b'pHYs' 41 9
02:38:12.319 - STREAM b'IDAT' 62 4096
02:38:12.319 - STREAM b'IHDR' 16 13
02:38:12.319 - STREAM b'pHYs' 41 9
02:38:12.319 - STREAM b'IDAT' 62 4096
02:38:12.323 - Removing duplicate frame /sitespeed.io/20251114_212547/pages/pubs_geoscienceworld_org/data/filmstrip/3/ms_005833.png from the end
02:38:12.323 - STREAM b'IHDR' 16 13
02:38:12.323 - STREAM b'pHYs' 41 9
02:38:12.323 - STREAM b'IDAT' 62 4096
02:38:12.323 - STREAM b'IHDR' 16 13
02:38:12.323 - STREAM b'pHYs' 41 9
02:38:12.323 - STREAM b'IDAT' 62 4096
02:38:12.327 - Removing duplicate frame /sitespeed.io/20251114_212547/pages/pubs_geoscienceworld_org/data/filmstrip/3/ms_005733.png from the end
02:38:12.327 - STREAM b'IHDR' 16 13
02:38:12.327 - STREAM b'pHYs' 41 9
02:38:12.327 - STREAM b'IDAT' 62 4096
02:38:12.327 - STREAM b'IHDR' 16 13
02:38:12.327 - STREAM b'pHYs' 41 9
02:38:12.327 - STREAM b'IDAT' 62 4096
02:38:12.331 - Removing duplicate frame /sitespeed.io/20251114_212547/pages/pubs_geoscienceworld_org/data/filmstrip/3/ms_005566.png from the end
02:38:12.331 - STREAM b'IHDR' 16 13
02:38:12.331 - STREAM b'pHYs' 41 9
02:38:12.331 - STREAM b'IDAT' 62 4096
02:38:12.331 - STREAM b'IHDR' 16 13
02:38:12.331 - STREAM b'pHYs' 41 9
02:38:12.331 - STREAM b'IDAT' 62 4096
02:38:12.335 - Removing duplicate frame /sitespeed.io/20251114_212547/pages/pubs_geoscienceworld_org/data/filmstrip/3/ms_005466.png from the end
02:38:12.335 - STREAM b'IHDR' 16 13
02:38:12.335 - STREAM b'pHYs' 41 9
02:38:12.335 - STREAM b'IDAT' 62 4096
02:38:12.335 - STREAM b'IHDR' 16 13
02:38:12.335 - STREAM b'pHYs' 41 9
02:38:12.335 - STREAM b'IDAT' 62 4096
02:38:12.339 - Removing duplicate frame /sitespeed.io/20251114_212547/pages/pubs_geoscienceworld_org/data/filmstrip/3/ms_005433.png from the end
02:38:12.339 - STREAM b'IHDR' 16 13
02:38:12.339 - STREAM b'pHYs' 41 9
02:38:12.339 - STREAM b'IDAT' 62 4096
02:38:12.339 - STREAM b'IHDR' 16 13
02:38:12.339 - STREAM b'pHYs' 41 9
02:38:12.339 - STREAM b'IDAT' 62 4096
02:38:12.343 - Removing duplicate frame /sitespeed.io/20251114_212547/pages/pubs_geoscienceworld_org/data/filmstrip/3/ms_005333.png from the end
02:38:12.343 - STREAM b'IHDR' 16 13
02:38:12.343 - STREAM b'pHYs' 41 9
02:38:12.343 - STREAM b'IDAT' 62 4096
02:38:12.343 - STREAM b'IHDR' 16 13
02:38:12.343 - STREAM b'pHYs' 41 9
02:38:12.343 - STREAM b'IDAT' 62 4096
02:38:12.346 - Removing duplicate frame /sitespeed.io/20251114_212547/pages/pubs_geoscienceworld_org/data/filmstrip/3/ms_005300.png from the end
02:38:12.346 - STREAM b'IHDR' 16 13
02:38:12.346 - STREAM b'pHYs' 41 9
02:38:12.346 - STREAM b'IDAT' 62 4096
02:38:12.346 - STREAM b'IHDR' 16 13
02:38:12.347 - STREAM b'pHYs' 41 9
02:38:12.347 - STREAM b'IDAT' 62 4096
02:38:12.350 - Removing duplicate frame /sitespeed.io/20251114_212547/pages/pubs_geoscienceworld_org/data/filmstrip/3/ms_005200.png from the end
02:38:12.350 - STREAM b'IHDR' 16 13
02:38:12.350 - STREAM b'pHYs' 41 9
02:38:12.350 - STREAM b'IDAT' 62 4096
02:38:12.350 - STREAM b'IHDR' 16 13
02:38:12.350 - STREAM b'pHYs' 41 9
02:38:12.350 - STREAM b'IDAT' 62 4096
02:38:12.354 - Removing duplicate frame /sitespeed.io/20251114_212547/pages/pubs_geoscienceworld_org/data/filmstrip/3/ms_007100.png from the end
02:38:12.362 - Calculating image histograms
02:38:12.362 - Calculating histogram for /sitespeed.io/20251114_212547/pages/pubs_geoscienceworld_org/data/filmstrip/3/ms_000000.png
02:38:12.362 - STREAM b'IHDR' 16 13
02:38:12.362 - STREAM b'pHYs' 41 9
02:38:12.362 - STREAM b'IDAT' 62 634
02:38:12.368 - Calculating histogram for /sitespeed.io/20251114_212547/pages/pubs_geoscienceworld_org/data/filmstrip/3/ms_001166.png
02:38:12.368 - STREAM b'IHDR' 16 13
02:38:12.368 - STREAM b'pHYs' 41 9
02:38:12.368 - STREAM b'IDAT' 62 2651
02:38:12.375 - Calculating histogram for /sitespeed.io/20251114_212547/pages/pubs_geoscienceworld_org/data/filmstrip/3/ms_001200.png
02:38:12.375 - STREAM b'IHDR' 16 13
02:38:12.375 - STREAM b'pHYs' 41 9
02:38:12.375 - STREAM b'IDAT' 62 4096
02:38:12.380 - Calculating histogram for /sitespeed.io/20251114_212547/pages/pubs_geoscienceworld_org/data/filmstrip/3/ms_001233.png
02:38:12.380 - STREAM b'IHDR' 16 13
02:38:12.380 - STREAM b'pHYs' 41 9
02:38:12.380 - STREAM b'IDAT' 62 4096
02:38:12.386 - Calculating histogram for /sitespeed.io/20251114_212547/pages/pubs_geoscienceworld_org/data/filmstrip/3/ms_001433.png
02:38:12.386 - STREAM b'IHDR' 16 13
02:38:12.386 - STREAM b'pHYs' 41 9
02:38:12.386 - STREAM b'IDAT' 62 4096
02:38:12.392 - Calculating histogram for /sitespeed.io/20251114_212547/pages/pubs_geoscienceworld_org/data/filmstrip/3/ms_001666.png
02:38:12.392 - STREAM b'IHDR' 16 13
02:38:12.392 - STREAM b'pHYs' 41 9
02:38:12.392 - STREAM b'IDAT' 62 4096
02:38:12.398 - Calculating histogram for /sitespeed.io/20251114_212547/pages/pubs_geoscienceworld_org/data/filmstrip/3/ms_001766.png
02:38:12.398 - STREAM b'IHDR' 16 13
02:38:12.398 - STREAM b'pHYs' 41 9
02:38:12.398 - STREAM b'IDAT' 62 4096
02:38:12.406 - Calculating histogram for /sitespeed.io/20251114_212547/pages/pubs_geoscienceworld_org/data/filmstrip/3/ms_001833.png
02:38:12.406 - STREAM b'IHDR' 16 13
02:38:12.406 - STREAM b'pHYs' 41 9
02:38:12.406 - STREAM b'IDAT' 62 4096
02:38:12.414 - Calculating histogram for /sitespeed.io/20251114_212547/pages/pubs_geoscienceworld_org/data/filmstrip/3/ms_001866.png
02:38:12.414 - STREAM b'IHDR' 16 13
02:38:12.414 - STREAM b'pHYs' 41 9
02:38:12.414 - STREAM b'IDAT' 62 4096
02:38:12.420 - Calculating histogram for /sitespeed.io/20251114_212547/pages/pubs_geoscienceworld_org/data/filmstrip/3/ms_002000.png
02:38:12.420 - STREAM b'IHDR' 16 13
02:38:12.420 - STREAM b'pHYs' 41 9
02:38:12.420 - STREAM b'IDAT' 62 4096
02:38:12.427 - Calculating histogram for /sitespeed.io/20251114_212547/pages/pubs_geoscienceworld_org/data/filmstrip/3/ms_002033.png
02:38:12.427 - STREAM b'IHDR' 16 13
02:38:12.427 - STREAM b'pHYs' 41 9
02:38:12.427 - STREAM b'IDAT' 62 4096
02:38:12.433 - Calculating histogram for /sitespeed.io/20251114_212547/pages/pubs_geoscienceworld_org/data/filmstrip/3/ms_002066.png
02:38:12.433 - STREAM b'IHDR' 16 13
02:38:12.433 - STREAM b'pHYs' 41 9
02:38:12.433 - STREAM b'IDAT' 62 4096
02:38:12.440 - Calculating histogram for /sitespeed.io/20251114_212547/pages/pubs_geoscienceworld_org/data/filmstrip/3/ms_002100.png
02:38:12.440 - STREAM b'IHDR' 16 13
02:38:12.440 - STREAM b'pHYs' 41 9
02:38:12.440 - STREAM b'IDAT' 62 4096
02:38:12.447 - Calculating histogram for /sitespeed.io/20251114_212547/pages/pubs_geoscienceworld_org/data/filmstrip/3/ms_002166.png
02:38:12.447 - STREAM b'IHDR' 16 13
02:38:12.447 - STREAM b'pHYs' 41 9
02:38:12.447 - STREAM b'IDAT' 62 4096
02:38:12.454 - Calculating histogram for /sitespeed.io/20251114_212547/pages/pubs_geoscienceworld_org/data/filmstrip/3/ms_002200.png
02:38:12.454 - STREAM b'IHDR' 16 13
02:38:12.454 - STREAM b'pHYs' 41 9
02:38:12.454 - STREAM b'IDAT' 62 4096
02:38:12.461 - Calculating histogram for /sitespeed.io/20251114_212547/pages/pubs_geoscienceworld_org/data/filmstrip/3/ms_002233.png
02:38:12.461 - STREAM b'IHDR' 16 13
02:38:12.461 - STREAM b'pHYs' 41 9
02:38:12.461 - STREAM b'IDAT' 62 4096
02:38:12.467 - Calculating histogram for /sitespeed.io/20251114_212547/pages/pubs_geoscienceworld_org/data/filmstrip/3/ms_002266.png
02:38:12.467 - STREAM b'IHDR' 16 13
02:38:12.467 - STREAM b'pHYs' 41 9
02:38:12.467 - STREAM b'IDAT' 62 4096
02:38:12.474 - Calculating histogram for /sitespeed.io/20251114_212547/pages/pubs_geoscienceworld_org/data/filmstrip/3/ms_002300.png
02:38:12.474 - STREAM b'IHDR' 16 13
02:38:12.474 - STREAM b'pHYs' 41 9
02:38:12.474 - STREAM b'IDAT' 62 4096
02:38:12.480 - Calculating histogram for /sitespeed.io/20251114_212547/pages/pubs_geoscienceworld_org/data/filmstrip/3/ms_002333.png
02:38:12.480 - STREAM b'IHDR' 16 13
02:38:12.480 - STREAM b'pHYs' 41 9
02:38:12.480 - STREAM b'IDAT' 62 4096
02:38:12.487 - Calculating histogram for /sitespeed.io/20251114_212547/pages/pubs_geoscienceworld_org/data/filmstrip/3/ms_002366.png
02:38:12.488 - STREAM b'IHDR' 16 13
02:38:12.488 - STREAM b'pHYs' 41 9
02:38:12.488 - STREAM b'IDAT' 62 4096
02:38:12.494 - Calculating histogram for /sitespeed.io/20251114_212547/pages/pubs_geoscienceworld_org/data/filmstrip/3/ms_002400.png
02:38:12.495 - STREAM b'IHDR' 16 13
02:38:12.495 - STREAM b'pHYs' 41 9
02:38:12.495 - STREAM b'IDAT' 62 4096
02:38:12.503 - Calculating histogram for /sitespeed.io/20251114_212547/pages/pubs_geoscienceworld_org/data/filmstrip/3/ms_002433.png
02:38:12.503 - STREAM b'IHDR' 16 13
02:38:12.504 - STREAM b'pHYs' 41 9
02:38:12.504 - STREAM b'IDAT' 62 4096
02:38:12.511 - Calculating histogram for /sitespeed.io/20251114_212547/pages/pubs_geoscienceworld_org/data/filmstrip/3/ms_002466.png
02:38:12.511 - STREAM b'IHDR' 16 13
02:38:12.511 - STREAM b'pHYs' 41 9
02:38:12.511 - STREAM b'IDAT' 62 4096
02:38:12.518 - Calculating histogram for /sitespeed.io/20251114_212547/pages/pubs_geoscienceworld_org/data/filmstrip/3/ms_002500.png
02:38:12.518 - STREAM b'IHDR' 16 13
02:38:12.518 - STREAM b'pHYs' 41 9
02:38:12.518 - STREAM b'IDAT' 62 4096
02:38:12.525 - Calculating histogram for /sitespeed.io/20251114_212547/pages/pubs_geoscienceworld_org/data/filmstrip/3/ms_002533.png
02:38:12.525 - STREAM b'IHDR' 16 13
02:38:12.525 - STREAM b'pHYs' 41 9
02:38:12.525 - STREAM b'IDAT' 62 4096
02:38:12.532 - Calculating histogram for /sitespeed.io/20251114_212547/pages/pubs_geoscienceworld_org/data/filmstrip/3/ms_002566.png
02:38:12.532 - STREAM b'IHDR' 16 13
02:38:12.532 - STREAM b'pHYs' 41 9
02:38:12.532 - STREAM b'IDAT' 62 4096
02:38:12.541 - Calculating histogram for /sitespeed.io/20251114_212547/pages/pubs_geoscienceworld_org/data/filmstrip/3/ms_002600.png
02:38:12.541 - STREAM b'IHDR' 16 13
02:38:12.541 - STREAM b'pHYs' 41 9
02:38:12.542 - STREAM b'IDAT' 62 4096
02:38:12.548 - Calculating histogram for /sitespeed.io/20251114_212547/pages/pubs_geoscienceworld_org/data/filmstrip/3/ms_002633.png
02:38:12.548 - STREAM b'IHDR' 16 13
02:38:12.548 - STREAM b'pHYs' 41 9
02:38:12.549 - STREAM b'IDAT' 62 4096
02:38:12.556 - Calculating histogram for /sitespeed.io/20251114_212547/pages/pubs_geoscienceworld_org/data/filmstrip/3/ms_002666.png
02:38:12.556 - STREAM b'IHDR' 16 13
02:38:12.556 - STREAM b'pHYs' 41 9
02:38:12.556 - STREAM b'IDAT' 62 4096
02:38:12.563 - Calculating histogram for /sitespeed.io/20251114_212547/pages/pubs_geoscienceworld_org/data/filmstrip/3/ms_002700.png
02:38:12.563 - STREAM b'IHDR' 16 13
02:38:12.563 - STREAM b'pHYs' 41 9
02:38:12.563 - STREAM b'IDAT' 62 4096
02:38:12.569 - Calculating histogram for /sitespeed.io/20251114_212547/pages/pubs_geoscienceworld_org/data/filmstrip/3/ms_002733.png
02:38:12.569 - STREAM b'IHDR' 16 13
02:38:12.569 - STREAM b'pHYs' 41 9
02:38:12.569 - STREAM b'IDAT' 62 4096
02:38:12.577 - Calculating histogram for /sitespeed.io/20251114_212547/pages/pubs_geoscienceworld_org/data/filmstrip/3/ms_002800.png
02:38:12.577 - STREAM b'IHDR' 16 13
02:38:12.577 - STREAM b'pHYs' 41 9
02:38:12.577 - STREAM b'IDAT' 62 4096
02:38:12.584 - Calculating histogram for /sitespeed.io/20251114_212547/pages/pubs_geoscienceworld_org/data/filmstrip/3/ms_004866.png
02:38:12.584 - STREAM b'IHDR' 16 13
02:38:12.584 - STREAM b'pHYs' 41 9
02:38:12.584 - STREAM b'IDAT' 62 4096
02:38:12.591 - Calculating histogram for /sitespeed.io/20251114_212547/pages/pubs_geoscienceworld_org/data/filmstrip/3/ms_004900.png
02:38:12.591 - STREAM b'IHDR' 16 13
02:38:12.591 - STREAM b'pHYs' 41 9
02:38:12.591 - STREAM b'IDAT' 62 4096
02:38:12.598 - Calculating histogram for /sitespeed.io/20251114_212547/pages/pubs_geoscienceworld_org/data/filmstrip/3/ms_004933.png
02:38:12.598 - STREAM b'IHDR' 16 13
02:38:12.598 - STREAM b'pHYs' 41 9
02:38:12.598 - STREAM b'IDAT' 62 4096
02:38:12.605 - Calculating histogram for /sitespeed.io/20251114_212547/pages/pubs_geoscienceworld_org/data/filmstrip/3/ms_004966.png
02:38:12.605 - STREAM b'IHDR' 16 13
02:38:12.605 - STREAM b'pHYs' 41 9
02:38:12.605 - STREAM b'IDAT' 62 4096
02:38:12.612 - Calculating histogram for /sitespeed.io/20251114_212547/pages/pubs_geoscienceworld_org/data/filmstrip/3/ms_005000.png
02:38:12.612 - STREAM b'IHDR' 16 13
02:38:12.612 - STREAM b'pHYs' 41 9
02:38:12.612 - STREAM b'IDAT' 62 4096
02:38:12.618 - Calculating histogram for /sitespeed.io/20251114_212547/pages/pubs_geoscienceworld_org/data/filmstrip/3/ms_005033.png
02:38:12.618 - STREAM b'IHDR' 16 13
02:38:12.618 - STREAM b'pHYs' 41 9
02:38:12.618 - STREAM b'IDAT' 62 4096
02:38:12.626 - Calculating histogram for /sitespeed.io/20251114_212547/pages/pubs_geoscienceworld_org/data/filmstrip/3/ms_005066.png
02:38:12.626 - STREAM b'IHDR' 16 13
02:38:12.626 - STREAM b'pHYs' 41 9
02:38:12.626 - STREAM b'IDAT' 62 4096
02:38:12.632 - Calculating histogram for /sitespeed.io/20251114_212547/pages/pubs_geoscienceworld_org/data/filmstrip/3/ms_005100.png
02:38:12.633 - STREAM b'IHDR' 16 13
02:38:12.633 - STREAM b'pHYs' 41 9
02:38:12.633 - STREAM b'IDAT' 62 4096
02:38:12.640 - Calculating histogram for /sitespeed.io/20251114_212547/pages/pubs_geoscienceworld_org/data/filmstrip/3/ms_005133.png
02:38:12.640 - STREAM b'IHDR' 16 13
02:38:12.640 - STREAM b'pHYs' 41 9
02:38:12.640 - STREAM b'IDAT' 62 4096
02:38:12.646 - Calculating histogram for /sitespeed.io/20251114_212547/pages/pubs_geoscienceworld_org/data/filmstrip/3/ms_005166.png
02:38:12.646 - STREAM b'IHDR' 16 13
02:38:12.646 - STREAM b'pHYs' 41 9
02:38:12.647 - STREAM b'IDAT' 62 4096
02:38:12.706 - Done calculating histograms
02:38:12.708 - 0ms - 0% Complete
02:38:12.708 - 1166ms - 3% Complete
02:38:12.709 - 1200ms - 4% Complete
02:38:12.709 - 1233ms - 4% Complete
02:38:12.709 - 1433ms - 4% Complete
02:38:12.709 - 1666ms - 7% Complete
02:38:12.709 - 1766ms - 9% Complete
02:38:12.710 - 1833ms - 9% Complete
02:38:12.710 - 1866ms - 9% Complete
02:38:12.710 - 2000ms - 10% Complete
02:38:12.710 - 2033ms - 14% Complete
02:38:12.710 - 2066ms - 14% Complete
02:38:12.710 - 2100ms - 14% Complete
02:38:12.711 - 2166ms - 14% Complete
02:38:12.711 - 2200ms - 14% Complete
02:38:12.711 - 2233ms - 14% Complete
02:38:12.711 - 2266ms - 15% Complete
02:38:12.711 - 2300ms - 16% Complete
02:38:12.712 - 2333ms - 16% Complete
02:38:12.712 - 2366ms - 15% Complete
02:38:12.712 - 2400ms - 15% Complete
02:38:12.712 - 2433ms - 16% Complete
02:38:12.712 - 2466ms - 16% Complete
02:38:12.712 - 2500ms - 16% Complete
02:38:12.713 - 2533ms - 17% Complete
02:38:12.713 - 2566ms - 16% Complete
02:38:12.713 - 2600ms - 16% Complete
02:38:12.713 - 2633ms - 17% Complete
02:38:12.713 - 2666ms - 16% Complete
02:38:12.714 - 2700ms - 16% Complete
02:38:12.714 - 2733ms - 17% Complete
02:38:12.714 - 2800ms - 16% Complete
02:38:12.714 - 4866ms - 16% Complete
02:38:12.714 - 4900ms - 19% Complete
02:38:12.715 - 4933ms - 53% Complete
02:38:12.715 - 4966ms - 92% Complete
02:38:12.715 - 5000ms - 94% Complete
02:38:12.715 - 5033ms - 98% Complete
02:38:12.715 - 5066ms - 97% Complete
02:38:12.715 - 5100ms - 98% Complete
02:38:12.716 - 5133ms - 98% Complete
02:38:12.716 - 5166ms - 100% Complete
02:38:12.716 - Hero elements file is not valid: None
02:38:12.716 - Converting video frames to JPEG
02:38:12.716 - STREAM b'IHDR' 16 13
02:38:12.716 - STREAM b'pHYs' 41 9
02:38:12.716 - STREAM b'IDAT' 62 634
02:38:12.716 - Unable to convert image to sRGB as there is no color profile to transform from.
02:38:12.717 - STREAM b'IHDR' 16 13
02:38:12.717 - STREAM b'pHYs' 41 9
02:38:12.717 - STREAM b'IDAT' 62 2651
02:38:12.717 - Unable to convert image to sRGB as there is no color profile to transform from.
02:38:12.718 - STREAM b'IHDR' 16 13
02:38:12.718 - STREAM b'pHYs' 41 9
02:38:12.718 - STREAM b'IDAT' 62 4096
02:38:12.718 - Unable to convert image to sRGB as there is no color profile to transform from.
02:38:12.719 - STREAM b'IHDR' 16 13
02:38:12.719 - STREAM b'pHYs' 41 9
02:38:12.719 - STREAM b'IDAT' 62 4096
02:38:12.719 - Unable to convert image to sRGB as there is no color profile to transform from.
02:38:12.720 - STREAM b'IHDR' 16 13
02:38:12.720 - STREAM b'pHYs' 41 9
02:38:12.720 - STREAM b'IDAT' 62 4096
02:38:12.720 - Unable to convert image to sRGB as there is no color profile to transform from.
02:38:12.721 - STREAM b'IHDR' 16 13
02:38:12.721 - STREAM b'pHYs' 41 9
02:38:12.721 - STREAM b'IDAT' 62 4096
02:38:12.721 - Unable to convert image to sRGB as there is no color profile to transform from.
02:38:12.722 - STREAM b'IHDR' 16 13
02:38:12.722 - STREAM b'pHYs' 41 9
02:38:12.722 - STREAM b'IDAT' 62 4096
02:38:12.722 - Unable to convert image to sRGB as there is no color profile to transform from.
02:38:12.723 - STREAM b'IHDR' 16 13
02:38:12.723 - STREAM b'pHYs' 41 9
02:38:12.723 - STREAM b'IDAT' 62 4096
02:38:12.723 - Unable to convert image to sRGB as there is no color profile to transform from.
02:38:12.724 - STREAM b'IHDR' 16 13
02:38:12.724 - STREAM b'pHYs' 41 9
02:38:12.724 - STREAM b'IDAT' 62 4096
02:38:12.724 - Unable to convert image to sRGB as there is no color profile to transform from.
02:38:12.724 - STREAM b'IHDR' 16 13
02:38:12.724 - STREAM b'pHYs' 41 9
02:38:12.724 - STREAM b'IDAT' 62 4096
02:38:12.725 - Unable to convert image to sRGB as there is no color profile to transform from.
02:38:12.725 - STREAM b'IHDR' 16 13
02:38:12.725 - STREAM b'pHYs' 41 9
02:38:12.725 - STREAM b'IDAT' 62 4096
02:38:12.725 - Unable to convert image to sRGB as there is no color profile to transform from.
02:38:12.726 - STREAM b'IHDR' 16 13
02:38:12.726 - STREAM b'pHYs' 41 9
02:38:12.726 - STREAM b'IDAT' 62 4096
02:38:12.726 - Unable to convert image to sRGB as there is no color profile to transform from.
02:38:12.727 - STREAM b'IHDR' 16 13
02:38:12.727 - STREAM b'pHYs' 41 9
02:38:12.727 - STREAM b'IDAT' 62 4096
02:38:12.727 - Unable to convert image to sRGB as there is no color profile to transform from.
02:38:12.728 - STREAM b'IHDR' 16 13
02:38:12.728 - STREAM b'pHYs' 41 9
02:38:12.728 - STREAM b'IDAT' 62 4096
02:38:12.728 - Unable to convert image to sRGB as there is no color profile to transform from.
02:38:12.729 - STREAM b'IHDR' 16 13
02:38:12.729 - STREAM b'pHYs' 41 9
02:38:12.729 - STREAM b'IDAT' 62 4096
02:38:12.729 - Unable to convert image to sRGB as there is no color profile to transform from.
02:38:12.730 - STREAM b'IHDR' 16 13
02:38:12.730 - STREAM b'pHYs' 41 9
02:38:12.730 - STREAM b'IDAT' 62 4096
02:38:12.730 - Unable to convert image to sRGB as there is no color profile to transform from.
02:38:12.731 - STREAM b'IHDR' 16 13
02:38:12.731 - STREAM b'pHYs' 41 9
02:38:12.731 - STREAM b'IDAT' 62 4096
02:38:12.731 - Unable to convert image to sRGB as there is no color profile to transform from.
02:38:12.732 - STREAM b'IHDR' 16 13
02:38:12.732 - STREAM b'pHYs' 41 9
02:38:12.732 - STREAM b'IDAT' 62 4096
02:38:12.733 - Unable to convert image to sRGB as there is no color profile to transform from.
02:38:12.734 - STREAM b'IHDR' 16 13
02:38:12.734 - STREAM b'pHYs' 41 9
02:38:12.734 - STREAM b'IDAT' 62 4096
02:38:12.734 - Unable to convert image to sRGB as there is no color profile to transform from.
02:38:12.735 - STREAM b'IHDR' 16 13
02:38:12.735 - STREAM b'pHYs' 41 9
02:38:12.735 - STREAM b'IDAT' 62 4096
02:38:12.735 - Unable to convert image to sRGB as there is no color profile to transform from.
02:38:12.736 - STREAM b'IHDR' 16 13
02:38:12.736 - STREAM b'pHYs' 41 9
02:38:12.736 - STREAM b'IDAT' 62 4096
02:38:12.736 - Unable to convert image to sRGB as there is no color profile to transform from.
02:38:12.737 - STREAM b'IHDR' 16 13
02:38:12.737 - STREAM b'pHYs' 41 9
02:38:12.737 - STREAM b'IDAT' 62 4096
02:38:12.737 - Unable to convert image to sRGB as there is no color profile to transform from.
02:38:12.738 - STREAM b'IHDR' 16 13
02:38:12.738 - STREAM b'pHYs' 41 9
02:38:12.738 - STREAM b'IDAT' 62 4096
02:38:12.738 - Unable to convert image to sRGB as there is no color profile to transform from.
02:38:12.739 - STREAM b'IHDR' 16 13
02:38:12.739 - STREAM b'pHYs' 41 9
02:38:12.739 - STREAM b'IDAT' 62 4096
02:38:12.739 - Unable to convert image to sRGB as there is no color profile to transform from.
02:38:12.740 - STREAM b'IHDR' 16 13
02:38:12.740 - STREAM b'pHYs' 41 9
02:38:12.740 - STREAM b'IDAT' 62 4096
02:38:12.740 - Unable to convert image to sRGB as there is no color profile to transform from.
02:38:12.741 - STREAM b'IHDR' 16 13
02:38:12.741 - STREAM b'pHYs' 41 9
02:38:12.741 - STREAM b'IDAT' 62 4096
02:38:12.741 - Unable to convert image to sRGB as there is no color profile to transform from.
02:38:12.742 - STREAM b'IHDR' 16 13
02:38:12.742 - STREAM b'pHYs' 41 9
02:38:12.742 - STREAM b'IDAT' 62 4096
02:38:12.742 - Unable to convert image to sRGB as there is no color profile to transform from.
02:38:12.743 - STREAM b'IHDR' 16 13
02:38:12.743 - STREAM b'pHYs' 41 9
02:38:12.743 - STREAM b'IDAT' 62 4096
02:38:12.743 - Unable to convert image to sRGB as there is no color profile to transform from.
02:38:12.744 - STREAM b'IHDR' 16 13
02:38:12.744 - STREAM b'pHYs' 41 9
02:38:12.744 - STREAM b'IDAT' 62 4096
02:38:12.744 - Unable to convert image to sRGB as there is no color profile to transform from.
02:38:12.745 - STREAM b'IHDR' 16 13
02:38:12.745 - STREAM b'pHYs' 41 9
02:38:12.745 - STREAM b'IDAT' 62 4096
02:38:12.745 - Unable to convert image to sRGB as there is no color profile to transform from.
02:38:12.746 - STREAM b'IHDR' 16 13
02:38:12.746 - STREAM b'pHYs' 41 9
02:38:12.746 - STREAM b'IDAT' 62 4096
02:38:12.746 - Unable to convert image to sRGB as there is no color profile to transform from.
02:38:12.747 - STREAM b'IHDR' 16 13
02:38:12.747 - STREAM b'pHYs' 41 9
02:38:12.747 - STREAM b'IDAT' 62 4096
02:38:12.747 - Unable to convert image to sRGB as there is no color profile to transform from.
02:38:12.748 - STREAM b'IHDR' 16 13
02:38:12.748 - STREAM b'pHYs' 41 9
02:38:12.748 - STREAM b'IDAT' 62 4096
02:38:12.748 - Unable to convert image to sRGB as there is no color profile to transform from.
02:38:12.749 - STREAM b'IHDR' 16 13
02:38:12.749 - STREAM b'pHYs' 41 9
02:38:12.749 - STREAM b'IDAT' 62 4096
02:38:12.749 - Unable to convert image to sRGB as there is no color profile to transform from.
02:38:12.750 - STREAM b'IHDR' 16 13
02:38:12.750 - STREAM b'pHYs' 41 9
02:38:12.750 - STREAM b'IDAT' 62 4096
02:38:12.750 - Unable to convert image to sRGB as there is no color profile to transform from.
02:38:12.751 - STREAM b'IHDR' 16 13
02:38:12.751 - STREAM b'pHYs' 41 9
02:38:12.751 - STREAM b'IDAT' 62 4096
02:38:12.751 - Unable to convert image to sRGB as there is no color profile to transform from.
02:38:12.752 - STREAM b'IHDR' 16 13
02:38:12.752 - STREAM b'pHYs' 41 9
02:38:12.752 - STREAM b'IDAT' 62 4096
02:38:12.752 - Unable to convert image to sRGB as there is no color profile to transform from.
02:38:12.753 - STREAM b'IHDR' 16 13
02:38:12.753 - STREAM b'pHYs' 41 9
02:38:12.753 - STREAM b'IDAT' 62 4096
02:38:12.753 - Unable to convert image to sRGB as there is no color profile to transform from.
02:38:12.754 - STREAM b'IHDR' 16 13
02:38:12.754 - STREAM b'pHYs' 41 9
02:38:12.754 - STREAM b'IDAT' 62 4096
02:38:12.754 - Unable to convert image to sRGB as there is no color profile to transform from.
02:38:12.755 - STREAM b'IHDR' 16 13
02:38:12.755 - STREAM b'pHYs' 41 9
02:38:12.755 - STREAM b'IDAT' 62 4096
02:38:12.755 - Unable to convert image to sRGB as there is no color profile to transform from.
02:38:12.756 - STREAM b'IHDR' 16 13
02:38:12.756 - STREAM b'pHYs' 41 9
02:38:12.756 - STREAM b'IDAT' 62 4096
02:38:12.756 - Unable to convert image to sRGB as there is no color profile to transform from.
02:38:12.757 - STREAM b'IHDR' 16 13
02:38:12.757 - STREAM b'pHYs' 41 9
02:38:12.757 - STREAM b'IDAT' 62 4096
02:38:12.757 - Unable to convert image to sRGB as there is no color profile to transform from.
02:38:12.758 - Done converting video frames to JPEG
