02:32:21.578 - FFMPEG found
02:32:21.578 - Python 3.6+ found
02:32:21.622 - Numpy found
02:32:21.644 - OpenCV-Python found
02:32:21.656 - Pillow found
02:32:21.909 - SSIM found
02:32:21.913 - Processing frames from video /sitespeed.io/20251114_212547/pages/scixplorer_org/search/query-81ef4d13/data/video/2.mp4 to /sitespeed.io/20251114_212547/pages/scixplorer_org/search/query-81ef4d13/data/filmstrip/2
02:32:21.913 - ['ffprobe', '/sitespeed.io/20251114_212547/pages/scixplorer_org/search/query-81ef4d13/data/video/2.mp4']
02:32:21.919 - Finding Video Viewport...
02:32:21.919 - Using frame 0
02:32:21.980 - STREAM b'IHDR' 16 13
02:32:21.981 - STREAM b'pHYs' 41 9
02:32:21.981 - STREAM b'IDAT' 62 4096
02:32:21.981 - /sitespeed.io/20251114_212547/pages/scixplorer_org/search/query-81ef4d13/data/filmstrip/2/viewport.png is 1366x708
02:32:21.981 - Finding the viewport for /sitespeed.io/20251114_212547/pages/scixplorer_org/search/query-81ef4d13/data/filmstrip/2/viewport.png
02:32:21.981 - STREAM b'IHDR' 16 13
02:32:21.981 - STREAM b'pHYs' 41 9
02:32:21.981 - STREAM b'IDAT' 62 4096
02:32:21.985 - Viewport left edge is 0
02:32:21.985 - Viewport right edge is 1363
02:32:21.985 - Viewport top edge is 88
02:32:21.986 - Viewport bottom edge is 704
02:32:21.997 - Extracting frames from /sitespeed.io/20251114_212547/pages/scixplorer_org/search/query-81ef4d13/data/video/2.mp4 to /sitespeed.io/20251114_212547/pages/scixplorer_org/search/query-81ef4d13/data/filmstrip/2
02:32:21.999 - ffmpeg -v debug -i /sitespeed.io/20251114_212547/pages/scixplorer_org/search/query-81ef4d13/data/video/2.mp4 -vsync 0 -vf crop=1363:616:0:88,scale=iw*min(400/iw\,400/ih):ih*min(400/iw\,400/ih),mpdecimate=0:64:640:0.001 /sitespeed.io/20251114_212547/pages/scixplorer_org/search/query-81ef4d13/data/filmstrip/2/img-%d.png
02:32:22.185 - Renaming /sitespeed.io/20251114_212547/pages/scixplorer_org/search/query-81ef4d13/data/filmstrip/2/img-1.png to /sitespeed.io/20251114_212547/pages/scixplorer_org/search/query-81ef4d13/data/filmstrip/2/video-000000.png
02:32:22.185 - Renaming /sitespeed.io/20251114_212547/pages/scixplorer_org/search/query-81ef4d13/data/filmstrip/2/img-2.png to /sitespeed.io/20251114_212547/pages/scixplorer_org/search/query-81ef4d13/data/filmstrip/2/video-000900.png
02:32:22.185 - Renaming /sitespeed.io/20251114_212547/pages/scixplorer_org/search/query-81ef4d13/data/filmstrip/2/img-3.png to /sitespeed.io/20251114_212547/pages/scixplorer_org/search/query-81ef4d13/data/filmstrip/2/video-001166.png
02:32:22.185 - Renaming /sitespeed.io/20251114_212547/pages/scixplorer_org/search/query-81ef4d13/data/filmstrip/2/img-4.png to /sitespeed.io/20251114_212547/pages/scixplorer_org/search/query-81ef4d13/data/filmstrip/2/video-001200.png
02:32:22.185 - Renaming /sitespeed.io/20251114_212547/pages/scixplorer_org/search/query-81ef4d13/data/filmstrip/2/img-5.png to /sitespeed.io/20251114_212547/pages/scixplorer_org/search/query-81ef4d13/data/filmstrip/2/video-001233.png
02:32:22.185 - Renaming /sitespeed.io/20251114_212547/pages/scixplorer_org/search/query-81ef4d13/data/filmstrip/2/img-6.png to /sitespeed.io/20251114_212547/pages/scixplorer_org/search/query-81ef4d13/data/filmstrip/2/video-001266.png
02:32:22.185 - Renaming /sitespeed.io/20251114_212547/pages/scixplorer_org/search/query-81ef4d13/data/filmstrip/2/img-7.png to /sitespeed.io/20251114_212547/pages/scixplorer_org/search/query-81ef4d13/data/filmstrip/2/video-001333.png
02:32:22.186 - Renaming /sitespeed.io/20251114_212547/pages/scixplorer_org/search/query-81ef4d13/data/filmstrip/2/img-8.png to /sitespeed.io/20251114_212547/pages/scixplorer_org/search/query-81ef4d13/data/filmstrip/2/video-001366.png
02:32:22.186 - Renaming /sitespeed.io/20251114_212547/pages/scixplorer_org/search/query-81ef4d13/data/filmstrip/2/img-9.png to /sitespeed.io/20251114_212547/pages/scixplorer_org/search/query-81ef4d13/data/filmstrip/2/video-001400.png
02:32:22.186 - Renaming /sitespeed.io/20251114_212547/pages/scixplorer_org/search/query-81ef4d13/data/filmstrip/2/img-10.png to /sitespeed.io/20251114_212547/pages/scixplorer_org/search/query-81ef4d13/data/filmstrip/2/video-001433.png
02:32:22.186 - Renaming /sitespeed.io/20251114_212547/pages/scixplorer_org/search/query-81ef4d13/data/filmstrip/2/img-11.png to /sitespeed.io/20251114_212547/pages/scixplorer_org/search/query-81ef4d13/data/filmstrip/2/video-001466.png
02:32:22.186 - Renaming /sitespeed.io/20251114_212547/pages/scixplorer_org/search/query-81ef4d13/data/filmstrip/2/img-12.png to /sitespeed.io/20251114_212547/pages/scixplorer_org/search/query-81ef4d13/data/filmstrip/2/video-001500.png
02:32:22.186 - Renaming /sitespeed.io/20251114_212547/pages/scixplorer_org/search/query-81ef4d13/data/filmstrip/2/img-13.png to /sitespeed.io/20251114_212547/pages/scixplorer_org/search/query-81ef4d13/data/filmstrip/2/video-001533.png
02:32:22.186 - Renaming /sitespeed.io/20251114_212547/pages/scixplorer_org/search/query-81ef4d13/data/filmstrip/2/img-14.png to /sitespeed.io/20251114_212547/pages/scixplorer_org/search/query-81ef4d13/data/filmstrip/2/video-001566.png
02:32:22.186 - Renaming /sitespeed.io/20251114_212547/pages/scixplorer_org/search/query-81ef4d13/data/filmstrip/2/img-15.png to /sitespeed.io/20251114_212547/pages/scixplorer_org/search/query-81ef4d13/data/filmstrip/2/video-001600.png
02:32:22.186 - Renaming /sitespeed.io/20251114_212547/pages/scixplorer_org/search/query-81ef4d13/data/filmstrip/2/img-16.png to /sitespeed.io/20251114_212547/pages/scixplorer_org/search/query-81ef4d13/data/filmstrip/2/video-001633.png
02:32:22.186 - Renaming /sitespeed.io/20251114_212547/pages/scixplorer_org/search/query-81ef4d13/data/filmstrip/2/img-17.png to /sitespeed.io/20251114_212547/pages/scixplorer_org/search/query-81ef4d13/data/filmstrip/2/video-001666.png
02:32:22.186 - Renaming /sitespeed.io/20251114_212547/pages/scixplorer_org/search/query-81ef4d13/data/filmstrip/2/img-18.png to /sitespeed.io/20251114_212547/pages/scixplorer_org/search/query-81ef4d13/data/filmstrip/2/video-001700.png
02:32:22.186 - Renaming /sitespeed.io/20251114_212547/pages/scixplorer_org/search/query-81ef4d13/data/filmstrip/2/img-19.png to /sitespeed.io/20251114_212547/pages/scixplorer_org/search/query-81ef4d13/data/filmstrip/2/video-001733.png
02:32:22.186 - Renaming /sitespeed.io/20251114_212547/pages/scixplorer_org/search/query-81ef4d13/data/filmstrip/2/img-20.png to /sitespeed.io/20251114_212547/pages/scixplorer_org/search/query-81ef4d13/data/filmstrip/2/video-001766.png
02:32:22.186 - Renaming /sitespeed.io/20251114_212547/pages/scixplorer_org/search/query-81ef4d13/data/filmstrip/2/img-21.png to /sitespeed.io/20251114_212547/pages/scixplorer_org/search/query-81ef4d13/data/filmstrip/2/video-001800.png
02:32:22.186 - Renaming /sitespeed.io/20251114_212547/pages/scixplorer_org/search/query-81ef4d13/data/filmstrip/2/img-22.png to /sitespeed.io/20251114_212547/pages/scixplorer_org/search/query-81ef4d13/data/filmstrip/2/video-001833.png
02:32:22.186 - Renaming /sitespeed.io/20251114_212547/pages/scixplorer_org/search/query-81ef4d13/data/filmstrip/2/img-23.png to /sitespeed.io/20251114_212547/pages/scixplorer_org/search/query-81ef4d13/data/filmstrip/2/video-001866.png
02:32:22.186 - Renaming /sitespeed.io/20251114_212547/pages/scixplorer_org/search/query-81ef4d13/data/filmstrip/2/img-24.png to /sitespeed.io/20251114_212547/pages/scixplorer_org/search/query-81ef4d13/data/filmstrip/2/video-001900.png
02:32:22.186 - Renaming /sitespeed.io/20251114_212547/pages/scixplorer_org/search/query-81ef4d13/data/filmstrip/2/img-25.png to /sitespeed.io/20251114_212547/pages/scixplorer_org/search/query-81ef4d13/data/filmstrip/2/video-001933.png
02:32:22.186 - Renaming /sitespeed.io/20251114_212547/pages/scixplorer_org/search/query-81ef4d13/data/filmstrip/2/img-26.png to /sitespeed.io/20251114_212547/pages/scixplorer_org/search/query-81ef4d13/data/filmstrip/2/video-001966.png
02:32:22.187 - Renaming /sitespeed.io/20251114_212547/pages/scixplorer_org/search/query-81ef4d13/data/filmstrip/2/img-27.png to /sitespeed.io/20251114_212547/pages/scixplorer_org/search/query-81ef4d13/data/filmstrip/2/video-002000.png
02:32:22.187 - Renaming /sitespeed.io/20251114_212547/pages/scixplorer_org/search/query-81ef4d13/data/filmstrip/2/img-28.png to /sitespeed.io/20251114_212547/pages/scixplorer_org/search/query-81ef4d13/data/filmstrip/2/video-002033.png
02:32:22.187 - Renaming /sitespeed.io/20251114_212547/pages/scixplorer_org/search/query-81ef4d13/data/filmstrip/2/img-29.png to /sitespeed.io/20251114_212547/pages/scixplorer_org/search/query-81ef4d13/data/filmstrip/2/video-002066.png
02:32:22.187 - Renaming /sitespeed.io/20251114_212547/pages/scixplorer_org/search/query-81ef4d13/data/filmstrip/2/img-30.png to /sitespeed.io/20251114_212547/pages/scixplorer_org/search/query-81ef4d13/data/filmstrip/2/video-002100.png
02:32:22.187 - Renaming /sitespeed.io/20251114_212547/pages/scixplorer_org/search/query-81ef4d13/data/filmstrip/2/img-31.png to /sitespeed.io/20251114_212547/pages/scixplorer_org/search/query-81ef4d13/data/filmstrip/2/video-002133.png
02:32:22.187 - Renaming /sitespeed.io/20251114_212547/pages/scixplorer_org/search/query-81ef4d13/data/filmstrip/2/img-32.png to /sitespeed.io/20251114_212547/pages/scixplorer_org/search/query-81ef4d13/data/filmstrip/2/video-002166.png
02:32:22.187 - Renaming /sitespeed.io/20251114_212547/pages/scixplorer_org/search/query-81ef4d13/data/filmstrip/2/img-33.png to /sitespeed.io/20251114_212547/pages/scixplorer_org/search/query-81ef4d13/data/filmstrip/2/video-002200.png
02:32:22.187 - Renaming /sitespeed.io/20251114_212547/pages/scixplorer_org/search/query-81ef4d13/data/filmstrip/2/img-34.png to /sitespeed.io/20251114_212547/pages/scixplorer_org/search/query-81ef4d13/data/filmstrip/2/video-002233.png
02:32:22.187 - Renaming /sitespeed.io/20251114_212547/pages/scixplorer_org/search/query-81ef4d13/data/filmstrip/2/img-35.png to /sitespeed.io/20251114_212547/pages/scixplorer_org/search/query-81ef4d13/data/filmstrip/2/video-002266.png
02:32:22.187 - Renaming /sitespeed.io/20251114_212547/pages/scixplorer_org/search/query-81ef4d13/data/filmstrip/2/img-36.png to /sitespeed.io/20251114_212547/pages/scixplorer_org/search/query-81ef4d13/data/filmstrip/2/video-002300.png
02:32:22.187 - Renaming /sitespeed.io/20251114_212547/pages/scixplorer_org/search/query-81ef4d13/data/filmstrip/2/img-37.png to /sitespeed.io/20251114_212547/pages/scixplorer_org/search/query-81ef4d13/data/filmstrip/2/video-002333.png
02:32:22.187 - Renaming /sitespeed.io/20251114_212547/pages/scixplorer_org/search/query-81ef4d13/data/filmstrip/2/img-38.png to /sitespeed.io/20251114_212547/pages/scixplorer_org/search/query-81ef4d13/data/filmstrip/2/video-002366.png
02:32:22.187 - Renaming /sitespeed.io/20251114_212547/pages/scixplorer_org/search/query-81ef4d13/data/filmstrip/2/img-39.png to /sitespeed.io/20251114_212547/pages/scixplorer_org/search/query-81ef4d13/data/filmstrip/2/video-002400.png
02:32:22.187 - Renaming /sitespeed.io/20251114_212547/pages/scixplorer_org/search/query-81ef4d13/data/filmstrip/2/img-40.png to /sitespeed.io/20251114_212547/pages/scixplorer_org/search/query-81ef4d13/data/filmstrip/2/video-002433.png
02:32:22.187 - Renaming /sitespeed.io/20251114_212547/pages/scixplorer_org/search/query-81ef4d13/data/filmstrip/2/img-41.png to /sitespeed.io/20251114_212547/pages/scixplorer_org/search/query-81ef4d13/data/filmstrip/2/video-002466.png
02:32:22.187 - Renaming /sitespeed.io/20251114_212547/pages/scixplorer_org/search/query-81ef4d13/data/filmstrip/2/img-42.png to /sitespeed.io/20251114_212547/pages/scixplorer_org/search/query-81ef4d13/data/filmstrip/2/video-002500.png
02:32:22.187 - Renaming /sitespeed.io/20251114_212547/pages/scixplorer_org/search/query-81ef4d13/data/filmstrip/2/img-43.png to /sitespeed.io/20251114_212547/pages/scixplorer_org/search/query-81ef4d13/data/filmstrip/2/video-002533.png
02:32:22.187 - Renaming /sitespeed.io/20251114_212547/pages/scixplorer_org/search/query-81ef4d13/data/filmstrip/2/img-44.png to /sitespeed.io/20251114_212547/pages/scixplorer_org/search/query-81ef4d13/data/filmstrip/2/video-002566.png
02:32:22.187 - Renaming /sitespeed.io/20251114_212547/pages/scixplorer_org/search/query-81ef4d13/data/filmstrip/2/img-45.png to /sitespeed.io/20251114_212547/pages/scixplorer_org/search/query-81ef4d13/data/filmstrip/2/video-002600.png
02:32:22.187 - Renaming /sitespeed.io/20251114_212547/pages/scixplorer_org/search/query-81ef4d13/data/filmstrip/2/img-46.png to /sitespeed.io/20251114_212547/pages/scixplorer_org/search/query-81ef4d13/data/filmstrip/2/video-002666.png
02:32:22.188 - Renaming /sitespeed.io/20251114_212547/pages/scixplorer_org/search/query-81ef4d13/data/filmstrip/2/img-47.png to /sitespeed.io/20251114_212547/pages/scixplorer_org/search/query-81ef4d13/data/filmstrip/2/video-002700.png
02:32:22.188 - Renaming /sitespeed.io/20251114_212547/pages/scixplorer_org/search/query-81ef4d13/data/filmstrip/2/img-48.png to /sitespeed.io/20251114_212547/pages/scixplorer_org/search/query-81ef4d13/data/filmstrip/2/video-002733.png
02:32:22.188 - Renaming /sitespeed.io/20251114_212547/pages/scixplorer_org/search/query-81ef4d13/data/filmstrip/2/img-49.png to /sitespeed.io/20251114_212547/pages/scixplorer_org/search/query-81ef4d13/data/filmstrip/2/video-002766.png
02:32:22.188 - Renaming /sitespeed.io/20251114_212547/pages/scixplorer_org/search/query-81ef4d13/data/filmstrip/2/img-50.png to /sitespeed.io/20251114_212547/pages/scixplorer_org/search/query-81ef4d13/data/filmstrip/2/video-002800.png
02:32:22.188 - Renaming /sitespeed.io/20251114_212547/pages/scixplorer_org/search/query-81ef4d13/data/filmstrip/2/img-51.png to /sitespeed.io/20251114_212547/pages/scixplorer_org/search/query-81ef4d13/data/filmstrip/2/video-002833.png
02:32:22.188 - Renaming /sitespeed.io/20251114_212547/pages/scixplorer_org/search/query-81ef4d13/data/filmstrip/2/img-52.png to /sitespeed.io/20251114_212547/pages/scixplorer_org/search/query-81ef4d13/data/filmstrip/2/video-002866.png
02:32:22.188 - Renaming /sitespeed.io/20251114_212547/pages/scixplorer_org/search/query-81ef4d13/data/filmstrip/2/img-53.png to /sitespeed.io/20251114_212547/pages/scixplorer_org/search/query-81ef4d13/data/filmstrip/2/video-002900.png
02:32:22.188 - Renaming /sitespeed.io/20251114_212547/pages/scixplorer_org/search/query-81ef4d13/data/filmstrip/2/img-54.png to /sitespeed.io/20251114_212547/pages/scixplorer_org/search/query-81ef4d13/data/filmstrip/2/video-002933.png
02:32:22.188 - Renaming /sitespeed.io/20251114_212547/pages/scixplorer_org/search/query-81ef4d13/data/filmstrip/2/img-55.png to /sitespeed.io/20251114_212547/pages/scixplorer_org/search/query-81ef4d13/data/filmstrip/2/video-002966.png
02:32:22.188 - Renaming /sitespeed.io/20251114_212547/pages/scixplorer_org/search/query-81ef4d13/data/filmstrip/2/img-56.png to /sitespeed.io/20251114_212547/pages/scixplorer_org/search/query-81ef4d13/data/filmstrip/2/video-003000.png
02:32:22.188 - Renaming /sitespeed.io/20251114_212547/pages/scixplorer_org/search/query-81ef4d13/data/filmstrip/2/img-57.png to /sitespeed.io/20251114_212547/pages/scixplorer_org/search/query-81ef4d13/data/filmstrip/2/video-003033.png
02:32:22.188 - Renaming /sitespeed.io/20251114_212547/pages/scixplorer_org/search/query-81ef4d13/data/filmstrip/2/img-58.png to /sitespeed.io/20251114_212547/pages/scixplorer_org/search/query-81ef4d13/data/filmstrip/2/video-003066.png
02:32:22.188 - Renaming /sitespeed.io/20251114_212547/pages/scixplorer_org/search/query-81ef4d13/data/filmstrip/2/img-59.png to /sitespeed.io/20251114_212547/pages/scixplorer_org/search/query-81ef4d13/data/filmstrip/2/video-003100.png
02:32:22.188 - Renaming /sitespeed.io/20251114_212547/pages/scixplorer_org/search/query-81ef4d13/data/filmstrip/2/img-60.png to /sitespeed.io/20251114_212547/pages/scixplorer_org/search/query-81ef4d13/data/filmstrip/2/video-003133.png
02:32:22.189 - Renaming /sitespeed.io/20251114_212547/pages/scixplorer_org/search/query-81ef4d13/data/filmstrip/2/img-61.png to /sitespeed.io/20251114_212547/pages/scixplorer_org/search/query-81ef4d13/data/filmstrip/2/video-003166.png
02:32:22.189 - Renaming /sitespeed.io/20251114_212547/pages/scixplorer_org/search/query-81ef4d13/data/filmstrip/2/img-62.png to /sitespeed.io/20251114_212547/pages/scixplorer_org/search/query-81ef4d13/data/filmstrip/2/video-003200.png
02:32:22.189 - Renaming /sitespeed.io/20251114_212547/pages/scixplorer_org/search/query-81ef4d13/data/filmstrip/2/img-63.png to /sitespeed.io/20251114_212547/pages/scixplorer_org/search/query-81ef4d13/data/filmstrip/2/video-003233.png
02:32:22.189 - Renaming /sitespeed.io/20251114_212547/pages/scixplorer_org/search/query-81ef4d13/data/filmstrip/2/img-64.png to /sitespeed.io/20251114_212547/pages/scixplorer_org/search/query-81ef4d13/data/filmstrip/2/video-003266.png
02:32:22.189 - Renaming /sitespeed.io/20251114_212547/pages/scixplorer_org/search/query-81ef4d13/data/filmstrip/2/img-65.png to /sitespeed.io/20251114_212547/pages/scixplorer_org/search/query-81ef4d13/data/filmstrip/2/video-003300.png
02:32:22.189 - Renaming /sitespeed.io/20251114_212547/pages/scixplorer_org/search/query-81ef4d13/data/filmstrip/2/img-66.png to /sitespeed.io/20251114_212547/pages/scixplorer_org/search/query-81ef4d13/data/filmstrip/2/video-003333.png
02:32:22.189 - Renaming /sitespeed.io/20251114_212547/pages/scixplorer_org/search/query-81ef4d13/data/filmstrip/2/img-67.png to /sitespeed.io/20251114_212547/pages/scixplorer_org/search/query-81ef4d13/data/filmstrip/2/video-003366.png
02:32:22.189 - Renaming /sitespeed.io/20251114_212547/pages/scixplorer_org/search/query-81ef4d13/data/filmstrip/2/img-68.png to /sitespeed.io/20251114_212547/pages/scixplorer_org/search/query-81ef4d13/data/filmstrip/2/video-003400.png
02:32:22.189 - Renaming /sitespeed.io/20251114_212547/pages/scixplorer_org/search/query-81ef4d13/data/filmstrip/2/img-69.png to /sitespeed.io/20251114_212547/pages/scixplorer_org/search/query-81ef4d13/data/filmstrip/2/video-003433.png
02:32:22.189 - Renaming /sitespeed.io/20251114_212547/pages/scixplorer_org/search/query-81ef4d13/data/filmstrip/2/img-70.png to /sitespeed.io/20251114_212547/pages/scixplorer_org/search/query-81ef4d13/data/filmstrip/2/video-003466.png
02:32:22.189 - Renaming /sitespeed.io/20251114_212547/pages/scixplorer_org/search/query-81ef4d13/data/filmstrip/2/img-71.png to /sitespeed.io/20251114_212547/pages/scixplorer_org/search/query-81ef4d13/data/filmstrip/2/video-003500.png
02:32:22.189 - Renaming /sitespeed.io/20251114_212547/pages/scixplorer_org/search/query-81ef4d13/data/filmstrip/2/img-72.png to /sitespeed.io/20251114_212547/pages/scixplorer_org/search/query-81ef4d13/data/filmstrip/2/video-003533.png
02:32:22.189 - Renaming /sitespeed.io/20251114_212547/pages/scixplorer_org/search/query-81ef4d13/data/filmstrip/2/img-73.png to /sitespeed.io/20251114_212547/pages/scixplorer_org/search/query-81ef4d13/data/filmstrip/2/video-003566.png
02:32:22.189 - Renaming /sitespeed.io/20251114_212547/pages/scixplorer_org/search/query-81ef4d13/data/filmstrip/2/img-74.png to /sitespeed.io/20251114_212547/pages/scixplorer_org/search/query-81ef4d13/data/filmstrip/2/video-003600.png
02:32:22.189 - Renaming /sitespeed.io/20251114_212547/pages/scixplorer_org/search/query-81ef4d13/data/filmstrip/2/img-75.png to /sitespeed.io/20251114_212547/pages/scixplorer_org/search/query-81ef4d13/data/filmstrip/2/video-003633.png
02:32:22.189 - Renaming /sitespeed.io/20251114_212547/pages/scixplorer_org/search/query-81ef4d13/data/filmstrip/2/img-76.png to /sitespeed.io/20251114_212547/pages/scixplorer_org/search/query-81ef4d13/data/filmstrip/2/video-003666.png
02:32:22.190 - Renaming /sitespeed.io/20251114_212547/pages/scixplorer_org/search/query-81ef4d13/data/filmstrip/2/img-77.png to /sitespeed.io/20251114_212547/pages/scixplorer_org/search/query-81ef4d13/data/filmstrip/2/video-003700.png
02:32:22.190 - Renaming /sitespeed.io/20251114_212547/pages/scixplorer_org/search/query-81ef4d13/data/filmstrip/2/img-78.png to /sitespeed.io/20251114_212547/pages/scixplorer_org/search/query-81ef4d13/data/filmstrip/2/video-003733.png
02:32:22.190 - Renaming /sitespeed.io/20251114_212547/pages/scixplorer_org/search/query-81ef4d13/data/filmstrip/2/img-79.png to /sitespeed.io/20251114_212547/pages/scixplorer_org/search/query-81ef4d13/data/filmstrip/2/video-003766.png
02:32:22.190 - Renaming /sitespeed.io/20251114_212547/pages/scixplorer_org/search/query-81ef4d13/data/filmstrip/2/img-80.png to /sitespeed.io/20251114_212547/pages/scixplorer_org/search/query-81ef4d13/data/filmstrip/2/video-003800.png
02:32:22.190 - Renaming /sitespeed.io/20251114_212547/pages/scixplorer_org/search/query-81ef4d13/data/filmstrip/2/img-81.png to /sitespeed.io/20251114_212547/pages/scixplorer_org/search/query-81ef4d13/data/filmstrip/2/video-003833.png
02:32:22.190 - Renaming /sitespeed.io/20251114_212547/pages/scixplorer_org/search/query-81ef4d13/data/filmstrip/2/img-82.png to /sitespeed.io/20251114_212547/pages/scixplorer_org/search/query-81ef4d13/data/filmstrip/2/video-003866.png
02:32:22.190 - Renaming /sitespeed.io/20251114_212547/pages/scixplorer_org/search/query-81ef4d13/data/filmstrip/2/img-83.png to /sitespeed.io/20251114_212547/pages/scixplorer_org/search/query-81ef4d13/data/filmstrip/2/video-003900.png
02:32:22.190 - Renaming /sitespeed.io/20251114_212547/pages/scixplorer_org/search/query-81ef4d13/data/filmstrip/2/img-84.png to /sitespeed.io/20251114_212547/pages/scixplorer_org/search/query-81ef4d13/data/filmstrip/2/video-003933.png
02:32:22.190 - Renaming /sitespeed.io/20251114_212547/pages/scixplorer_org/search/query-81ef4d13/data/filmstrip/2/img-85.png to /sitespeed.io/20251114_212547/pages/scixplorer_org/search/query-81ef4d13/data/filmstrip/2/video-003966.png
02:32:22.190 - Renaming /sitespeed.io/20251114_212547/pages/scixplorer_org/search/query-81ef4d13/data/filmstrip/2/img-86.png to /sitespeed.io/20251114_212547/pages/scixplorer_org/search/query-81ef4d13/data/filmstrip/2/video-004000.png
02:32:22.190 - Renaming /sitespeed.io/20251114_212547/pages/scixplorer_org/search/query-81ef4d13/data/filmstrip/2/img-87.png to /sitespeed.io/20251114_212547/pages/scixplorer_org/search/query-81ef4d13/data/filmstrip/2/video-004033.png
02:32:22.190 - Renaming /sitespeed.io/20251114_212547/pages/scixplorer_org/search/query-81ef4d13/data/filmstrip/2/img-88.png to /sitespeed.io/20251114_212547/pages/scixplorer_org/search/query-81ef4d13/data/filmstrip/2/video-004066.png
02:32:22.190 - Renaming /sitespeed.io/20251114_212547/pages/scixplorer_org/search/query-81ef4d13/data/filmstrip/2/img-89.png to /sitespeed.io/20251114_212547/pages/scixplorer_org/search/query-81ef4d13/data/filmstrip/2/video-004100.png
02:32:22.190 - Renaming /sitespeed.io/20251114_212547/pages/scixplorer_org/search/query-81ef4d13/data/filmstrip/2/img-90.png to /sitespeed.io/20251114_212547/pages/scixplorer_org/search/query-81ef4d13/data/filmstrip/2/video-004133.png
02:32:22.190 - Renaming /sitespeed.io/20251114_212547/pages/scixplorer_org/search/query-81ef4d13/data/filmstrip/2/img-91.png to /sitespeed.io/20251114_212547/pages/scixplorer_org/search/query-81ef4d13/data/filmstrip/2/video-004166.png
02:32:22.190 - Renaming /sitespeed.io/20251114_212547/pages/scixplorer_org/search/query-81ef4d13/data/filmstrip/2/img-92.png to /sitespeed.io/20251114_212547/pages/scixplorer_org/search/query-81ef4d13/data/filmstrip/2/video-004200.png
02:32:22.191 - Renaming /sitespeed.io/20251114_212547/pages/scixplorer_org/search/query-81ef4d13/data/filmstrip/2/img-93.png to /sitespeed.io/20251114_212547/pages/scixplorer_org/search/query-81ef4d13/data/filmstrip/2/video-004233.png
02:32:22.191 - Renaming /sitespeed.io/20251114_212547/pages/scixplorer_org/search/query-81ef4d13/data/filmstrip/2/img-94.png to /sitespeed.io/20251114_212547/pages/scixplorer_org/search/query-81ef4d13/data/filmstrip/2/video-004633.png
02:32:22.191 - Renaming /sitespeed.io/20251114_212547/pages/scixplorer_org/search/query-81ef4d13/data/filmstrip/2/img-95.png to /sitespeed.io/20251114_212547/pages/scixplorer_org/search/query-81ef4d13/data/filmstrip/2/video-005233.png
02:32:22.191 - Renaming /sitespeed.io/20251114_212547/pages/scixplorer_org/search/query-81ef4d13/data/filmstrip/2/img-96.png to /sitespeed.io/20251114_212547/pages/scixplorer_org/search/query-81ef4d13/data/filmstrip/2/video-005833.png
02:32:22.191 - Renaming /sitespeed.io/20251114_212547/pages/scixplorer_org/search/query-81ef4d13/data/filmstrip/2/img-97.png to /sitespeed.io/20251114_212547/pages/scixplorer_org/search/query-81ef4d13/data/filmstrip/2/video-006433.png
02:32:22.191 - Renaming /sitespeed.io/20251114_212547/pages/scixplorer_org/search/query-81ef4d13/data/filmstrip/2/img-98.png to /sitespeed.io/20251114_212547/pages/scixplorer_org/search/query-81ef4d13/data/filmstrip/2/video-007033.png
02:32:22.191 - Renaming /sitespeed.io/20251114_212547/pages/scixplorer_org/search/query-81ef4d13/data/filmstrip/2/img-99.png to /sitespeed.io/20251114_212547/pages/scixplorer_org/search/query-81ef4d13/data/filmstrip/2/video-007633.png
02:32:22.191 - Renaming /sitespeed.io/20251114_212547/pages/scixplorer_org/search/query-81ef4d13/data/filmstrip/2/img-100.png to /sitespeed.io/20251114_212547/pages/scixplorer_org/search/query-81ef4d13/data/filmstrip/2/video-008233.png
02:32:22.191 - Renaming /sitespeed.io/20251114_212547/pages/scixplorer_org/search/query-81ef4d13/data/filmstrip/2/img-101.png to /sitespeed.io/20251114_212547/pages/scixplorer_org/search/query-81ef4d13/data/filmstrip/2/video-008333.png
02:32:22.191 - Renaming /sitespeed.io/20251114_212547/pages/scixplorer_org/search/query-81ef4d13/data/filmstrip/2/img-102.png to /sitespeed.io/20251114_212547/pages/scixplorer_org/search/query-81ef4d13/data/filmstrip/2/video-008366.png
02:32:22.191 - Renaming /sitespeed.io/20251114_212547/pages/scixplorer_org/search/query-81ef4d13/data/filmstrip/2/img-103.png to /sitespeed.io/20251114_212547/pages/scixplorer_org/search/query-81ef4d13/data/filmstrip/2/video-008466.png
02:32:22.191 - Renaming /sitespeed.io/20251114_212547/pages/scixplorer_org/search/query-81ef4d13/data/filmstrip/2/img-104.png to /sitespeed.io/20251114_212547/pages/scixplorer_org/search/query-81ef4d13/data/filmstrip/2/video-008833.png
02:32:22.192 - Scanning for non-orange frames...
02:32:22.192 - STREAM b'IHDR' 16 13
02:32:22.192 - STREAM b'pHYs' 41 9
02:32:22.192 - STREAM b'IDAT' 62 658
02:32:22.192 - STREAM b'IHDR' 16 13
02:32:22.192 - STREAM b'pHYs' 41 9
02:32:22.192 - STREAM b'IDAT' 62 658
02:32:22.193 - STREAM b'IHDR' 16 13
02:32:22.193 - STREAM b'IDAT' 41 535
02:32:22.195 - Scanning for orange frames...
02:32:22.195 - Removing Orange frame: /sitespeed.io/20251114_212547/pages/scixplorer_org/search/query-81ef4d13/data/filmstrip/2/video-000000.png
02:32:22.195 - STREAM b'IHDR' 16 13
02:32:22.195 - STREAM b'pHYs' 41 9
02:32:22.195 - STREAM b'IDAT' 62 634
02:32:22.195 - STREAM b'IHDR' 16 13
02:32:22.195 - STREAM b'pHYs' 41 9
02:32:22.195 - STREAM b'IDAT' 62 634
02:32:22.196 - STREAM b'IHDR' 16 13
02:32:22.196 - STREAM b'IDAT' 41 535
02:32:22.197 - STREAM b'IHDR' 16 13
02:32:22.197 - STREAM b'pHYs' 41 9
02:32:22.197 - STREAM b'IDAT' 62 634
02:32:22.198 - STREAM b'IHDR' 16 13
02:32:22.198 - STREAM b'IDAT' 41 535
02:32:22.199 - STREAM b'IHDR' 16 13
02:32:22.199 - STREAM b'pHYs' 41 9
02:32:22.199 - STREAM b'IDAT' 62 634
02:32:22.200 - STREAM b'IHDR' 16 13
02:32:22.200 - STREAM b'IDAT' 41 535
02:32:22.200 - STREAM b'IHDR' 16 13
02:32:22.200 - STREAM b'pHYs' 41 9
02:32:22.200 - STREAM b'IDAT' 62 4096
02:32:22.200 - STREAM b'IHDR' 16 13
02:32:22.200 - STREAM b'pHYs' 41 9
02:32:22.200 - STREAM b'IDAT' 62 4096
02:32:22.201 - STREAM b'IHDR' 16 13
02:32:22.202 - STREAM b'IDAT' 41 535
02:32:22.202 - STREAM b'IHDR' 16 13
02:32:22.202 - STREAM b'pHYs' 41 9
02:32:22.202 - STREAM b'IDAT' 62 4096
02:32:22.203 - STREAM b'IHDR' 16 13
02:32:22.203 - STREAM b'IDAT' 41 535
02:32:22.204 - STREAM b'IHDR' 16 13
02:32:22.204 - STREAM b'pHYs' 41 9
02:32:22.204 - STREAM b'IDAT' 62 4096
02:32:22.205 - STREAM b'IHDR' 16 13
02:32:22.205 - STREAM b'IDAT' 41 535
02:32:22.206 - Finding Render Start...
02:32:22.206 - STREAM b'IHDR' 16 13
02:32:22.206 - STREAM b'pHYs' 41 9
02:32:22.206 - STREAM b'IDAT' 62 634
02:32:22.206 - STREAM b'IHDR' 16 13
02:32:22.206 - STREAM b'pHYs' 41 9
02:32:22.206 - STREAM b'IDAT' 62 634
02:32:22.206 - STREAM b'IHDR' 16 13
02:32:22.206 - STREAM b'pHYs' 41 9
02:32:22.206 - STREAM b'IDAT' 62 4096
02:32:22.210 - STREAM b'IHDR' 16 13
02:32:22.210 - STREAM b'pHYs' 41 9
02:32:22.210 - STREAM b'IDAT' 62 4096
02:32:22.210 - STREAM b'IHDR' 16 13
02:32:22.210 - STREAM b'pHYs' 41 9
02:32:22.210 - STREAM b'IDAT' 62 4096
02:32:22.211 - STREAM b'IHDR' 16 13
02:32:22.211 - STREAM b'IDAT' 41 535
02:32:22.212 - STREAM b'IHDR' 16 13
02:32:22.212 - STREAM b'pHYs' 41 9
02:32:22.212 - STREAM b'IDAT' 62 4096
02:32:22.213 - STREAM b'IHDR' 16 13
02:32:22.213 - STREAM b'IDAT' 41 535
02:32:22.213 - STREAM b'IHDR' 16 13
02:32:22.213 - STREAM b'pHYs' 41 9
02:32:22.214 - STREAM b'IDAT' 62 4096
02:32:22.214 - STREAM b'IHDR' 16 13
02:32:22.214 - STREAM b'IDAT' 41 535
02:32:22.218 - Eliminating Duplicate Frames...
02:32:22.218 - STREAM b'IHDR' 16 13
02:32:22.218 - STREAM b'pHYs' 41 9
02:32:22.218 - STREAM b'IDAT' 62 634
02:32:22.218 - Viewport cropping set to (W, H, L, T): (400, 170, 0, 0)
02:32:22.218 - STREAM b'IHDR' 16 13
02:32:22.218 - STREAM b'pHYs' 41 9
02:32:22.218 - STREAM b'IDAT' 62 634
02:32:22.218 - STREAM b'IHDR' 16 13
02:32:22.218 - STREAM b'pHYs' 41 9
02:32:22.218 - STREAM b'IDAT' 62 4096
02:32:22.222 - STREAM b'IHDR' 16 13
02:32:22.222 - STREAM b'pHYs' 41 9
02:32:22.222 - STREAM b'IDAT' 62 4096
02:32:22.222 - STREAM b'IHDR' 16 13
02:32:22.222 - STREAM b'pHYs' 41 9
02:32:22.222 - STREAM b'IDAT' 62 4096
02:32:22.225 - STREAM b'IHDR' 16 13
02:32:22.225 - STREAM b'pHYs' 41 9
02:32:22.225 - STREAM b'IDAT' 62 4096
02:32:22.225 - STREAM b'IHDR' 16 13
02:32:22.225 - STREAM b'pHYs' 41 9
02:32:22.225 - STREAM b'IDAT' 62 4096
02:32:22.229 - Removing duplicate frame /sitespeed.io/20251114_212547/pages/scixplorer_org/search/query-81ef4d13/data/filmstrip/2/ms_007566.png from the end
02:32:22.229 - STREAM b'IHDR' 16 13
02:32:22.229 - STREAM b'pHYs' 41 9
02:32:22.229 - STREAM b'IDAT' 62 4096
02:32:22.229 - STREAM b'IHDR' 16 13
02:32:22.229 - STREAM b'pHYs' 41 9
02:32:22.229 - STREAM b'IDAT' 62 4096
02:32:22.232 - Removing duplicate frame /sitespeed.io/20251114_212547/pages/scixplorer_org/search/query-81ef4d13/data/filmstrip/2/ms_007466.png from the end
02:32:22.232 - STREAM b'IHDR' 16 13
02:32:22.232 - STREAM b'pHYs' 41 9
02:32:22.232 - STREAM b'IDAT' 62 4096
02:32:22.232 - STREAM b'IHDR' 16 13
02:32:22.233 - STREAM b'pHYs' 41 9
02:32:22.233 - STREAM b'IDAT' 62 4096
02:32:22.236 - Removing duplicate frame /sitespeed.io/20251114_212547/pages/scixplorer_org/search/query-81ef4d13/data/filmstrip/2/ms_007433.png from the end
02:32:22.236 - STREAM b'IHDR' 16 13
02:32:22.236 - STREAM b'pHYs' 41 9
02:32:22.236 - STREAM b'IDAT' 62 4096
02:32:22.236 - STREAM b'IHDR' 16 13
02:32:22.236 - STREAM b'pHYs' 41 9
02:32:22.236 - STREAM b'IDAT' 62 4096
02:32:22.239 - Removing duplicate frame /sitespeed.io/20251114_212547/pages/scixplorer_org/search/query-81ef4d13/data/filmstrip/2/ms_007333.png from the end
02:32:22.239 - STREAM b'IHDR' 16 13
02:32:22.240 - STREAM b'pHYs' 41 9
02:32:22.240 - STREAM b'IDAT' 62 4096
02:32:22.240 - STREAM b'IHDR' 16 13
02:32:22.240 - STREAM b'pHYs' 41 9
02:32:22.240 - STREAM b'IDAT' 62 4096
02:32:22.243 - Removing duplicate frame /sitespeed.io/20251114_212547/pages/scixplorer_org/search/query-81ef4d13/data/filmstrip/2/ms_006733.png from the end
02:32:22.243 - STREAM b'IHDR' 16 13
02:32:22.243 - STREAM b'pHYs' 41 9
02:32:22.243 - STREAM b'IDAT' 62 4096
02:32:22.243 - STREAM b'IHDR' 16 13
02:32:22.243 - STREAM b'pHYs' 41 9
02:32:22.243 - STREAM b'IDAT' 62 4096
02:32:22.246 - Removing duplicate frame /sitespeed.io/20251114_212547/pages/scixplorer_org/search/query-81ef4d13/data/filmstrip/2/ms_006133.png from the end
02:32:22.247 - STREAM b'IHDR' 16 13
02:32:22.247 - STREAM b'pHYs' 41 9
02:32:22.247 - STREAM b'IDAT' 62 4096
02:32:22.247 - STREAM b'IHDR' 16 13
02:32:22.247 - STREAM b'pHYs' 41 9
02:32:22.247 - STREAM b'IDAT' 62 4096
02:32:22.250 - Removing duplicate frame /sitespeed.io/20251114_212547/pages/scixplorer_org/search/query-81ef4d13/data/filmstrip/2/ms_005533.png from the end
02:32:22.250 - STREAM b'IHDR' 16 13
02:32:22.250 - STREAM b'pHYs' 41 9
02:32:22.250 - STREAM b'IDAT' 62 4096
02:32:22.250 - STREAM b'IHDR' 16 13
02:32:22.250 - STREAM b'pHYs' 41 9
02:32:22.250 - STREAM b'IDAT' 62 4096
02:32:22.254 - Removing duplicate frame /sitespeed.io/20251114_212547/pages/scixplorer_org/search/query-81ef4d13/data/filmstrip/2/ms_004933.png from the end
02:32:22.254 - STREAM b'IHDR' 16 13
02:32:22.254 - STREAM b'pHYs' 41 9
02:32:22.254 - STREAM b'IDAT' 62 4096
02:32:22.254 - STREAM b'IHDR' 16 13
02:32:22.254 - STREAM b'pHYs' 41 9
02:32:22.254 - STREAM b'IDAT' 62 4096
02:32:22.257 - Removing duplicate frame /sitespeed.io/20251114_212547/pages/scixplorer_org/search/query-81ef4d13/data/filmstrip/2/ms_004333.png from the end
02:32:22.257 - STREAM b'IHDR' 16 13
02:32:22.257 - STREAM b'pHYs' 41 9
02:32:22.257 - STREAM b'IDAT' 62 4096
02:32:22.257 - STREAM b'IHDR' 16 13
02:32:22.257 - STREAM b'pHYs' 41 9
02:32:22.257 - STREAM b'IDAT' 62 4096
02:32:22.261 - Removing duplicate frame /sitespeed.io/20251114_212547/pages/scixplorer_org/search/query-81ef4d13/data/filmstrip/2/ms_003733.png from the end
02:32:22.261 - STREAM b'IHDR' 16 13
02:32:22.261 - STREAM b'pHYs' 41 9
02:32:22.261 - STREAM b'IDAT' 62 4096
02:32:22.261 - STREAM b'IHDR' 16 13
02:32:22.261 - STREAM b'pHYs' 41 9
02:32:22.261 - STREAM b'IDAT' 62 4096
02:32:22.264 - Removing duplicate frame /sitespeed.io/20251114_212547/pages/scixplorer_org/search/query-81ef4d13/data/filmstrip/2/ms_003333.png from the end
02:32:22.264 - STREAM b'IHDR' 16 13
02:32:22.264 - STREAM b'pHYs' 41 9
02:32:22.264 - STREAM b'IDAT' 62 4096
02:32:22.264 - STREAM b'IHDR' 16 13
02:32:22.265 - STREAM b'pHYs' 41 9
02:32:22.265 - STREAM b'IDAT' 62 4096
02:32:22.268 - Removing duplicate frame /sitespeed.io/20251114_212547/pages/scixplorer_org/search/query-81ef4d13/data/filmstrip/2/ms_003300.png from the end
02:32:22.268 - STREAM b'IHDR' 16 13
02:32:22.268 - STREAM b'pHYs' 41 9
02:32:22.268 - STREAM b'IDAT' 62 4096
02:32:22.268 - STREAM b'IHDR' 16 13
02:32:22.268 - STREAM b'pHYs' 41 9
02:32:22.268 - STREAM b'IDAT' 62 4096
02:32:22.271 - Removing duplicate frame /sitespeed.io/20251114_212547/pages/scixplorer_org/search/query-81ef4d13/data/filmstrip/2/ms_003266.png from the end
02:32:22.271 - STREAM b'IHDR' 16 13
02:32:22.271 - STREAM b'pHYs' 41 9
02:32:22.272 - STREAM b'IDAT' 62 4096
02:32:22.272 - STREAM b'IHDR' 16 13
02:32:22.272 - STREAM b'pHYs' 41 9
02:32:22.272 - STREAM b'IDAT' 62 4096
02:32:22.275 - Removing duplicate frame /sitespeed.io/20251114_212547/pages/scixplorer_org/search/query-81ef4d13/data/filmstrip/2/ms_003233.png from the end
02:32:22.275 - STREAM b'IHDR' 16 13
02:32:22.275 - STREAM b'pHYs' 41 9
02:32:22.275 - STREAM b'IDAT' 62 4096
02:32:22.275 - STREAM b'IHDR' 16 13
02:32:22.275 - STREAM b'pHYs' 41 9
02:32:22.275 - STREAM b'IDAT' 62 4096
02:32:22.278 - Removing duplicate frame /sitespeed.io/20251114_212547/pages/scixplorer_org/search/query-81ef4d13/data/filmstrip/2/ms_003200.png from the end
02:32:22.279 - STREAM b'IHDR' 16 13
02:32:22.279 - STREAM b'pHYs' 41 9
02:32:22.279 - STREAM b'IDAT' 62 4096
02:32:22.279 - STREAM b'IHDR' 16 13
02:32:22.279 - STREAM b'pHYs' 41 9
02:32:22.279 - STREAM b'IDAT' 62 4096
02:32:22.282 - Removing duplicate frame /sitespeed.io/20251114_212547/pages/scixplorer_org/search/query-81ef4d13/data/filmstrip/2/ms_007933.png from the end
02:32:22.291 - Calculating image histograms
02:32:22.291 - Calculating histogram for /sitespeed.io/20251114_212547/pages/scixplorer_org/search/query-81ef4d13/data/filmstrip/2/ms_000000.png
02:32:22.291 - STREAM b'IHDR' 16 13
02:32:22.291 - STREAM b'pHYs' 41 9
02:32:22.291 - STREAM b'IDAT' 62 634
02:32:22.296 - Calculating histogram for /sitespeed.io/20251114_212547/pages/scixplorer_org/search/query-81ef4d13/data/filmstrip/2/ms_000266.png
02:32:22.297 - STREAM b'IHDR' 16 13
02:32:22.297 - STREAM b'pHYs' 41 9
02:32:22.297 - STREAM b'IDAT' 62 4096
02:32:22.302 - Calculating histogram for /sitespeed.io/20251114_212547/pages/scixplorer_org/search/query-81ef4d13/data/filmstrip/2/ms_000300.png
02:32:22.302 - STREAM b'IHDR' 16 13
02:32:22.302 - STREAM b'pHYs' 41 9
02:32:22.302 - STREAM b'IDAT' 62 4096
02:32:22.307 - Calculating histogram for /sitespeed.io/20251114_212547/pages/scixplorer_org/search/query-81ef4d13/data/filmstrip/2/ms_000333.png
02:32:22.307 - STREAM b'IHDR' 16 13
02:32:22.307 - STREAM b'pHYs' 41 9
02:32:22.307 - STREAM b'IDAT' 62 4096
02:32:22.313 - Calculating histogram for /sitespeed.io/20251114_212547/pages/scixplorer_org/search/query-81ef4d13/data/filmstrip/2/ms_000366.png
02:32:22.313 - STREAM b'IHDR' 16 13
02:32:22.313 - STREAM b'pHYs' 41 9
02:32:22.313 - STREAM b'IDAT' 62 4096
02:32:22.318 - Calculating histogram for /sitespeed.io/20251114_212547/pages/scixplorer_org/search/query-81ef4d13/data/filmstrip/2/ms_000433.png
02:32:22.318 - STREAM b'IHDR' 16 13
02:32:22.318 - STREAM b'pHYs' 41 9
02:32:22.318 - STREAM b'IDAT' 62 4096
02:32:22.324 - Calculating histogram for /sitespeed.io/20251114_212547/pages/scixplorer_org/search/query-81ef4d13/data/filmstrip/2/ms_000466.png
02:32:22.324 - STREAM b'IHDR' 16 13
02:32:22.324 - STREAM b'pHYs' 41 9
02:32:22.324 - STREAM b'IDAT' 62 4096
02:32:22.329 - Calculating histogram for /sitespeed.io/20251114_212547/pages/scixplorer_org/search/query-81ef4d13/data/filmstrip/2/ms_000500.png
02:32:22.329 - STREAM b'IHDR' 16 13
02:32:22.329 - STREAM b'pHYs' 41 9
02:32:22.329 - STREAM b'IDAT' 62 4096
02:32:22.334 - Calculating histogram for /sitespeed.io/20251114_212547/pages/scixplorer_org/search/query-81ef4d13/data/filmstrip/2/ms_000533.png
02:32:22.334 - STREAM b'IHDR' 16 13
02:32:22.335 - STREAM b'pHYs' 41 9
02:32:22.335 - STREAM b'IDAT' 62 4096
02:32:22.350 - Calculating histogram for /sitespeed.io/20251114_212547/pages/scixplorer_org/search/query-81ef4d13/data/filmstrip/2/ms_000566.png
02:32:22.350 - STREAM b'IHDR' 16 13
02:32:22.350 - STREAM b'pHYs' 41 9
02:32:22.350 - STREAM b'IDAT' 62 4096
02:32:22.366 - Calculating histogram for /sitespeed.io/20251114_212547/pages/scixplorer_org/search/query-81ef4d13/data/filmstrip/2/ms_000600.png
02:32:22.366 - STREAM b'IHDR' 16 13
02:32:22.366 - STREAM b'pHYs' 41 9
02:32:22.366 - STREAM b'IDAT' 62 4096
02:32:22.376 - Calculating histogram for /sitespeed.io/20251114_212547/pages/scixplorer_org/search/query-81ef4d13/data/filmstrip/2/ms_000633.png
02:32:22.376 - STREAM b'IHDR' 16 13
02:32:22.376 - STREAM b'pHYs' 41 9
02:32:22.376 - STREAM b'IDAT' 62 4096
02:32:22.384 - Calculating histogram for /sitespeed.io/20251114_212547/pages/scixplorer_org/search/query-81ef4d13/data/filmstrip/2/ms_000666.png
02:32:22.384 - STREAM b'IHDR' 16 13
02:32:22.384 - STREAM b'pHYs' 41 9
02:32:22.384 - STREAM b'IDAT' 62 4096
02:32:22.390 - Calculating histogram for /sitespeed.io/20251114_212547/pages/scixplorer_org/search/query-81ef4d13/data/filmstrip/2/ms_000700.png
02:32:22.390 - STREAM b'IHDR' 16 13
02:32:22.390 - STREAM b'pHYs' 41 9
02:32:22.390 - STREAM b'IDAT' 62 4096
02:32:22.396 - Calculating histogram for /sitespeed.io/20251114_212547/pages/scixplorer_org/search/query-81ef4d13/data/filmstrip/2/ms_000733.png
02:32:22.396 - STREAM b'IHDR' 16 13
02:32:22.396 - STREAM b'pHYs' 41 9
02:32:22.396 - STREAM b'IDAT' 62 4096
02:32:22.402 - Calculating histogram for /sitespeed.io/20251114_212547/pages/scixplorer_org/search/query-81ef4d13/data/filmstrip/2/ms_000766.png
02:32:22.402 - STREAM b'IHDR' 16 13
02:32:22.402 - STREAM b'pHYs' 41 9
02:32:22.402 - STREAM b'IDAT' 62 4096
02:32:22.408 - Calculating histogram for /sitespeed.io/20251114_212547/pages/scixplorer_org/search/query-81ef4d13/data/filmstrip/2/ms_000800.png
02:32:22.408 - STREAM b'IHDR' 16 13
02:32:22.408 - STREAM b'pHYs' 41 9
02:32:22.408 - STREAM b'IDAT' 62 4096
02:32:22.414 - Calculating histogram for /sitespeed.io/20251114_212547/pages/scixplorer_org/search/query-81ef4d13/data/filmstrip/2/ms_000833.png
02:32:22.414 - STREAM b'IHDR' 16 13
02:32:22.414 - STREAM b'pHYs' 41 9
02:32:22.414 - STREAM b'IDAT' 62 4096
02:32:22.420 - Calculating histogram for /sitespeed.io/20251114_212547/pages/scixplorer_org/search/query-81ef4d13/data/filmstrip/2/ms_000866.png
02:32:22.420 - STREAM b'IHDR' 16 13
02:32:22.420 - STREAM b'pHYs' 41 9
02:32:22.420 - STREAM b'IDAT' 62 4096
02:32:22.426 - Calculating histogram for /sitespeed.io/20251114_212547/pages/scixplorer_org/search/query-81ef4d13/data/filmstrip/2/ms_000900.png
02:32:22.426 - STREAM b'IHDR' 16 13
02:32:22.426 - STREAM b'pHYs' 41 9
02:32:22.426 - STREAM b'IDAT' 62 4096
02:32:22.432 - Calculating histogram for /sitespeed.io/20251114_212547/pages/scixplorer_org/search/query-81ef4d13/data/filmstrip/2/ms_000933.png
02:32:22.432 - STREAM b'IHDR' 16 13
02:32:22.432 - STREAM b'pHYs' 41 9
02:32:22.432 - STREAM b'IDAT' 62 4096
02:32:22.438 - Calculating histogram for /sitespeed.io/20251114_212547/pages/scixplorer_org/search/query-81ef4d13/data/filmstrip/2/ms_000966.png
02:32:22.438 - STREAM b'IHDR' 16 13
02:32:22.438 - STREAM b'pHYs' 41 9
02:32:22.438 - STREAM b'IDAT' 62 4096
02:32:22.444 - Calculating histogram for /sitespeed.io/20251114_212547/pages/scixplorer_org/search/query-81ef4d13/data/filmstrip/2/ms_001000.png
02:32:22.444 - STREAM b'IHDR' 16 13
02:32:22.444 - STREAM b'pHYs' 41 9
02:32:22.444 - STREAM b'IDAT' 62 4096
02:32:22.451 - Calculating histogram for /sitespeed.io/20251114_212547/pages/scixplorer_org/search/query-81ef4d13/data/filmstrip/2/ms_001033.png
02:32:22.451 - STREAM b'IHDR' 16 13
02:32:22.451 - STREAM b'pHYs' 41 9
02:32:22.451 - STREAM b'IDAT' 62 4096
02:32:22.457 - Calculating histogram for /sitespeed.io/20251114_212547/pages/scixplorer_org/search/query-81ef4d13/data/filmstrip/2/ms_001066.png
02:32:22.457 - STREAM b'IHDR' 16 13
02:32:22.457 - STREAM b'pHYs' 41 9
02:32:22.457 - STREAM b'IDAT' 62 4096
02:32:22.464 - Calculating histogram for /sitespeed.io/20251114_212547/pages/scixplorer_org/search/query-81ef4d13/data/filmstrip/2/ms_001100.png
02:32:22.464 - STREAM b'IHDR' 16 13
02:32:22.464 - STREAM b'pHYs' 41 9
02:32:22.464 - STREAM b'IDAT' 62 4096
02:32:22.470 - Calculating histogram for /sitespeed.io/20251114_212547/pages/scixplorer_org/search/query-81ef4d13/data/filmstrip/2/ms_001133.png
02:32:22.470 - STREAM b'IHDR' 16 13
02:32:22.470 - STREAM b'pHYs' 41 9
02:32:22.470 - STREAM b'IDAT' 62 4096
02:32:22.476 - Calculating histogram for /sitespeed.io/20251114_212547/pages/scixplorer_org/search/query-81ef4d13/data/filmstrip/2/ms_001166.png
02:32:22.476 - STREAM b'IHDR' 16 13
02:32:22.476 - STREAM b'pHYs' 41 9
02:32:22.476 - STREAM b'IDAT' 62 4096
02:32:22.483 - Calculating histogram for /sitespeed.io/20251114_212547/pages/scixplorer_org/search/query-81ef4d13/data/filmstrip/2/ms_001200.png
02:32:22.483 - STREAM b'IHDR' 16 13
02:32:22.483 - STREAM b'pHYs' 41 9
02:32:22.483 - STREAM b'IDAT' 62 4096
02:32:22.489 - Calculating histogram for /sitespeed.io/20251114_212547/pages/scixplorer_org/search/query-81ef4d13/data/filmstrip/2/ms_001233.png
02:32:22.489 - STREAM b'IHDR' 16 13
02:32:22.489 - STREAM b'pHYs' 41 9
02:32:22.489 - STREAM b'IDAT' 62 4096
02:32:22.495 - Calculating histogram for /sitespeed.io/20251114_212547/pages/scixplorer_org/search/query-81ef4d13/data/filmstrip/2/ms_001266.png
02:32:22.495 - STREAM b'IHDR' 16 13
02:32:22.495 - STREAM b'pHYs' 41 9
02:32:22.495 - STREAM b'IDAT' 62 4096
02:32:22.502 - Calculating histogram for /sitespeed.io/20251114_212547/pages/scixplorer_org/search/query-81ef4d13/data/filmstrip/2/ms_001300.png
02:32:22.502 - STREAM b'IHDR' 16 13
02:32:22.502 - STREAM b'pHYs' 41 9
02:32:22.502 - STREAM b'IDAT' 62 4096
02:32:22.508 - Calculating histogram for /sitespeed.io/20251114_212547/pages/scixplorer_org/search/query-81ef4d13/data/filmstrip/2/ms_001333.png
02:32:22.508 - STREAM b'IHDR' 16 13
02:32:22.508 - STREAM b'pHYs' 41 9
02:32:22.508 - STREAM b'IDAT' 62 4096
02:32:22.515 - Calculating histogram for /sitespeed.io/20251114_212547/pages/scixplorer_org/search/query-81ef4d13/data/filmstrip/2/ms_001366.png
02:32:22.515 - STREAM b'IHDR' 16 13
02:32:22.515 - STREAM b'pHYs' 41 9
02:32:22.515 - STREAM b'IDAT' 62 4096
02:32:22.521 - Calculating histogram for /sitespeed.io/20251114_212547/pages/scixplorer_org/search/query-81ef4d13/data/filmstrip/2/ms_001400.png
02:32:22.521 - STREAM b'IHDR' 16 13
02:32:22.521 - STREAM b'pHYs' 41 9
02:32:22.521 - STREAM b'IDAT' 62 4096
02:32:22.527 - Calculating histogram for /sitespeed.io/20251114_212547/pages/scixplorer_org/search/query-81ef4d13/data/filmstrip/2/ms_001433.png
02:32:22.527 - STREAM b'IHDR' 16 13
02:32:22.527 - STREAM b'pHYs' 41 9
02:32:22.527 - STREAM b'IDAT' 62 4096
02:32:22.533 - Calculating histogram for /sitespeed.io/20251114_212547/pages/scixplorer_org/search/query-81ef4d13/data/filmstrip/2/ms_001466.png
02:32:22.533 - STREAM b'IHDR' 16 13
02:32:22.533 - STREAM b'pHYs' 41 9
02:32:22.533 - STREAM b'IDAT' 62 4096
02:32:22.539 - Calculating histogram for /sitespeed.io/20251114_212547/pages/scixplorer_org/search/query-81ef4d13/data/filmstrip/2/ms_001500.png
02:32:22.539 - STREAM b'IHDR' 16 13
02:32:22.539 - STREAM b'pHYs' 41 9
02:32:22.539 - STREAM b'IDAT' 62 4096
02:32:22.548 - Calculating histogram for /sitespeed.io/20251114_212547/pages/scixplorer_org/search/query-81ef4d13/data/filmstrip/2/ms_001533.png
02:32:22.548 - STREAM b'IHDR' 16 13
02:32:22.548 - STREAM b'pHYs' 41 9
02:32:22.548 - STREAM b'IDAT' 62 4096
02:32:22.556 - Calculating histogram for /sitespeed.io/20251114_212547/pages/scixplorer_org/search/query-81ef4d13/data/filmstrip/2/ms_001566.png
02:32:22.556 - STREAM b'IHDR' 16 13
02:32:22.556 - STREAM b'pHYs' 41 9
02:32:22.556 - STREAM b'IDAT' 62 4096
02:32:22.563 - Calculating histogram for /sitespeed.io/20251114_212547/pages/scixplorer_org/search/query-81ef4d13/data/filmstrip/2/ms_001600.png
02:32:22.563 - STREAM b'IHDR' 16 13
02:32:22.563 - STREAM b'pHYs' 41 9
02:32:22.563 - STREAM b'IDAT' 62 4096
02:32:22.570 - Calculating histogram for /sitespeed.io/20251114_212547/pages/scixplorer_org/search/query-81ef4d13/data/filmstrip/2/ms_001633.png
02:32:22.570 - STREAM b'IHDR' 16 13
02:32:22.570 - STREAM b'pHYs' 41 9
02:32:22.570 - STREAM b'IDAT' 62 4096
02:32:22.577 - Calculating histogram for /sitespeed.io/20251114_212547/pages/scixplorer_org/search/query-81ef4d13/data/filmstrip/2/ms_001666.png
02:32:22.577 - STREAM b'IHDR' 16 13
02:32:22.577 - STREAM b'pHYs' 41 9
02:32:22.577 - STREAM b'IDAT' 62 4096
02:32:22.584 - Calculating histogram for /sitespeed.io/20251114_212547/pages/scixplorer_org/search/query-81ef4d13/data/filmstrip/2/ms_001700.png
02:32:22.584 - STREAM b'IHDR' 16 13
02:32:22.584 - STREAM b'pHYs' 41 9
02:32:22.584 - STREAM b'IDAT' 62 4096
02:32:22.590 - Calculating histogram for /sitespeed.io/20251114_212547/pages/scixplorer_org/search/query-81ef4d13/data/filmstrip/2/ms_001766.png
02:32:22.590 - STREAM b'IHDR' 16 13
02:32:22.590 - STREAM b'pHYs' 41 9
02:32:22.591 - STREAM b'IDAT' 62 4096
02:32:22.597 - Calculating histogram for /sitespeed.io/20251114_212547/pages/scixplorer_org/search/query-81ef4d13/data/filmstrip/2/ms_001800.png
02:32:22.597 - STREAM b'IHDR' 16 13
02:32:22.597 - STREAM b'pHYs' 41 9
02:32:22.597 - STREAM b'IDAT' 62 4096
02:32:22.603 - Calculating histogram for /sitespeed.io/20251114_212547/pages/scixplorer_org/search/query-81ef4d13/data/filmstrip/2/ms_001833.png
02:32:22.603 - STREAM b'IHDR' 16 13
02:32:22.604 - STREAM b'pHYs' 41 9
02:32:22.604 - STREAM b'IDAT' 62 4096
02:32:22.610 - Calculating histogram for /sitespeed.io/20251114_212547/pages/scixplorer_org/search/query-81ef4d13/data/filmstrip/2/ms_001866.png
02:32:22.610 - STREAM b'IHDR' 16 13
02:32:22.610 - STREAM b'pHYs' 41 9
02:32:22.610 - STREAM b'IDAT' 62 4096
02:32:22.616 - Calculating histogram for /sitespeed.io/20251114_212547/pages/scixplorer_org/search/query-81ef4d13/data/filmstrip/2/ms_001900.png
02:32:22.617 - STREAM b'IHDR' 16 13
02:32:22.617 - STREAM b'pHYs' 41 9
02:32:22.617 - STREAM b'IDAT' 62 4096
02:32:22.623 - Calculating histogram for /sitespeed.io/20251114_212547/pages/scixplorer_org/search/query-81ef4d13/data/filmstrip/2/ms_001933.png
02:32:22.623 - STREAM b'IHDR' 16 13
02:32:22.623 - STREAM b'pHYs' 41 9
02:32:22.623 - STREAM b'IDAT' 62 4096
02:32:22.629 - Calculating histogram for /sitespeed.io/20251114_212547/pages/scixplorer_org/search/query-81ef4d13/data/filmstrip/2/ms_001966.png
02:32:22.629 - STREAM b'IHDR' 16 13
02:32:22.629 - STREAM b'pHYs' 41 9
02:32:22.629 - STREAM b'IDAT' 62 4096
02:32:22.636 - Calculating histogram for /sitespeed.io/20251114_212547/pages/scixplorer_org/search/query-81ef4d13/data/filmstrip/2/ms_002000.png
02:32:22.636 - STREAM b'IHDR' 16 13
02:32:22.636 - STREAM b'pHYs' 41 9
02:32:22.636 - STREAM b'IDAT' 62 4096
02:32:22.642 - Calculating histogram for /sitespeed.io/20251114_212547/pages/scixplorer_org/search/query-81ef4d13/data/filmstrip/2/ms_002033.png
02:32:22.642 - STREAM b'IHDR' 16 13
02:32:22.642 - STREAM b'pHYs' 41 9
02:32:22.642 - STREAM b'IDAT' 62 4096
02:32:22.648 - Calculating histogram for /sitespeed.io/20251114_212547/pages/scixplorer_org/search/query-81ef4d13/data/filmstrip/2/ms_002066.png
02:32:22.648 - STREAM b'IHDR' 16 13
02:32:22.648 - STREAM b'pHYs' 41 9
02:32:22.649 - STREAM b'IDAT' 62 4096
02:32:22.655 - Calculating histogram for /sitespeed.io/20251114_212547/pages/scixplorer_org/search/query-81ef4d13/data/filmstrip/2/ms_002100.png
02:32:22.655 - STREAM b'IHDR' 16 13
02:32:22.655 - STREAM b'pHYs' 41 9
02:32:22.655 - STREAM b'IDAT' 62 4096
02:32:22.662 - Calculating histogram for /sitespeed.io/20251114_212547/pages/scixplorer_org/search/query-81ef4d13/data/filmstrip/2/ms_002133.png
02:32:22.662 - STREAM b'IHDR' 16 13
02:32:22.662 - STREAM b'pHYs' 41 9
02:32:22.662 - STREAM b'IDAT' 62 4096
02:32:22.668 - Calculating histogram for /sitespeed.io/20251114_212547/pages/scixplorer_org/search/query-81ef4d13/data/filmstrip/2/ms_002166.png
02:32:22.668 - STREAM b'IHDR' 16 13
02:32:22.668 - STREAM b'pHYs' 41 9
02:32:22.668 - STREAM b'IDAT' 62 4096
02:32:22.674 - Calculating histogram for /sitespeed.io/20251114_212547/pages/scixplorer_org/search/query-81ef4d13/data/filmstrip/2/ms_002200.png
02:32:22.674 - STREAM b'IHDR' 16 13
02:32:22.675 - STREAM b'pHYs' 41 9
02:32:22.675 - STREAM b'IDAT' 62 4096
02:32:22.681 - Calculating histogram for /sitespeed.io/20251114_212547/pages/scixplorer_org/search/query-81ef4d13/data/filmstrip/2/ms_002233.png
02:32:22.681 - STREAM b'IHDR' 16 13
02:32:22.681 - STREAM b'pHYs' 41 9
02:32:22.681 - STREAM b'IDAT' 62 4096
02:32:22.688 - Calculating histogram for /sitespeed.io/20251114_212547/pages/scixplorer_org/search/query-81ef4d13/data/filmstrip/2/ms_002266.png
02:32:22.688 - STREAM b'IHDR' 16 13
02:32:22.688 - STREAM b'pHYs' 41 9
02:32:22.688 - STREAM b'IDAT' 62 4096
02:32:22.694 - Calculating histogram for /sitespeed.io/20251114_212547/pages/scixplorer_org/search/query-81ef4d13/data/filmstrip/2/ms_002300.png
02:32:22.694 - STREAM b'IHDR' 16 13
02:32:22.694 - STREAM b'pHYs' 41 9
02:32:22.695 - STREAM b'IDAT' 62 4096
02:32:22.701 - Calculating histogram for /sitespeed.io/20251114_212547/pages/scixplorer_org/search/query-81ef4d13/data/filmstrip/2/ms_002333.png
02:32:22.701 - STREAM b'IHDR' 16 13
02:32:22.701 - STREAM b'pHYs' 41 9
02:32:22.701 - STREAM b'IDAT' 62 4096
02:32:22.707 - Calculating histogram for /sitespeed.io/20251114_212547/pages/scixplorer_org/search/query-81ef4d13/data/filmstrip/2/ms_002366.png
02:32:22.707 - STREAM b'IHDR' 16 13
02:32:22.707 - STREAM b'pHYs' 41 9
02:32:22.707 - STREAM b'IDAT' 62 4096
02:32:22.714 - Calculating histogram for /sitespeed.io/20251114_212547/pages/scixplorer_org/search/query-81ef4d13/data/filmstrip/2/ms_002400.png
02:32:22.714 - STREAM b'IHDR' 16 13
02:32:22.714 - STREAM b'pHYs' 41 9
02:32:22.714 - STREAM b'IDAT' 62 4096
02:32:22.720 - Calculating histogram for /sitespeed.io/20251114_212547/pages/scixplorer_org/search/query-81ef4d13/data/filmstrip/2/ms_002433.png
02:32:22.720 - STREAM b'IHDR' 16 13
02:32:22.720 - STREAM b'pHYs' 41 9
02:32:22.720 - STREAM b'IDAT' 62 4096
02:32:22.727 - Calculating histogram for /sitespeed.io/20251114_212547/pages/scixplorer_org/search/query-81ef4d13/data/filmstrip/2/ms_002466.png
02:32:22.727 - STREAM b'IHDR' 16 13
02:32:22.727 - STREAM b'pHYs' 41 9
02:32:22.727 - STREAM b'IDAT' 62 4096
02:32:22.734 - Calculating histogram for /sitespeed.io/20251114_212547/pages/scixplorer_org/search/query-81ef4d13/data/filmstrip/2/ms_002500.png
02:32:22.734 - STREAM b'IHDR' 16 13
02:32:22.734 - STREAM b'pHYs' 41 9
02:32:22.734 - STREAM b'IDAT' 62 4096
02:32:22.740 - Calculating histogram for /sitespeed.io/20251114_212547/pages/scixplorer_org/search/query-81ef4d13/data/filmstrip/2/ms_002533.png
02:32:22.740 - STREAM b'IHDR' 16 13
02:32:22.740 - STREAM b'pHYs' 41 9
02:32:22.740 - STREAM b'IDAT' 62 4096
02:32:22.747 - Calculating histogram for /sitespeed.io/20251114_212547/pages/scixplorer_org/search/query-81ef4d13/data/filmstrip/2/ms_002566.png
02:32:22.747 - STREAM b'IHDR' 16 13
02:32:22.747 - STREAM b'pHYs' 41 9
02:32:22.747 - STREAM b'IDAT' 62 4096
02:32:22.753 - Calculating histogram for /sitespeed.io/20251114_212547/pages/scixplorer_org/search/query-81ef4d13/data/filmstrip/2/ms_002600.png
02:32:22.753 - STREAM b'IHDR' 16 13
02:32:22.753 - STREAM b'pHYs' 41 9
02:32:22.753 - STREAM b'IDAT' 62 4096
02:32:22.760 - Calculating histogram for /sitespeed.io/20251114_212547/pages/scixplorer_org/search/query-81ef4d13/data/filmstrip/2/ms_002633.png
02:32:22.760 - STREAM b'IHDR' 16 13
02:32:22.760 - STREAM b'pHYs' 41 9
02:32:22.760 - STREAM b'IDAT' 62 4096
02:32:22.766 - Calculating histogram for /sitespeed.io/20251114_212547/pages/scixplorer_org/search/query-81ef4d13/data/filmstrip/2/ms_002666.png
02:32:22.766 - STREAM b'IHDR' 16 13
02:32:22.766 - STREAM b'pHYs' 41 9
02:32:22.766 - STREAM b'IDAT' 62 4096
02:32:22.772 - Calculating histogram for /sitespeed.io/20251114_212547/pages/scixplorer_org/search/query-81ef4d13/data/filmstrip/2/ms_002700.png
02:32:22.772 - STREAM b'IHDR' 16 13
02:32:22.773 - STREAM b'pHYs' 41 9
02:32:22.773 - STREAM b'IDAT' 62 4096
02:32:22.779 - Calculating histogram for /sitespeed.io/20251114_212547/pages/scixplorer_org/search/query-81ef4d13/data/filmstrip/2/ms_002733.png
02:32:22.779 - STREAM b'IHDR' 16 13
02:32:22.779 - STREAM b'pHYs' 41 9
02:32:22.779 - STREAM b'IDAT' 62 4096
02:32:22.786 - Calculating histogram for /sitespeed.io/20251114_212547/pages/scixplorer_org/search/query-81ef4d13/data/filmstrip/2/ms_002766.png
02:32:22.786 - STREAM b'IHDR' 16 13
02:32:22.786 - STREAM b'pHYs' 41 9
02:32:22.786 - STREAM b'IDAT' 62 4096
02:32:22.793 - Calculating histogram for /sitespeed.io/20251114_212547/pages/scixplorer_org/search/query-81ef4d13/data/filmstrip/2/ms_002800.png
02:32:22.793 - STREAM b'IHDR' 16 13
02:32:22.793 - STREAM b'pHYs' 41 9
02:32:22.793 - STREAM b'IDAT' 62 4096
02:32:22.799 - Calculating histogram for /sitespeed.io/20251114_212547/pages/scixplorer_org/search/query-81ef4d13/data/filmstrip/2/ms_002833.png
02:32:22.799 - STREAM b'IHDR' 16 13
02:32:22.799 - STREAM b'pHYs' 41 9
02:32:22.799 - STREAM b'IDAT' 62 4096
02:32:22.806 - Calculating histogram for /sitespeed.io/20251114_212547/pages/scixplorer_org/search/query-81ef4d13/data/filmstrip/2/ms_002866.png
02:32:22.806 - STREAM b'IHDR' 16 13
02:32:22.806 - STREAM b'pHYs' 41 9
02:32:22.806 - STREAM b'IDAT' 62 4096
02:32:22.812 - Calculating histogram for /sitespeed.io/20251114_212547/pages/scixplorer_org/search/query-81ef4d13/data/filmstrip/2/ms_002900.png
02:32:22.812 - STREAM b'IHDR' 16 13
02:32:22.812 - STREAM b'pHYs' 41 9
02:32:22.812 - STREAM b'IDAT' 62 4096
02:32:22.819 - Calculating histogram for /sitespeed.io/20251114_212547/pages/scixplorer_org/search/query-81ef4d13/data/filmstrip/2/ms_002933.png
02:32:22.819 - STREAM b'IHDR' 16 13
02:32:22.819 - STREAM b'pHYs' 41 9
02:32:22.819 - STREAM b'IDAT' 62 4096
02:32:22.825 - Calculating histogram for /sitespeed.io/20251114_212547/pages/scixplorer_org/search/query-81ef4d13/data/filmstrip/2/ms_002966.png
02:32:22.825 - STREAM b'IHDR' 16 13
02:32:22.825 - STREAM b'pHYs' 41 9
02:32:22.825 - STREAM b'IDAT' 62 4096
02:32:22.832 - Calculating histogram for /sitespeed.io/20251114_212547/pages/scixplorer_org/search/query-81ef4d13/data/filmstrip/2/ms_003000.png
02:32:22.832 - STREAM b'IHDR' 16 13
02:32:22.832 - STREAM b'pHYs' 41 9
02:32:22.832 - STREAM b'IDAT' 62 4096
02:32:22.839 - Calculating histogram for /sitespeed.io/20251114_212547/pages/scixplorer_org/search/query-81ef4d13/data/filmstrip/2/ms_003033.png
02:32:22.839 - STREAM b'IHDR' 16 13
02:32:22.839 - STREAM b'pHYs' 41 9
02:32:22.839 - STREAM b'IDAT' 62 4096
02:32:22.845 - Calculating histogram for /sitespeed.io/20251114_212547/pages/scixplorer_org/search/query-81ef4d13/data/filmstrip/2/ms_003066.png
02:32:22.845 - STREAM b'IHDR' 16 13
02:32:22.845 - STREAM b'pHYs' 41 9
02:32:22.845 - STREAM b'IDAT' 62 4096
02:32:22.852 - Calculating histogram for /sitespeed.io/20251114_212547/pages/scixplorer_org/search/query-81ef4d13/data/filmstrip/2/ms_003100.png
02:32:22.852 - STREAM b'IHDR' 16 13
02:32:22.852 - STREAM b'pHYs' 41 9
02:32:22.852 - STREAM b'IDAT' 62 4096
02:32:22.858 - Calculating histogram for /sitespeed.io/20251114_212547/pages/scixplorer_org/search/query-81ef4d13/data/filmstrip/2/ms_003133.png
02:32:22.859 - STREAM b'IHDR' 16 13
02:32:22.859 - STREAM b'pHYs' 41 9
02:32:22.859 - STREAM b'IDAT' 62 4096
02:32:22.865 - Calculating histogram for /sitespeed.io/20251114_212547/pages/scixplorer_org/search/query-81ef4d13/data/filmstrip/2/ms_003166.png
02:32:22.865 - STREAM b'IHDR' 16 13
02:32:22.865 - STREAM b'pHYs' 41 9
02:32:22.865 - STREAM b'IDAT' 62 4096
02:32:22.932 - Done calculating histograms
02:32:22.935 - 0ms - 0% Complete
02:32:22.935 - 266ms - 43% Complete
02:32:22.935 - 300ms - 42% Complete
02:32:22.936 - 333ms - 42% Complete
02:32:22.936 - 366ms - 42% Complete
02:32:22.936 - 433ms - 42% Complete
02:32:22.936 - 466ms - 42% Complete
02:32:22.936 - 500ms - 42% Complete
02:32:22.937 - 533ms - 42% Complete
02:32:22.937 - 566ms - 43% Complete
02:32:22.937 - 600ms - 43% Complete
02:32:22.937 - 633ms - 43% Complete
02:32:22.937 - 666ms - 44% Complete
02:32:22.937 - 700ms - 47% Complete
02:32:22.938 - 733ms - 46% Complete
02:32:22.938 - 766ms - 47% Complete
02:32:22.938 - 800ms - 47% Complete
02:32:22.938 - 833ms - 47% Complete
02:32:22.938 - 866ms - 47% Complete
02:32:22.939 - 900ms - 43% Complete
02:32:22.939 - 933ms - 44% Complete
02:32:22.939 - 966ms - 44% Complete
02:32:22.939 - 1000ms - 43% Complete
02:32:22.939 - 1033ms - 43% Complete
02:32:22.940 - 1066ms - 42% Complete
02:32:22.940 - 1100ms - 43% Complete
02:32:22.940 - 1133ms - 42% Complete
02:32:22.940 - 1166ms - 42% Complete
02:32:22.940 - 1200ms - 68% Complete
02:32:22.941 - 1233ms - 69% Complete
02:32:22.941 - 1266ms - 69% Complete
02:32:22.941 - 1300ms - 69% Complete
02:32:22.941 - 1333ms - 69% Complete
02:32:22.941 - 1366ms - 69% Complete
02:32:22.942 - 1400ms - 68% Complete
02:32:22.942 - 1433ms - 69% Complete
02:32:22.942 - 1466ms - 69% Complete
02:32:22.942 - 1500ms - 69% Complete
02:32:22.942 - 1533ms - 94% Complete
02:32:22.942 - 1566ms - 94% Complete
02:32:22.943 - 1600ms - 95% Complete
02:32:22.943 - 1633ms - 95% Complete
02:32:22.943 - 1666ms - 95% Complete
02:32:22.943 - 1700ms - 95% Complete
02:32:22.943 - 1766ms - 96% Complete
02:32:22.944 - 1800ms - 96% Complete
02:32:22.944 - 1833ms - 97% Complete
02:32:22.944 - 1866ms - 97% Complete
02:32:22.944 - 1900ms - 97% Complete
02:32:22.944 - 1933ms - 97% Complete
02:32:22.945 - 1966ms - 97% Complete
02:32:22.945 - 2000ms - 97% Complete
02:32:22.945 - 2033ms - 97% Complete
02:32:22.945 - 2066ms - 97% Complete
02:32:22.945 - 2100ms - 97% Complete
02:32:22.946 - 2133ms - 97% Complete
02:32:22.946 - 2166ms - 97% Complete
02:32:22.946 - 2200ms - 97% Complete
02:32:22.946 - 2233ms - 97% Complete
02:32:22.946 - 2266ms - 97% Complete
02:32:22.947 - 2300ms - 97% Complete
02:32:22.947 - 2333ms - 97% Complete
02:32:22.947 - 2366ms - 97% Complete
02:32:22.947 - 2400ms - 97% Complete
02:32:22.947 - 2433ms - 97% Complete
02:32:22.948 - 2466ms - 97% Complete
02:32:22.948 - 2500ms - 97% Complete
02:32:22.948 - 2533ms - 97% Complete
02:32:22.948 - 2566ms - 97% Complete
02:32:22.948 - 2600ms - 97% Complete
02:32:22.949 - 2633ms - 97% Complete
02:32:22.949 - 2666ms - 98% Complete
02:32:22.949 - 2700ms - 99% Complete
02:32:22.949 - 2733ms - 99% Complete
02:32:22.949 - 2766ms - 99% Complete
02:32:22.949 - 2800ms - 99% Complete
02:32:22.950 - 2833ms - 99% Complete
02:32:22.950 - 2866ms - 99% Complete
02:32:22.950 - 2900ms - 99% Complete
02:32:22.950 - 2933ms - 99% Complete
02:32:22.950 - 2966ms - 99% Complete
02:32:22.951 - 3000ms - 99% Complete
02:32:22.951 - 3033ms - 99% Complete
02:32:22.951 - 3066ms - 99% Complete
02:32:22.951 - 3100ms - 99% Complete
02:32:22.951 - 3133ms - 99% Complete
02:32:22.952 - 3166ms - 100% Complete
02:32:22.952 - Hero elements file is not valid: None
02:32:22.952 - Converting video frames to JPEG
02:32:22.952 - STREAM b'IHDR' 16 13
02:32:22.952 - STREAM b'pHYs' 41 9
02:32:22.952 - STREAM b'IDAT' 62 634
02:32:22.952 - Unable to convert image to sRGB as there is no color profile to transform from.
02:32:22.953 - STREAM b'IHDR' 16 13
02:32:22.953 - STREAM b'pHYs' 41 9
02:32:22.953 - STREAM b'IDAT' 62 4096
02:32:22.953 - Unable to convert image to sRGB as there is no color profile to transform from.
02:32:22.954 - STREAM b'IHDR' 16 13
02:32:22.954 - STREAM b'pHYs' 41 9
02:32:22.954 - STREAM b'IDAT' 62 4096
02:32:22.954 - Unable to convert image to sRGB as there is no color profile to transform from.
02:32:22.954 - STREAM b'IHDR' 16 13
02:32:22.955 - STREAM b'pHYs' 41 9
02:32:22.955 - STREAM b'IDAT' 62 4096
02:32:22.955 - Unable to convert image to sRGB as there is no color profile to transform from.
02:32:22.955 - STREAM b'IHDR' 16 13
02:32:22.955 - STREAM b'pHYs' 41 9
02:32:22.955 - STREAM b'IDAT' 62 4096
02:32:22.955 - Unable to convert image to sRGB as there is no color profile to transform from.
02:32:22.956 - STREAM b'IHDR' 16 13
02:32:22.956 - STREAM b'pHYs' 41 9
02:32:22.956 - STREAM b'IDAT' 62 4096
02:32:22.956 - Unable to convert image to sRGB as there is no color profile to transform from.
02:32:22.957 - STREAM b'IHDR' 16 13
02:32:22.957 - STREAM b'pHYs' 41 9
02:32:22.957 - STREAM b'IDAT' 62 4096
02:32:22.957 - Unable to convert image to sRGB as there is no color profile to transform from.
02:32:22.958 - STREAM b'IHDR' 16 13
02:32:22.958 - STREAM b'pHYs' 41 9
02:32:22.958 - STREAM b'IDAT' 62 4096
02:32:22.958 - Unable to convert image to sRGB as there is no color profile to transform from.
02:32:22.958 - STREAM b'IHDR' 16 13
02:32:22.958 - STREAM b'pHYs' 41 9
02:32:22.958 - STREAM b'IDAT' 62 4096
02:32:22.958 - Unable to convert image to sRGB as there is no color profile to transform from.
02:32:22.959 - STREAM b'IHDR' 16 13
02:32:22.959 - STREAM b'pHYs' 41 9
02:32:22.959 - STREAM b'IDAT' 62 4096
02:32:22.959 - Unable to convert image to sRGB as there is no color profile to transform from.
02:32:22.960 - STREAM b'IHDR' 16 13
02:32:22.960 - STREAM b'pHYs' 41 9
02:32:22.960 - STREAM b'IDAT' 62 4096
02:32:22.960 - Unable to convert image to sRGB as there is no color profile to transform from.
02:32:22.961 - STREAM b'IHDR' 16 13
02:32:22.961 - STREAM b'pHYs' 41 9
02:32:22.961 - STREAM b'IDAT' 62 4096
02:32:22.961 - Unable to convert image to sRGB as there is no color profile to transform from.
02:32:22.962 - STREAM b'IHDR' 16 13
02:32:22.962 - STREAM b'pHYs' 41 9
02:32:22.962 - STREAM b'IDAT' 62 4096
02:32:22.962 - Unable to convert image to sRGB as there is no color profile to transform from.
02:32:22.962 - STREAM b'IHDR' 16 13
02:32:22.962 - STREAM b'pHYs' 41 9
02:32:22.962 - STREAM b'IDAT' 62 4096
02:32:22.962 - Unable to convert image to sRGB as there is no color profile to transform from.
02:32:22.963 - STREAM b'IHDR' 16 13
02:32:22.963 - STREAM b'pHYs' 41 9
02:32:22.963 - STREAM b'IDAT' 62 4096
02:32:22.963 - Unable to convert image to sRGB as there is no color profile to transform from.
02:32:22.964 - STREAM b'IHDR' 16 13
02:32:22.964 - STREAM b'pHYs' 41 9
02:32:22.964 - STREAM b'IDAT' 62 4096
02:32:22.964 - Unable to convert image to sRGB as there is no color profile to transform from.
02:32:22.965 - STREAM b'IHDR' 16 13
02:32:22.965 - STREAM b'pHYs' 41 9
02:32:22.965 - STREAM b'IDAT' 62 4096
02:32:22.965 - Unable to convert image to sRGB as there is no color profile to transform from.
02:32:22.965 - STREAM b'IHDR' 16 13
02:32:22.965 - STREAM b'pHYs' 41 9
02:32:22.966 - STREAM b'IDAT' 62 4096
02:32:22.966 - Unable to convert image to sRGB as there is no color profile to transform from.
02:32:22.966 - STREAM b'IHDR' 16 13
02:32:22.966 - STREAM b'pHYs' 41 9
02:32:22.966 - STREAM b'IDAT' 62 4096
02:32:22.966 - Unable to convert image to sRGB as there is no color profile to transform from.
02:32:22.967 - STREAM b'IHDR' 16 13
02:32:22.967 - STREAM b'pHYs' 41 9
02:32:22.967 - STREAM b'IDAT' 62 4096
02:32:22.967 - Unable to convert image to sRGB as there is no color profile to transform from.
02:32:22.968 - STREAM b'IHDR' 16 13
02:32:22.968 - STREAM b'pHYs' 41 9
02:32:22.968 - STREAM b'IDAT' 62 4096
02:32:22.968 - Unable to convert image to sRGB as there is no color profile to transform from.
02:32:22.969 - STREAM b'IHDR' 16 13
02:32:22.969 - STREAM b'pHYs' 41 9
02:32:22.969 - STREAM b'IDAT' 62 4096
02:32:22.969 - Unable to convert image to sRGB as there is no color profile to transform from.
02:32:22.969 - STREAM b'IHDR' 16 13
02:32:22.969 - STREAM b'pHYs' 41 9
02:32:22.969 - STREAM b'IDAT' 62 4096
02:32:22.969 - Unable to convert image to sRGB as there is no color profile to transform from.
02:32:22.970 - STREAM b'IHDR' 16 13
02:32:22.970 - STREAM b'pHYs' 41 9
02:32:22.970 - STREAM b'IDAT' 62 4096
02:32:22.970 - Unable to convert image to sRGB as there is no color profile to transform from.
02:32:22.971 - STREAM b'IHDR' 16 13
02:32:22.971 - STREAM b'pHYs' 41 9
02:32:22.971 - STREAM b'IDAT' 62 4096
02:32:22.971 - Unable to convert image to sRGB as there is no color profile to transform from.
02:32:22.972 - STREAM b'IHDR' 16 13
02:32:22.972 - STREAM b'pHYs' 41 9
02:32:22.972 - STREAM b'IDAT' 62 4096
02:32:22.972 - Unable to convert image to sRGB as there is no color profile to transform from.
02:32:22.973 - STREAM b'IHDR' 16 13
02:32:22.973 - STREAM b'pHYs' 41 9
02:32:22.973 - STREAM b'IDAT' 62 4096
02:32:22.973 - Unable to convert image to sRGB as there is no color profile to transform from.
02:32:22.973 - STREAM b'IHDR' 16 13
02:32:22.973 - STREAM b'pHYs' 41 9
02:32:22.973 - STREAM b'IDAT' 62 4096
02:32:22.973 - Unable to convert image to sRGB as there is no color profile to transform from.
02:32:22.974 - STREAM b'IHDR' 16 13
02:32:22.974 - STREAM b'pHYs' 41 9
02:32:22.974 - STREAM b'IDAT' 62 4096
02:32:22.974 - Unable to convert image to sRGB as there is no color profile to transform from.
02:32:22.975 - STREAM b'IHDR' 16 13
02:32:22.975 - STREAM b'pHYs' 41 9
02:32:22.975 - STREAM b'IDAT' 62 4096
02:32:22.975 - Unable to convert image to sRGB as there is no color profile to transform from.
02:32:22.976 - STREAM b'IHDR' 16 13
02:32:22.976 - STREAM b'pHYs' 41 9
02:32:22.976 - STREAM b'IDAT' 62 4096
02:32:22.976 - Unable to convert image to sRGB as there is no color profile to transform from.
02:32:22.976 - STREAM b'IHDR' 16 13
02:32:22.977 - STREAM b'pHYs' 41 9
02:32:22.977 - STREAM b'IDAT' 62 4096
02:32:22.977 - Unable to convert image to sRGB as there is no color profile to transform from.
02:32:22.977 - STREAM b'IHDR' 16 13
02:32:22.977 - STREAM b'pHYs' 41 9
02:32:22.977 - STREAM b'IDAT' 62 4096
02:32:22.977 - Unable to convert image to sRGB as there is no color profile to transform from.
02:32:22.978 - STREAM b'IHDR' 16 13
02:32:22.978 - STREAM b'pHYs' 41 9
02:32:22.978 - STREAM b'IDAT' 62 4096
02:32:22.978 - Unable to convert image to sRGB as there is no color profile to transform from.
02:32:22.979 - STREAM b'IHDR' 16 13
02:32:22.979 - STREAM b'pHYs' 41 9
02:32:22.979 - STREAM b'IDAT' 62 4096
02:32:22.979 - Unable to convert image to sRGB as there is no color profile to transform from.
02:32:22.980 - STREAM b'IHDR' 16 13
02:32:22.980 - STREAM b'pHYs' 41 9
02:32:22.980 - STREAM b'IDAT' 62 4096
02:32:22.980 - Unable to convert image to sRGB as there is no color profile to transform from.
02:32:22.980 - STREAM b'IHDR' 16 13
02:32:22.980 - STREAM b'pHYs' 41 9
02:32:22.981 - STREAM b'IDAT' 62 4096
02:32:22.981 - Unable to convert image to sRGB as there is no color profile to transform from.
02:32:22.981 - STREAM b'IHDR' 16 13
02:32:22.981 - STREAM b'pHYs' 41 9
02:32:22.981 - STREAM b'IDAT' 62 4096
02:32:22.981 - Unable to convert image to sRGB as there is no color profile to transform from.
02:32:22.982 - STREAM b'IHDR' 16 13
02:32:22.982 - STREAM b'pHYs' 41 9
02:32:22.982 - STREAM b'IDAT' 62 4096
02:32:22.982 - Unable to convert image to sRGB as there is no color profile to transform from.
02:32:22.983 - STREAM b'IHDR' 16 13
02:32:22.983 - STREAM b'pHYs' 41 9
02:32:22.983 - STREAM b'IDAT' 62 4096
02:32:22.983 - Unable to convert image to sRGB as there is no color profile to transform from.
02:32:22.984 - STREAM b'IHDR' 16 13
02:32:22.984 - STREAM b'pHYs' 41 9
02:32:22.984 - STREAM b'IDAT' 62 4096
02:32:22.984 - Unable to convert image to sRGB as there is no color profile to transform from.
02:32:22.985 - STREAM b'IHDR' 16 13
02:32:22.985 - STREAM b'pHYs' 41 9
02:32:22.985 - STREAM b'IDAT' 62 4096
02:32:22.985 - Unable to convert image to sRGB as there is no color profile to transform from.
02:32:22.986 - STREAM b'IHDR' 16 13
02:32:22.986 - STREAM b'pHYs' 41 9
02:32:22.986 - STREAM b'IDAT' 62 4096
02:32:22.986 - Unable to convert image to sRGB as there is no color profile to transform from.
02:32:22.986 - STREAM b'IHDR' 16 13
02:32:22.986 - STREAM b'pHYs' 41 9
02:32:22.986 - STREAM b'IDAT' 62 4096
02:32:22.986 - Unable to convert image to sRGB as there is no color profile to transform from.
02:32:22.987 - STREAM b'IHDR' 16 13
02:32:22.987 - STREAM b'pHYs' 41 9
02:32:22.987 - STREAM b'IDAT' 62 4096
02:32:22.987 - Unable to convert image to sRGB as there is no color profile to transform from.
02:32:22.988 - STREAM b'IHDR' 16 13
02:32:22.988 - STREAM b'pHYs' 41 9
02:32:22.988 - STREAM b'IDAT' 62 4096
02:32:22.988 - Unable to convert image to sRGB as there is no color profile to transform from.
02:32:22.989 - STREAM b'IHDR' 16 13
02:32:22.989 - STREAM b'pHYs' 41 9
02:32:22.989 - STREAM b'IDAT' 62 4096
02:32:22.989 - Unable to convert image to sRGB as there is no color profile to transform from.
02:32:22.990 - STREAM b'IHDR' 16 13
02:32:22.990 - STREAM b'pHYs' 41 9
02:32:22.990 - STREAM b'IDAT' 62 4096
02:32:22.990 - Unable to convert image to sRGB as there is no color profile to transform from.
02:32:22.991 - STREAM b'IHDR' 16 13
02:32:22.991 - STREAM b'pHYs' 41 9
02:32:22.991 - STREAM b'IDAT' 62 4096
02:32:22.991 - Unable to convert image to sRGB as there is no color profile to transform from.
02:32:22.992 - STREAM b'IHDR' 16 13
02:32:22.992 - STREAM b'pHYs' 41 9
02:32:22.992 - STREAM b'IDAT' 62 4096
02:32:22.992 - Unable to convert image to sRGB as there is no color profile to transform from.
02:32:22.992 - STREAM b'IHDR' 16 13
02:32:22.992 - STREAM b'pHYs' 41 9
02:32:22.992 - STREAM b'IDAT' 62 4096
02:32:22.993 - Unable to convert image to sRGB as there is no color profile to transform from.
02:32:22.993 - STREAM b'IHDR' 16 13
02:32:22.993 - STREAM b'pHYs' 41 9
02:32:22.993 - STREAM b'IDAT' 62 4096
02:32:22.993 - Unable to convert image to sRGB as there is no color profile to transform from.
02:32:22.994 - STREAM b'IHDR' 16 13
02:32:22.994 - STREAM b'pHYs' 41 9
02:32:22.994 - STREAM b'IDAT' 62 4096
02:32:22.994 - Unable to convert image to sRGB as there is no color profile to transform from.
02:32:22.995 - STREAM b'IHDR' 16 13
02:32:22.995 - STREAM b'pHYs' 41 9
02:32:22.995 - STREAM b'IDAT' 62 4096
02:32:22.995 - Unable to convert image to sRGB as there is no color profile to transform from.
02:32:22.996 - STREAM b'IHDR' 16 13
02:32:22.996 - STREAM b'pHYs' 41 9
02:32:22.996 - STREAM b'IDAT' 62 4096
02:32:22.996 - Unable to convert image to sRGB as there is no color profile to transform from.
02:32:22.997 - STREAM b'IHDR' 16 13
02:32:22.997 - STREAM b'pHYs' 41 9
02:32:22.997 - STREAM b'IDAT' 62 4096
02:32:22.997 - Unable to convert image to sRGB as there is no color profile to transform from.
02:32:22.998 - STREAM b'IHDR' 16 13
02:32:22.998 - STREAM b'pHYs' 41 9
02:32:22.998 - STREAM b'IDAT' 62 4096
02:32:22.998 - Unable to convert image to sRGB as there is no color profile to transform from.
02:32:22.998 - STREAM b'IHDR' 16 13
02:32:22.998 - STREAM b'pHYs' 41 9
02:32:22.999 - STREAM b'IDAT' 62 4096
02:32:22.999 - Unable to convert image to sRGB as there is no color profile to transform from.
02:32:22.999 - STREAM b'IHDR' 16 13
02:32:22.999 - STREAM b'pHYs' 41 9
02:32:22.999 - STREAM b'IDAT' 62 4096
02:32:22.999 - Unable to convert image to sRGB as there is no color profile to transform from.
02:32:23.000 - STREAM b'IHDR' 16 13
02:32:23.000 - STREAM b'pHYs' 41 9
02:32:23.000 - STREAM b'IDAT' 62 4096
02:32:23.000 - Unable to convert image to sRGB as there is no color profile to transform from.
02:32:23.001 - STREAM b'IHDR' 16 13
02:32:23.001 - STREAM b'pHYs' 41 9
02:32:23.001 - STREAM b'IDAT' 62 4096
02:32:23.001 - Unable to convert image to sRGB as there is no color profile to transform from.
02:32:23.002 - STREAM b'IHDR' 16 13
02:32:23.002 - STREAM b'pHYs' 41 9
02:32:23.002 - STREAM b'IDAT' 62 4096
02:32:23.002 - Unable to convert image to sRGB as there is no color profile to transform from.
02:32:23.003 - STREAM b'IHDR' 16 13
02:32:23.003 - STREAM b'pHYs' 41 9
02:32:23.003 - STREAM b'IDAT' 62 4096
02:32:23.003 - Unable to convert image to sRGB as there is no color profile to transform from.
02:32:23.004 - STREAM b'IHDR' 16 13
02:32:23.004 - STREAM b'pHYs' 41 9
02:32:23.004 - STREAM b'IDAT' 62 4096
02:32:23.004 - Unable to convert image to sRGB as there is no color profile to transform from.
02:32:23.004 - STREAM b'IHDR' 16 13
02:32:23.005 - STREAM b'pHYs' 41 9
02:32:23.005 - STREAM b'IDAT' 62 4096
02:32:23.005 - Unable to convert image to sRGB as there is no color profile to transform from.
02:32:23.005 - STREAM b'IHDR' 16 13
02:32:23.005 - STREAM b'pHYs' 41 9
02:32:23.005 - STREAM b'IDAT' 62 4096
02:32:23.005 - Unable to convert image to sRGB as there is no color profile to transform from.
02:32:23.006 - STREAM b'IHDR' 16 13
02:32:23.006 - STREAM b'pHYs' 41 9
02:32:23.006 - STREAM b'IDAT' 62 4096
02:32:23.006 - Unable to convert image to sRGB as there is no color profile to transform from.
02:32:23.007 - STREAM b'IHDR' 16 13
02:32:23.007 - STREAM b'pHYs' 41 9
02:32:23.007 - STREAM b'IDAT' 62 4096
02:32:23.007 - Unable to convert image to sRGB as there is no color profile to transform from.
02:32:23.008 - STREAM b'IHDR' 16 13
02:32:23.008 - STREAM b'pHYs' 41 9
02:32:23.008 - STREAM b'IDAT' 62 4096
02:32:23.008 - Unable to convert image to sRGB as there is no color profile to transform from.
02:32:23.009 - STREAM b'IHDR' 16 13
02:32:23.009 - STREAM b'pHYs' 41 9
02:32:23.009 - STREAM b'IDAT' 62 4096
02:32:23.009 - Unable to convert image to sRGB as there is no color profile to transform from.
02:32:23.010 - STREAM b'IHDR' 16 13
02:32:23.010 - STREAM b'pHYs' 41 9
02:32:23.010 - STREAM b'IDAT' 62 4096
02:32:23.010 - Unable to convert image to sRGB as there is no color profile to transform from.
02:32:23.010 - STREAM b'IHDR' 16 13
02:32:23.011 - STREAM b'pHYs' 41 9
02:32:23.011 - STREAM b'IDAT' 62 4096
02:32:23.011 - Unable to convert image to sRGB as there is no color profile to transform from.
02:32:23.011 - STREAM b'IHDR' 16 13
02:32:23.011 - STREAM b'pHYs' 41 9
02:32:23.011 - STREAM b'IDAT' 62 4096
02:32:23.011 - Unable to convert image to sRGB as there is no color profile to transform from.
02:32:23.012 - STREAM b'IHDR' 16 13
02:32:23.012 - STREAM b'pHYs' 41 9
02:32:23.012 - STREAM b'IDAT' 62 4096
02:32:23.012 - Unable to convert image to sRGB as there is no color profile to transform from.
02:32:23.013 - STREAM b'IHDR' 16 13
02:32:23.013 - STREAM b'pHYs' 41 9
02:32:23.013 - STREAM b'IDAT' 62 4096
02:32:23.013 - Unable to convert image to sRGB as there is no color profile to transform from.
02:32:23.014 - STREAM b'IHDR' 16 13
02:32:23.014 - STREAM b'pHYs' 41 9
02:32:23.014 - STREAM b'IDAT' 62 4096
02:32:23.014 - Unable to convert image to sRGB as there is no color profile to transform from.
02:32:23.015 - STREAM b'IHDR' 16 13
02:32:23.015 - STREAM b'pHYs' 41 9
02:32:23.015 - STREAM b'IDAT' 62 4096
02:32:23.015 - Unable to convert image to sRGB as there is no color profile to transform from.
02:32:23.016 - STREAM b'IHDR' 16 13
02:32:23.016 - STREAM b'pHYs' 41 9
02:32:23.016 - STREAM b'IDAT' 62 4096
02:32:23.016 - Unable to convert image to sRGB as there is no color profile to transform from.
02:32:23.017 - STREAM b'IHDR' 16 13
02:32:23.017 - STREAM b'pHYs' 41 9
02:32:23.017 - STREAM b'IDAT' 62 4096
02:32:23.017 - Unable to convert image to sRGB as there is no color profile to transform from.
02:32:23.017 - STREAM b'IHDR' 16 13
02:32:23.017 - STREAM b'pHYs' 41 9
02:32:23.017 - STREAM b'IDAT' 62 4096
02:32:23.017 - Unable to convert image to sRGB as there is no color profile to transform from.
02:32:23.018 - STREAM b'IHDR' 16 13
02:32:23.018 - STREAM b'pHYs' 41 9
02:32:23.018 - STREAM b'IDAT' 62 4096
02:32:23.018 - Unable to convert image to sRGB as there is no color profile to transform from.
02:32:23.019 - STREAM b'IHDR' 16 13
02:32:23.019 - STREAM b'pHYs' 41 9
02:32:23.019 - STREAM b'IDAT' 62 4096
02:32:23.019 - Unable to convert image to sRGB as there is no color profile to transform from.
02:32:23.020 - STREAM b'IHDR' 16 13
02:32:23.020 - STREAM b'pHYs' 41 9
02:32:23.020 - STREAM b'IDAT' 62 4096
02:32:23.020 - Unable to convert image to sRGB as there is no color profile to transform from.
02:32:23.021 - STREAM b'IHDR' 16 13
02:32:23.021 - STREAM b'pHYs' 41 9
02:32:23.021 - STREAM b'IDAT' 62 4096
02:32:23.021 - Unable to convert image to sRGB as there is no color profile to transform from.
02:32:23.022 - STREAM b'IHDR' 16 13
02:32:23.022 - STREAM b'pHYs' 41 9
02:32:23.022 - STREAM b'IDAT' 62 4096
02:32:23.022 - Unable to convert image to sRGB as there is no color profile to transform from.
02:32:23.023 - STREAM b'IHDR' 16 13
02:32:23.023 - STREAM b'pHYs' 41 9
02:32:23.023 - STREAM b'IDAT' 62 4096
02:32:23.023 - Unable to convert image to sRGB as there is no color profile to transform from.
02:32:23.023 - STREAM b'IHDR' 16 13
02:32:23.023 - STREAM b'pHYs' 41 9
02:32:23.023 - STREAM b'IDAT' 62 4096
02:32:23.023 - Unable to convert image to sRGB as there is no color profile to transform from.
02:32:23.024 - Done converting video frames to JPEG
