02:32:36.915 - FFMPEG found
02:32:36.915 - Python 3.6+ found
02:32:36.959 - Numpy found
02:32:36.980 - OpenCV-Python found
02:32:36.993 - Pillow found
02:32:37.255 - SSIM found
02:32:37.259 - Processing frames from video /sitespeed.io/20251114_212547/pages/scixplorer_org/search/query-81ef4d13/data/video/3.mp4 to /sitespeed.io/20251114_212547/pages/scixplorer_org/search/query-81ef4d13/data/filmstrip/3
02:32:37.259 - ['ffprobe', '/sitespeed.io/20251114_212547/pages/scixplorer_org/search/query-81ef4d13/data/video/3.mp4']
02:32:37.265 - Finding Video Viewport...
02:32:37.265 - Using frame 0
02:32:37.329 - STREAM b'IHDR' 16 13
02:32:37.329 - STREAM b'pHYs' 41 9
02:32:37.329 - STREAM b'IDAT' 62 4096
02:32:37.329 - /sitespeed.io/20251114_212547/pages/scixplorer_org/search/query-81ef4d13/data/filmstrip/3/viewport.png is 1366x708
02:32:37.329 - Finding the viewport for /sitespeed.io/20251114_212547/pages/scixplorer_org/search/query-81ef4d13/data/filmstrip/3/viewport.png
02:32:37.330 - STREAM b'IHDR' 16 13
02:32:37.330 - STREAM b'pHYs' 41 9
02:32:37.330 - STREAM b'IDAT' 62 4096
02:32:37.334 - Viewport left edge is 0
02:32:37.335 - Viewport right edge is 1363
02:32:37.335 - Viewport top edge is 88
02:32:37.335 - Viewport bottom edge is 704
02:32:37.346 - Extracting frames from /sitespeed.io/20251114_212547/pages/scixplorer_org/search/query-81ef4d13/data/video/3.mp4 to /sitespeed.io/20251114_212547/pages/scixplorer_org/search/query-81ef4d13/data/filmstrip/3
02:32:37.348 - ffmpeg -v debug -i /sitespeed.io/20251114_212547/pages/scixplorer_org/search/query-81ef4d13/data/video/3.mp4 -vsync 0 -vf crop=1363:616:0:88,scale=iw*min(400/iw\,400/ih):ih*min(400/iw\,400/ih),mpdecimate=0:64:640:0.001 /sitespeed.io/20251114_212547/pages/scixplorer_org/search/query-81ef4d13/data/filmstrip/3/img-%d.png
02:32:37.551 - Renaming /sitespeed.io/20251114_212547/pages/scixplorer_org/search/query-81ef4d13/data/filmstrip/3/img-1.png to /sitespeed.io/20251114_212547/pages/scixplorer_org/search/query-81ef4d13/data/filmstrip/3/video-000000.png
02:32:37.551 - Renaming /sitespeed.io/20251114_212547/pages/scixplorer_org/search/query-81ef4d13/data/filmstrip/3/img-2.png to /sitespeed.io/20251114_212547/pages/scixplorer_org/search/query-81ef4d13/data/filmstrip/3/video-000900.png
02:32:37.551 - Renaming /sitespeed.io/20251114_212547/pages/scixplorer_org/search/query-81ef4d13/data/filmstrip/3/img-3.png to /sitespeed.io/20251114_212547/pages/scixplorer_org/search/query-81ef4d13/data/filmstrip/3/video-001233.png
02:32:37.551 - Renaming /sitespeed.io/20251114_212547/pages/scixplorer_org/search/query-81ef4d13/data/filmstrip/3/img-4.png to /sitespeed.io/20251114_212547/pages/scixplorer_org/search/query-81ef4d13/data/filmstrip/3/video-001266.png
02:32:37.551 - Renaming /sitespeed.io/20251114_212547/pages/scixplorer_org/search/query-81ef4d13/data/filmstrip/3/img-5.png to /sitespeed.io/20251114_212547/pages/scixplorer_org/search/query-81ef4d13/data/filmstrip/3/video-001300.png
02:32:37.551 - Renaming /sitespeed.io/20251114_212547/pages/scixplorer_org/search/query-81ef4d13/data/filmstrip/3/img-6.png to /sitespeed.io/20251114_212547/pages/scixplorer_org/search/query-81ef4d13/data/filmstrip/3/video-001333.png
02:32:37.551 - Renaming /sitespeed.io/20251114_212547/pages/scixplorer_org/search/query-81ef4d13/data/filmstrip/3/img-7.png to /sitespeed.io/20251114_212547/pages/scixplorer_org/search/query-81ef4d13/data/filmstrip/3/video-001366.png
02:32:37.551 - Renaming /sitespeed.io/20251114_212547/pages/scixplorer_org/search/query-81ef4d13/data/filmstrip/3/img-8.png to /sitespeed.io/20251114_212547/pages/scixplorer_org/search/query-81ef4d13/data/filmstrip/3/video-001400.png
02:32:37.551 - Renaming /sitespeed.io/20251114_212547/pages/scixplorer_org/search/query-81ef4d13/data/filmstrip/3/img-9.png to /sitespeed.io/20251114_212547/pages/scixplorer_org/search/query-81ef4d13/data/filmstrip/3/video-001433.png
02:32:37.552 - Renaming /sitespeed.io/20251114_212547/pages/scixplorer_org/search/query-81ef4d13/data/filmstrip/3/img-10.png to /sitespeed.io/20251114_212547/pages/scixplorer_org/search/query-81ef4d13/data/filmstrip/3/video-001466.png
02:32:37.552 - Renaming /sitespeed.io/20251114_212547/pages/scixplorer_org/search/query-81ef4d13/data/filmstrip/3/img-11.png to /sitespeed.io/20251114_212547/pages/scixplorer_org/search/query-81ef4d13/data/filmstrip/3/video-001500.png
02:32:37.552 - Renaming /sitespeed.io/20251114_212547/pages/scixplorer_org/search/query-81ef4d13/data/filmstrip/3/img-12.png to /sitespeed.io/20251114_212547/pages/scixplorer_org/search/query-81ef4d13/data/filmstrip/3/video-001533.png
02:32:37.552 - Renaming /sitespeed.io/20251114_212547/pages/scixplorer_org/search/query-81ef4d13/data/filmstrip/3/img-13.png to /sitespeed.io/20251114_212547/pages/scixplorer_org/search/query-81ef4d13/data/filmstrip/3/video-001566.png
02:32:37.552 - Renaming /sitespeed.io/20251114_212547/pages/scixplorer_org/search/query-81ef4d13/data/filmstrip/3/img-14.png to /sitespeed.io/20251114_212547/pages/scixplorer_org/search/query-81ef4d13/data/filmstrip/3/video-001600.png
02:32:37.552 - Renaming /sitespeed.io/20251114_212547/pages/scixplorer_org/search/query-81ef4d13/data/filmstrip/3/img-15.png to /sitespeed.io/20251114_212547/pages/scixplorer_org/search/query-81ef4d13/data/filmstrip/3/video-001633.png
02:32:37.552 - Renaming /sitespeed.io/20251114_212547/pages/scixplorer_org/search/query-81ef4d13/data/filmstrip/3/img-16.png to /sitespeed.io/20251114_212547/pages/scixplorer_org/search/query-81ef4d13/data/filmstrip/3/video-001666.png
02:32:37.552 - Renaming /sitespeed.io/20251114_212547/pages/scixplorer_org/search/query-81ef4d13/data/filmstrip/3/img-17.png to /sitespeed.io/20251114_212547/pages/scixplorer_org/search/query-81ef4d13/data/filmstrip/3/video-001700.png
02:32:37.552 - Renaming /sitespeed.io/20251114_212547/pages/scixplorer_org/search/query-81ef4d13/data/filmstrip/3/img-18.png to /sitespeed.io/20251114_212547/pages/scixplorer_org/search/query-81ef4d13/data/filmstrip/3/video-001733.png
02:32:37.552 - Renaming /sitespeed.io/20251114_212547/pages/scixplorer_org/search/query-81ef4d13/data/filmstrip/3/img-19.png to /sitespeed.io/20251114_212547/pages/scixplorer_org/search/query-81ef4d13/data/filmstrip/3/video-001766.png
02:32:37.552 - Renaming /sitespeed.io/20251114_212547/pages/scixplorer_org/search/query-81ef4d13/data/filmstrip/3/img-20.png to /sitespeed.io/20251114_212547/pages/scixplorer_org/search/query-81ef4d13/data/filmstrip/3/video-001800.png
02:32:37.552 - Renaming /sitespeed.io/20251114_212547/pages/scixplorer_org/search/query-81ef4d13/data/filmstrip/3/img-21.png to /sitespeed.io/20251114_212547/pages/scixplorer_org/search/query-81ef4d13/data/filmstrip/3/video-001833.png
02:32:37.552 - Renaming /sitespeed.io/20251114_212547/pages/scixplorer_org/search/query-81ef4d13/data/filmstrip/3/img-22.png to /sitespeed.io/20251114_212547/pages/scixplorer_org/search/query-81ef4d13/data/filmstrip/3/video-001866.png
02:32:37.552 - Renaming /sitespeed.io/20251114_212547/pages/scixplorer_org/search/query-81ef4d13/data/filmstrip/3/img-23.png to /sitespeed.io/20251114_212547/pages/scixplorer_org/search/query-81ef4d13/data/filmstrip/3/video-001900.png
02:32:37.552 - Renaming /sitespeed.io/20251114_212547/pages/scixplorer_org/search/query-81ef4d13/data/filmstrip/3/img-24.png to /sitespeed.io/20251114_212547/pages/scixplorer_org/search/query-81ef4d13/data/filmstrip/3/video-001933.png
02:32:37.552 - Renaming /sitespeed.io/20251114_212547/pages/scixplorer_org/search/query-81ef4d13/data/filmstrip/3/img-25.png to /sitespeed.io/20251114_212547/pages/scixplorer_org/search/query-81ef4d13/data/filmstrip/3/video-001966.png
02:32:37.552 - Renaming /sitespeed.io/20251114_212547/pages/scixplorer_org/search/query-81ef4d13/data/filmstrip/3/img-26.png to /sitespeed.io/20251114_212547/pages/scixplorer_org/search/query-81ef4d13/data/filmstrip/3/video-002000.png
02:32:37.552 - Renaming /sitespeed.io/20251114_212547/pages/scixplorer_org/search/query-81ef4d13/data/filmstrip/3/img-27.png to /sitespeed.io/20251114_212547/pages/scixplorer_org/search/query-81ef4d13/data/filmstrip/3/video-002033.png
02:32:37.552 - Renaming /sitespeed.io/20251114_212547/pages/scixplorer_org/search/query-81ef4d13/data/filmstrip/3/img-28.png to /sitespeed.io/20251114_212547/pages/scixplorer_org/search/query-81ef4d13/data/filmstrip/3/video-002066.png
02:32:37.552 - Renaming /sitespeed.io/20251114_212547/pages/scixplorer_org/search/query-81ef4d13/data/filmstrip/3/img-29.png to /sitespeed.io/20251114_212547/pages/scixplorer_org/search/query-81ef4d13/data/filmstrip/3/video-002100.png
02:32:37.552 - Renaming /sitespeed.io/20251114_212547/pages/scixplorer_org/search/query-81ef4d13/data/filmstrip/3/img-30.png to /sitespeed.io/20251114_212547/pages/scixplorer_org/search/query-81ef4d13/data/filmstrip/3/video-002133.png
02:32:37.552 - Renaming /sitespeed.io/20251114_212547/pages/scixplorer_org/search/query-81ef4d13/data/filmstrip/3/img-31.png to /sitespeed.io/20251114_212547/pages/scixplorer_org/search/query-81ef4d13/data/filmstrip/3/video-002166.png
02:32:37.553 - Renaming /sitespeed.io/20251114_212547/pages/scixplorer_org/search/query-81ef4d13/data/filmstrip/3/img-32.png to /sitespeed.io/20251114_212547/pages/scixplorer_org/search/query-81ef4d13/data/filmstrip/3/video-002200.png
02:32:37.553 - Renaming /sitespeed.io/20251114_212547/pages/scixplorer_org/search/query-81ef4d13/data/filmstrip/3/img-33.png to /sitespeed.io/20251114_212547/pages/scixplorer_org/search/query-81ef4d13/data/filmstrip/3/video-002233.png
02:32:37.553 - Renaming /sitespeed.io/20251114_212547/pages/scixplorer_org/search/query-81ef4d13/data/filmstrip/3/img-34.png to /sitespeed.io/20251114_212547/pages/scixplorer_org/search/query-81ef4d13/data/filmstrip/3/video-002266.png
02:32:37.553 - Renaming /sitespeed.io/20251114_212547/pages/scixplorer_org/search/query-81ef4d13/data/filmstrip/3/img-35.png to /sitespeed.io/20251114_212547/pages/scixplorer_org/search/query-81ef4d13/data/filmstrip/3/video-002300.png
02:32:37.553 - Renaming /sitespeed.io/20251114_212547/pages/scixplorer_org/search/query-81ef4d13/data/filmstrip/3/img-36.png to /sitespeed.io/20251114_212547/pages/scixplorer_org/search/query-81ef4d13/data/filmstrip/3/video-002333.png
02:32:37.553 - Renaming /sitespeed.io/20251114_212547/pages/scixplorer_org/search/query-81ef4d13/data/filmstrip/3/img-37.png to /sitespeed.io/20251114_212547/pages/scixplorer_org/search/query-81ef4d13/data/filmstrip/3/video-002366.png
02:32:37.553 - Renaming /sitespeed.io/20251114_212547/pages/scixplorer_org/search/query-81ef4d13/data/filmstrip/3/img-38.png to /sitespeed.io/20251114_212547/pages/scixplorer_org/search/query-81ef4d13/data/filmstrip/3/video-002400.png
02:32:37.553 - Renaming /sitespeed.io/20251114_212547/pages/scixplorer_org/search/query-81ef4d13/data/filmstrip/3/img-39.png to /sitespeed.io/20251114_212547/pages/scixplorer_org/search/query-81ef4d13/data/filmstrip/3/video-002433.png
02:32:37.553 - Renaming /sitespeed.io/20251114_212547/pages/scixplorer_org/search/query-81ef4d13/data/filmstrip/3/img-40.png to /sitespeed.io/20251114_212547/pages/scixplorer_org/search/query-81ef4d13/data/filmstrip/3/video-002466.png
02:32:37.553 - Renaming /sitespeed.io/20251114_212547/pages/scixplorer_org/search/query-81ef4d13/data/filmstrip/3/img-41.png to /sitespeed.io/20251114_212547/pages/scixplorer_org/search/query-81ef4d13/data/filmstrip/3/video-002500.png
02:32:37.553 - Renaming /sitespeed.io/20251114_212547/pages/scixplorer_org/search/query-81ef4d13/data/filmstrip/3/img-42.png to /sitespeed.io/20251114_212547/pages/scixplorer_org/search/query-81ef4d13/data/filmstrip/3/video-002533.png
02:32:37.553 - Renaming /sitespeed.io/20251114_212547/pages/scixplorer_org/search/query-81ef4d13/data/filmstrip/3/img-43.png to /sitespeed.io/20251114_212547/pages/scixplorer_org/search/query-81ef4d13/data/filmstrip/3/video-002566.png
02:32:37.553 - Renaming /sitespeed.io/20251114_212547/pages/scixplorer_org/search/query-81ef4d13/data/filmstrip/3/img-44.png to /sitespeed.io/20251114_212547/pages/scixplorer_org/search/query-81ef4d13/data/filmstrip/3/video-002666.png
02:32:37.553 - Renaming /sitespeed.io/20251114_212547/pages/scixplorer_org/search/query-81ef4d13/data/filmstrip/3/img-45.png to /sitespeed.io/20251114_212547/pages/scixplorer_org/search/query-81ef4d13/data/filmstrip/3/video-002700.png
02:32:37.553 - Renaming /sitespeed.io/20251114_212547/pages/scixplorer_org/search/query-81ef4d13/data/filmstrip/3/img-46.png to /sitespeed.io/20251114_212547/pages/scixplorer_org/search/query-81ef4d13/data/filmstrip/3/video-002733.png
02:32:37.553 - Renaming /sitespeed.io/20251114_212547/pages/scixplorer_org/search/query-81ef4d13/data/filmstrip/3/img-47.png to /sitespeed.io/20251114_212547/pages/scixplorer_org/search/query-81ef4d13/data/filmstrip/3/video-002766.png
02:32:37.553 - Renaming /sitespeed.io/20251114_212547/pages/scixplorer_org/search/query-81ef4d13/data/filmstrip/3/img-48.png to /sitespeed.io/20251114_212547/pages/scixplorer_org/search/query-81ef4d13/data/filmstrip/3/video-002800.png
02:32:37.553 - Renaming /sitespeed.io/20251114_212547/pages/scixplorer_org/search/query-81ef4d13/data/filmstrip/3/img-49.png to /sitespeed.io/20251114_212547/pages/scixplorer_org/search/query-81ef4d13/data/filmstrip/3/video-002833.png
02:32:37.553 - Renaming /sitespeed.io/20251114_212547/pages/scixplorer_org/search/query-81ef4d13/data/filmstrip/3/img-50.png to /sitespeed.io/20251114_212547/pages/scixplorer_org/search/query-81ef4d13/data/filmstrip/3/video-002866.png
02:32:37.553 - Renaming /sitespeed.io/20251114_212547/pages/scixplorer_org/search/query-81ef4d13/data/filmstrip/3/img-51.png to /sitespeed.io/20251114_212547/pages/scixplorer_org/search/query-81ef4d13/data/filmstrip/3/video-002900.png
02:32:37.553 - Renaming /sitespeed.io/20251114_212547/pages/scixplorer_org/search/query-81ef4d13/data/filmstrip/3/img-52.png to /sitespeed.io/20251114_212547/pages/scixplorer_org/search/query-81ef4d13/data/filmstrip/3/video-002933.png
02:32:37.554 - Renaming /sitespeed.io/20251114_212547/pages/scixplorer_org/search/query-81ef4d13/data/filmstrip/3/img-53.png to /sitespeed.io/20251114_212547/pages/scixplorer_org/search/query-81ef4d13/data/filmstrip/3/video-002966.png
02:32:37.554 - Renaming /sitespeed.io/20251114_212547/pages/scixplorer_org/search/query-81ef4d13/data/filmstrip/3/img-54.png to /sitespeed.io/20251114_212547/pages/scixplorer_org/search/query-81ef4d13/data/filmstrip/3/video-003000.png
02:32:37.554 - Renaming /sitespeed.io/20251114_212547/pages/scixplorer_org/search/query-81ef4d13/data/filmstrip/3/img-55.png to /sitespeed.io/20251114_212547/pages/scixplorer_org/search/query-81ef4d13/data/filmstrip/3/video-003033.png
02:32:37.554 - Renaming /sitespeed.io/20251114_212547/pages/scixplorer_org/search/query-81ef4d13/data/filmstrip/3/img-56.png to /sitespeed.io/20251114_212547/pages/scixplorer_org/search/query-81ef4d13/data/filmstrip/3/video-003066.png
02:32:37.554 - Renaming /sitespeed.io/20251114_212547/pages/scixplorer_org/search/query-81ef4d13/data/filmstrip/3/img-57.png to /sitespeed.io/20251114_212547/pages/scixplorer_org/search/query-81ef4d13/data/filmstrip/3/video-003100.png
02:32:37.554 - Renaming /sitespeed.io/20251114_212547/pages/scixplorer_org/search/query-81ef4d13/data/filmstrip/3/img-58.png to /sitespeed.io/20251114_212547/pages/scixplorer_org/search/query-81ef4d13/data/filmstrip/3/video-003133.png
02:32:37.554 - Renaming /sitespeed.io/20251114_212547/pages/scixplorer_org/search/query-81ef4d13/data/filmstrip/3/img-59.png to /sitespeed.io/20251114_212547/pages/scixplorer_org/search/query-81ef4d13/data/filmstrip/3/video-003166.png
02:32:37.554 - Renaming /sitespeed.io/20251114_212547/pages/scixplorer_org/search/query-81ef4d13/data/filmstrip/3/img-60.png to /sitespeed.io/20251114_212547/pages/scixplorer_org/search/query-81ef4d13/data/filmstrip/3/video-003200.png
02:32:37.554 - Renaming /sitespeed.io/20251114_212547/pages/scixplorer_org/search/query-81ef4d13/data/filmstrip/3/img-61.png to /sitespeed.io/20251114_212547/pages/scixplorer_org/search/query-81ef4d13/data/filmstrip/3/video-003233.png
02:32:37.554 - Renaming /sitespeed.io/20251114_212547/pages/scixplorer_org/search/query-81ef4d13/data/filmstrip/3/img-62.png to /sitespeed.io/20251114_212547/pages/scixplorer_org/search/query-81ef4d13/data/filmstrip/3/video-003266.png
02:32:37.554 - Renaming /sitespeed.io/20251114_212547/pages/scixplorer_org/search/query-81ef4d13/data/filmstrip/3/img-63.png to /sitespeed.io/20251114_212547/pages/scixplorer_org/search/query-81ef4d13/data/filmstrip/3/video-003300.png
02:32:37.554 - Renaming /sitespeed.io/20251114_212547/pages/scixplorer_org/search/query-81ef4d13/data/filmstrip/3/img-64.png to /sitespeed.io/20251114_212547/pages/scixplorer_org/search/query-81ef4d13/data/filmstrip/3/video-003333.png
02:32:37.554 - Renaming /sitespeed.io/20251114_212547/pages/scixplorer_org/search/query-81ef4d13/data/filmstrip/3/img-65.png to /sitespeed.io/20251114_212547/pages/scixplorer_org/search/query-81ef4d13/data/filmstrip/3/video-003366.png
02:32:37.554 - Renaming /sitespeed.io/20251114_212547/pages/scixplorer_org/search/query-81ef4d13/data/filmstrip/3/img-66.png to /sitespeed.io/20251114_212547/pages/scixplorer_org/search/query-81ef4d13/data/filmstrip/3/video-003400.png
02:32:37.554 - Renaming /sitespeed.io/20251114_212547/pages/scixplorer_org/search/query-81ef4d13/data/filmstrip/3/img-67.png to /sitespeed.io/20251114_212547/pages/scixplorer_org/search/query-81ef4d13/data/filmstrip/3/video-003433.png
02:32:37.554 - Renaming /sitespeed.io/20251114_212547/pages/scixplorer_org/search/query-81ef4d13/data/filmstrip/3/img-68.png to /sitespeed.io/20251114_212547/pages/scixplorer_org/search/query-81ef4d13/data/filmstrip/3/video-003466.png
02:32:37.554 - Renaming /sitespeed.io/20251114_212547/pages/scixplorer_org/search/query-81ef4d13/data/filmstrip/3/img-69.png to /sitespeed.io/20251114_212547/pages/scixplorer_org/search/query-81ef4d13/data/filmstrip/3/video-003500.png
02:32:37.554 - Renaming /sitespeed.io/20251114_212547/pages/scixplorer_org/search/query-81ef4d13/data/filmstrip/3/img-70.png to /sitespeed.io/20251114_212547/pages/scixplorer_org/search/query-81ef4d13/data/filmstrip/3/video-003533.png
02:32:37.554 - Renaming /sitespeed.io/20251114_212547/pages/scixplorer_org/search/query-81ef4d13/data/filmstrip/3/img-71.png to /sitespeed.io/20251114_212547/pages/scixplorer_org/search/query-81ef4d13/data/filmstrip/3/video-003566.png
02:32:37.554 - Renaming /sitespeed.io/20251114_212547/pages/scixplorer_org/search/query-81ef4d13/data/filmstrip/3/img-72.png to /sitespeed.io/20251114_212547/pages/scixplorer_org/search/query-81ef4d13/data/filmstrip/3/video-003600.png
02:32:37.554 - Renaming /sitespeed.io/20251114_212547/pages/scixplorer_org/search/query-81ef4d13/data/filmstrip/3/img-73.png to /sitespeed.io/20251114_212547/pages/scixplorer_org/search/query-81ef4d13/data/filmstrip/3/video-003633.png
02:32:37.555 - Renaming /sitespeed.io/20251114_212547/pages/scixplorer_org/search/query-81ef4d13/data/filmstrip/3/img-74.png to /sitespeed.io/20251114_212547/pages/scixplorer_org/search/query-81ef4d13/data/filmstrip/3/video-003666.png
02:32:37.555 - Renaming /sitespeed.io/20251114_212547/pages/scixplorer_org/search/query-81ef4d13/data/filmstrip/3/img-75.png to /sitespeed.io/20251114_212547/pages/scixplorer_org/search/query-81ef4d13/data/filmstrip/3/video-003700.png
02:32:37.555 - Renaming /sitespeed.io/20251114_212547/pages/scixplorer_org/search/query-81ef4d13/data/filmstrip/3/img-76.png to /sitespeed.io/20251114_212547/pages/scixplorer_org/search/query-81ef4d13/data/filmstrip/3/video-003733.png
02:32:37.555 - Renaming /sitespeed.io/20251114_212547/pages/scixplorer_org/search/query-81ef4d13/data/filmstrip/3/img-77.png to /sitespeed.io/20251114_212547/pages/scixplorer_org/search/query-81ef4d13/data/filmstrip/3/video-003766.png
02:32:37.555 - Renaming /sitespeed.io/20251114_212547/pages/scixplorer_org/search/query-81ef4d13/data/filmstrip/3/img-78.png to /sitespeed.io/20251114_212547/pages/scixplorer_org/search/query-81ef4d13/data/filmstrip/3/video-003800.png
02:32:37.555 - Renaming /sitespeed.io/20251114_212547/pages/scixplorer_org/search/query-81ef4d13/data/filmstrip/3/img-79.png to /sitespeed.io/20251114_212547/pages/scixplorer_org/search/query-81ef4d13/data/filmstrip/3/video-003833.png
02:32:37.555 - Renaming /sitespeed.io/20251114_212547/pages/scixplorer_org/search/query-81ef4d13/data/filmstrip/3/img-80.png to /sitespeed.io/20251114_212547/pages/scixplorer_org/search/query-81ef4d13/data/filmstrip/3/video-003866.png
02:32:37.555 - Renaming /sitespeed.io/20251114_212547/pages/scixplorer_org/search/query-81ef4d13/data/filmstrip/3/img-81.png to /sitespeed.io/20251114_212547/pages/scixplorer_org/search/query-81ef4d13/data/filmstrip/3/video-003900.png
02:32:37.555 - Renaming /sitespeed.io/20251114_212547/pages/scixplorer_org/search/query-81ef4d13/data/filmstrip/3/img-82.png to /sitespeed.io/20251114_212547/pages/scixplorer_org/search/query-81ef4d13/data/filmstrip/3/video-003933.png
02:32:37.555 - Renaming /sitespeed.io/20251114_212547/pages/scixplorer_org/search/query-81ef4d13/data/filmstrip/3/img-83.png to /sitespeed.io/20251114_212547/pages/scixplorer_org/search/query-81ef4d13/data/filmstrip/3/video-003966.png
02:32:37.555 - Renaming /sitespeed.io/20251114_212547/pages/scixplorer_org/search/query-81ef4d13/data/filmstrip/3/img-84.png to /sitespeed.io/20251114_212547/pages/scixplorer_org/search/query-81ef4d13/data/filmstrip/3/video-004000.png
02:32:37.555 - Renaming /sitespeed.io/20251114_212547/pages/scixplorer_org/search/query-81ef4d13/data/filmstrip/3/img-85.png to /sitespeed.io/20251114_212547/pages/scixplorer_org/search/query-81ef4d13/data/filmstrip/3/video-004033.png
02:32:37.555 - Renaming /sitespeed.io/20251114_212547/pages/scixplorer_org/search/query-81ef4d13/data/filmstrip/3/img-86.png to /sitespeed.io/20251114_212547/pages/scixplorer_org/search/query-81ef4d13/data/filmstrip/3/video-004066.png
02:32:37.555 - Renaming /sitespeed.io/20251114_212547/pages/scixplorer_org/search/query-81ef4d13/data/filmstrip/3/img-87.png to /sitespeed.io/20251114_212547/pages/scixplorer_org/search/query-81ef4d13/data/filmstrip/3/video-004100.png
02:32:37.555 - Renaming /sitespeed.io/20251114_212547/pages/scixplorer_org/search/query-81ef4d13/data/filmstrip/3/img-88.png to /sitespeed.io/20251114_212547/pages/scixplorer_org/search/query-81ef4d13/data/filmstrip/3/video-004133.png
02:32:37.555 - Renaming /sitespeed.io/20251114_212547/pages/scixplorer_org/search/query-81ef4d13/data/filmstrip/3/img-89.png to /sitespeed.io/20251114_212547/pages/scixplorer_org/search/query-81ef4d13/data/filmstrip/3/video-004166.png
02:32:37.555 - Renaming /sitespeed.io/20251114_212547/pages/scixplorer_org/search/query-81ef4d13/data/filmstrip/3/img-90.png to /sitespeed.io/20251114_212547/pages/scixplorer_org/search/query-81ef4d13/data/filmstrip/3/video-004200.png
02:32:37.555 - Renaming /sitespeed.io/20251114_212547/pages/scixplorer_org/search/query-81ef4d13/data/filmstrip/3/img-91.png to /sitespeed.io/20251114_212547/pages/scixplorer_org/search/query-81ef4d13/data/filmstrip/3/video-004233.png
02:32:37.556 - Renaming /sitespeed.io/20251114_212547/pages/scixplorer_org/search/query-81ef4d13/data/filmstrip/3/img-92.png to /sitespeed.io/20251114_212547/pages/scixplorer_org/search/query-81ef4d13/data/filmstrip/3/video-004266.png
02:32:37.556 - Renaming /sitespeed.io/20251114_212547/pages/scixplorer_org/search/query-81ef4d13/data/filmstrip/3/img-93.png to /sitespeed.io/20251114_212547/pages/scixplorer_org/search/query-81ef4d13/data/filmstrip/3/video-004300.png
02:32:37.556 - Renaming /sitespeed.io/20251114_212547/pages/scixplorer_org/search/query-81ef4d13/data/filmstrip/3/img-94.png to /sitespeed.io/20251114_212547/pages/scixplorer_org/search/query-81ef4d13/data/filmstrip/3/video-004333.png
02:32:37.556 - Renaming /sitespeed.io/20251114_212547/pages/scixplorer_org/search/query-81ef4d13/data/filmstrip/3/img-95.png to /sitespeed.io/20251114_212547/pages/scixplorer_org/search/query-81ef4d13/data/filmstrip/3/video-004366.png
02:32:37.556 - Renaming /sitespeed.io/20251114_212547/pages/scixplorer_org/search/query-81ef4d13/data/filmstrip/3/img-96.png to /sitespeed.io/20251114_212547/pages/scixplorer_org/search/query-81ef4d13/data/filmstrip/3/video-004400.png
02:32:37.556 - Renaming /sitespeed.io/20251114_212547/pages/scixplorer_org/search/query-81ef4d13/data/filmstrip/3/img-97.png to /sitespeed.io/20251114_212547/pages/scixplorer_org/search/query-81ef4d13/data/filmstrip/3/video-004433.png
02:32:37.556 - Renaming /sitespeed.io/20251114_212547/pages/scixplorer_org/search/query-81ef4d13/data/filmstrip/3/img-98.png to /sitespeed.io/20251114_212547/pages/scixplorer_org/search/query-81ef4d13/data/filmstrip/3/video-004466.png
02:32:37.556 - Renaming /sitespeed.io/20251114_212547/pages/scixplorer_org/search/query-81ef4d13/data/filmstrip/3/img-99.png to /sitespeed.io/20251114_212547/pages/scixplorer_org/search/query-81ef4d13/data/filmstrip/3/video-004500.png
02:32:37.556 - Renaming /sitespeed.io/20251114_212547/pages/scixplorer_org/search/query-81ef4d13/data/filmstrip/3/img-100.png to /sitespeed.io/20251114_212547/pages/scixplorer_org/search/query-81ef4d13/data/filmstrip/3/video-004533.png
02:32:37.556 - Renaming /sitespeed.io/20251114_212547/pages/scixplorer_org/search/query-81ef4d13/data/filmstrip/3/img-101.png to /sitespeed.io/20251114_212547/pages/scixplorer_org/search/query-81ef4d13/data/filmstrip/3/video-004566.png
02:32:37.556 - Renaming /sitespeed.io/20251114_212547/pages/scixplorer_org/search/query-81ef4d13/data/filmstrip/3/img-102.png to /sitespeed.io/20251114_212547/pages/scixplorer_org/search/query-81ef4d13/data/filmstrip/3/video-004600.png
02:32:37.557 - Renaming /sitespeed.io/20251114_212547/pages/scixplorer_org/search/query-81ef4d13/data/filmstrip/3/img-103.png to /sitespeed.io/20251114_212547/pages/scixplorer_org/search/query-81ef4d13/data/filmstrip/3/video-004633.png
02:32:37.557 - Renaming /sitespeed.io/20251114_212547/pages/scixplorer_org/search/query-81ef4d13/data/filmstrip/3/img-104.png to /sitespeed.io/20251114_212547/pages/scixplorer_org/search/query-81ef4d13/data/filmstrip/3/video-004766.png
02:32:37.557 - Renaming /sitespeed.io/20251114_212547/pages/scixplorer_org/search/query-81ef4d13/data/filmstrip/3/img-105.png to /sitespeed.io/20251114_212547/pages/scixplorer_org/search/query-81ef4d13/data/filmstrip/3/video-005366.png
02:32:37.557 - Renaming /sitespeed.io/20251114_212547/pages/scixplorer_org/search/query-81ef4d13/data/filmstrip/3/img-106.png to /sitespeed.io/20251114_212547/pages/scixplorer_org/search/query-81ef4d13/data/filmstrip/3/video-005966.png
02:32:37.557 - Renaming /sitespeed.io/20251114_212547/pages/scixplorer_org/search/query-81ef4d13/data/filmstrip/3/img-107.png to /sitespeed.io/20251114_212547/pages/scixplorer_org/search/query-81ef4d13/data/filmstrip/3/video-006566.png
02:32:37.557 - Renaming /sitespeed.io/20251114_212547/pages/scixplorer_org/search/query-81ef4d13/data/filmstrip/3/img-108.png to /sitespeed.io/20251114_212547/pages/scixplorer_org/search/query-81ef4d13/data/filmstrip/3/video-007166.png
02:32:37.557 - Renaming /sitespeed.io/20251114_212547/pages/scixplorer_org/search/query-81ef4d13/data/filmstrip/3/img-109.png to /sitespeed.io/20251114_212547/pages/scixplorer_org/search/query-81ef4d13/data/filmstrip/3/video-007766.png
02:32:37.557 - Renaming /sitespeed.io/20251114_212547/pages/scixplorer_org/search/query-81ef4d13/data/filmstrip/3/img-110.png to /sitespeed.io/20251114_212547/pages/scixplorer_org/search/query-81ef4d13/data/filmstrip/3/video-008333.png
02:32:37.557 - Renaming /sitespeed.io/20251114_212547/pages/scixplorer_org/search/query-81ef4d13/data/filmstrip/3/img-111.png to /sitespeed.io/20251114_212547/pages/scixplorer_org/search/query-81ef4d13/data/filmstrip/3/video-008366.png
02:32:37.558 - Scanning for non-orange frames...
02:32:37.558 - STREAM b'IHDR' 16 13
02:32:37.558 - STREAM b'pHYs' 41 9
02:32:37.558 - STREAM b'IDAT' 62 658
02:32:37.558 - STREAM b'IHDR' 16 13
02:32:37.558 - STREAM b'pHYs' 41 9
02:32:37.558 - STREAM b'IDAT' 62 658
02:32:37.559 - STREAM b'IHDR' 16 13
02:32:37.559 - STREAM b'IDAT' 41 535
02:32:37.561 - Scanning for orange frames...
02:32:37.561 - Removing Orange frame: /sitespeed.io/20251114_212547/pages/scixplorer_org/search/query-81ef4d13/data/filmstrip/3/video-000000.png
02:32:37.561 - STREAM b'IHDR' 16 13
02:32:37.561 - STREAM b'pHYs' 41 9
02:32:37.561 - STREAM b'IDAT' 62 634
02:32:37.561 - STREAM b'IHDR' 16 13
02:32:37.561 - STREAM b'pHYs' 41 9
02:32:37.561 - STREAM b'IDAT' 62 634
02:32:37.562 - STREAM b'IHDR' 16 13
02:32:37.562 - STREAM b'IDAT' 41 535
02:32:37.563 - STREAM b'IHDR' 16 13
02:32:37.563 - STREAM b'pHYs' 41 9
02:32:37.563 - STREAM b'IDAT' 62 634
02:32:37.564 - STREAM b'IHDR' 16 13
02:32:37.564 - STREAM b'IDAT' 41 535
02:32:37.565 - STREAM b'IHDR' 16 13
02:32:37.565 - STREAM b'pHYs' 41 9
02:32:37.565 - STREAM b'IDAT' 62 634
02:32:37.566 - STREAM b'IHDR' 16 13
02:32:37.566 - STREAM b'IDAT' 41 535
02:32:37.567 - STREAM b'IHDR' 16 13
02:32:37.567 - STREAM b'pHYs' 41 9
02:32:37.567 - STREAM b'IDAT' 62 4096
02:32:37.567 - STREAM b'IHDR' 16 13
02:32:37.567 - STREAM b'pHYs' 41 9
02:32:37.567 - STREAM b'IDAT' 62 4096
02:32:37.568 - STREAM b'IHDR' 16 13
02:32:37.568 - STREAM b'IDAT' 41 535
02:32:37.569 - STREAM b'IHDR' 16 13
02:32:37.569 - STREAM b'pHYs' 41 9
02:32:37.569 - STREAM b'IDAT' 62 4096
02:32:37.570 - STREAM b'IHDR' 16 13
02:32:37.570 - STREAM b'IDAT' 41 535
02:32:37.571 - STREAM b'IHDR' 16 13
02:32:37.571 - STREAM b'pHYs' 41 9
02:32:37.571 - STREAM b'IDAT' 62 4096
02:32:37.572 - STREAM b'IHDR' 16 13
02:32:37.572 - STREAM b'IDAT' 41 535
02:32:37.572 - Finding Render Start...
02:32:37.573 - STREAM b'IHDR' 16 13
02:32:37.573 - STREAM b'pHYs' 41 9
02:32:37.573 - STREAM b'IDAT' 62 634
02:32:37.573 - STREAM b'IHDR' 16 13
02:32:37.573 - STREAM b'pHYs' 41 9
02:32:37.573 - STREAM b'IDAT' 62 634
02:32:37.573 - STREAM b'IHDR' 16 13
02:32:37.573 - STREAM b'pHYs' 41 9
02:32:37.573 - STREAM b'IDAT' 62 4096
02:32:37.577 - STREAM b'IHDR' 16 13
02:32:37.577 - STREAM b'pHYs' 41 9
02:32:37.577 - STREAM b'IDAT' 62 4096
02:32:37.578 - STREAM b'IHDR' 16 13
02:32:37.578 - STREAM b'pHYs' 41 9
02:32:37.578 - STREAM b'IDAT' 62 4096
02:32:37.579 - STREAM b'IHDR' 16 13
02:32:37.579 - STREAM b'IDAT' 41 535
02:32:37.579 - STREAM b'IHDR' 16 13
02:32:37.579 - STREAM b'pHYs' 41 9
02:32:37.579 - STREAM b'IDAT' 62 4096
02:32:37.580 - STREAM b'IHDR' 16 13
02:32:37.580 - STREAM b'IDAT' 41 535
02:32:37.581 - STREAM b'IHDR' 16 13
02:32:37.581 - STREAM b'pHYs' 41 9
02:32:37.581 - STREAM b'IDAT' 62 4096
02:32:37.582 - STREAM b'IHDR' 16 13
02:32:37.582 - STREAM b'IDAT' 41 535
02:32:37.586 - Eliminating Duplicate Frames...
02:32:37.586 - STREAM b'IHDR' 16 13
02:32:37.586 - STREAM b'pHYs' 41 9
02:32:37.586 - STREAM b'IDAT' 62 634
02:32:37.586 - Viewport cropping set to (W, H, L, T): (400, 170, 0, 0)
02:32:37.586 - STREAM b'IHDR' 16 13
02:32:37.586 - STREAM b'pHYs' 41 9
02:32:37.586 - STREAM b'IDAT' 62 634
02:32:37.586 - STREAM b'IHDR' 16 13
02:32:37.586 - STREAM b'pHYs' 41 9
02:32:37.586 - STREAM b'IDAT' 62 4096
02:32:37.590 - STREAM b'IHDR' 16 13
02:32:37.590 - STREAM b'pHYs' 41 9
02:32:37.590 - STREAM b'IDAT' 62 4096
02:32:37.590 - STREAM b'IHDR' 16 13
02:32:37.590 - STREAM b'pHYs' 41 9
02:32:37.590 - STREAM b'IDAT' 62 4096
02:32:37.593 - STREAM b'IHDR' 16 13
02:32:37.593 - STREAM b'pHYs' 41 9
02:32:37.593 - STREAM b'IDAT' 62 4096
02:32:37.593 - STREAM b'IHDR' 16 13
02:32:37.593 - STREAM b'pHYs' 41 9
02:32:37.593 - STREAM b'IDAT' 62 4096
02:32:37.597 - Removing duplicate frame /sitespeed.io/20251114_212547/pages/scixplorer_org/search/query-81ef4d13/data/filmstrip/3/ms_007433.png from the end
02:32:37.597 - STREAM b'IHDR' 16 13
02:32:37.597 - STREAM b'pHYs' 41 9
02:32:37.597 - STREAM b'IDAT' 62 4096
02:32:37.597 - STREAM b'IHDR' 16 13
02:32:37.597 - STREAM b'pHYs' 41 9
02:32:37.597 - STREAM b'IDAT' 62 4096
02:32:37.600 - Removing duplicate frame /sitespeed.io/20251114_212547/pages/scixplorer_org/search/query-81ef4d13/data/filmstrip/3/ms_006866.png from the end
02:32:37.600 - STREAM b'IHDR' 16 13
02:32:37.600 - STREAM b'pHYs' 41 9
02:32:37.600 - STREAM b'IDAT' 62 4096
02:32:37.600 - STREAM b'IHDR' 16 13
02:32:37.601 - STREAM b'pHYs' 41 9
02:32:37.601 - STREAM b'IDAT' 62 4096
02:32:37.604 - Removing duplicate frame /sitespeed.io/20251114_212547/pages/scixplorer_org/search/query-81ef4d13/data/filmstrip/3/ms_006266.png from the end
02:32:37.604 - STREAM b'IHDR' 16 13
02:32:37.604 - STREAM b'pHYs' 41 9
02:32:37.604 - STREAM b'IDAT' 62 4096
02:32:37.604 - STREAM b'IHDR' 16 13
02:32:37.604 - STREAM b'pHYs' 41 9
02:32:37.604 - STREAM b'IDAT' 62 4096
02:32:37.607 - Removing duplicate frame /sitespeed.io/20251114_212547/pages/scixplorer_org/search/query-81ef4d13/data/filmstrip/3/ms_005666.png from the end
02:32:37.607 - STREAM b'IHDR' 16 13
02:32:37.607 - STREAM b'pHYs' 41 9
02:32:37.607 - STREAM b'IDAT' 62 4096
02:32:37.608 - STREAM b'IHDR' 16 13
02:32:37.608 - STREAM b'pHYs' 41 9
02:32:37.608 - STREAM b'IDAT' 62 4096
02:32:37.611 - Removing duplicate frame /sitespeed.io/20251114_212547/pages/scixplorer_org/search/query-81ef4d13/data/filmstrip/3/ms_005066.png from the end
02:32:37.611 - STREAM b'IHDR' 16 13
02:32:37.611 - STREAM b'pHYs' 41 9
02:32:37.611 - STREAM b'IDAT' 62 4096
02:32:37.611 - STREAM b'IHDR' 16 13
02:32:37.611 - STREAM b'pHYs' 41 9
02:32:37.611 - STREAM b'IDAT' 62 4096
02:32:37.614 - Removing duplicate frame /sitespeed.io/20251114_212547/pages/scixplorer_org/search/query-81ef4d13/data/filmstrip/3/ms_004466.png from the end
02:32:37.614 - STREAM b'IHDR' 16 13
02:32:37.615 - STREAM b'pHYs' 41 9
02:32:37.615 - STREAM b'IDAT' 62 4096
02:32:37.615 - STREAM b'IHDR' 16 13
02:32:37.615 - STREAM b'pHYs' 41 9
02:32:37.615 - STREAM b'IDAT' 62 4096
02:32:37.618 - Removing duplicate frame /sitespeed.io/20251114_212547/pages/scixplorer_org/search/query-81ef4d13/data/filmstrip/3/ms_003866.png from the end
02:32:37.618 - STREAM b'IHDR' 16 13
02:32:37.618 - STREAM b'pHYs' 41 9
02:32:37.618 - STREAM b'IDAT' 62 4096
02:32:37.618 - STREAM b'IHDR' 16 13
02:32:37.618 - STREAM b'pHYs' 41 9
02:32:37.618 - STREAM b'IDAT' 62 4096
02:32:37.621 - Removing duplicate frame /sitespeed.io/20251114_212547/pages/scixplorer_org/search/query-81ef4d13/data/filmstrip/3/ms_003733.png from the end
02:32:37.622 - STREAM b'IHDR' 16 13
02:32:37.622 - STREAM b'pHYs' 41 9
02:32:37.622 - STREAM b'IDAT' 62 4096
02:32:37.622 - STREAM b'IHDR' 16 13
02:32:37.622 - STREAM b'pHYs' 41 9
02:32:37.622 - STREAM b'IDAT' 62 4096
02:32:37.625 - Removing duplicate frame /sitespeed.io/20251114_212547/pages/scixplorer_org/search/query-81ef4d13/data/filmstrip/3/ms_003700.png from the end
02:32:37.625 - STREAM b'IHDR' 16 13
02:32:37.625 - STREAM b'pHYs' 41 9
02:32:37.625 - STREAM b'IDAT' 62 4096
02:32:37.625 - STREAM b'IHDR' 16 13
02:32:37.625 - STREAM b'pHYs' 41 9
02:32:37.625 - STREAM b'IDAT' 62 4096
02:32:37.629 - Removing duplicate frame /sitespeed.io/20251114_212547/pages/scixplorer_org/search/query-81ef4d13/data/filmstrip/3/ms_007466.png from the end
02:32:37.639 - Calculating image histograms
02:32:37.639 - Calculating histogram for /sitespeed.io/20251114_212547/pages/scixplorer_org/search/query-81ef4d13/data/filmstrip/3/ms_000000.png
02:32:37.639 - STREAM b'IHDR' 16 13
02:32:37.639 - STREAM b'pHYs' 41 9
02:32:37.639 - STREAM b'IDAT' 62 634
02:32:37.645 - Calculating histogram for /sitespeed.io/20251114_212547/pages/scixplorer_org/search/query-81ef4d13/data/filmstrip/3/ms_000333.png
02:32:37.645 - STREAM b'IHDR' 16 13
02:32:37.645 - STREAM b'pHYs' 41 9
02:32:37.645 - STREAM b'IDAT' 62 4096
02:32:37.651 - Calculating histogram for /sitespeed.io/20251114_212547/pages/scixplorer_org/search/query-81ef4d13/data/filmstrip/3/ms_000366.png
02:32:37.652 - STREAM b'IHDR' 16 13
02:32:37.652 - STREAM b'pHYs' 41 9
02:32:37.652 - STREAM b'IDAT' 62 4096
02:32:37.657 - Calculating histogram for /sitespeed.io/20251114_212547/pages/scixplorer_org/search/query-81ef4d13/data/filmstrip/3/ms_000400.png
02:32:37.657 - STREAM b'IHDR' 16 13
02:32:37.657 - STREAM b'pHYs' 41 9
02:32:37.657 - STREAM b'IDAT' 62 4096
02:32:37.664 - Calculating histogram for /sitespeed.io/20251114_212547/pages/scixplorer_org/search/query-81ef4d13/data/filmstrip/3/ms_000433.png
02:32:37.664 - STREAM b'IHDR' 16 13
02:32:37.664 - STREAM b'pHYs' 41 9
02:32:37.664 - STREAM b'IDAT' 62 4096
02:32:37.670 - Calculating histogram for /sitespeed.io/20251114_212547/pages/scixplorer_org/search/query-81ef4d13/data/filmstrip/3/ms_000466.png
02:32:37.670 - STREAM b'IHDR' 16 13
02:32:37.670 - STREAM b'pHYs' 41 9
02:32:37.670 - STREAM b'IDAT' 62 4096
02:32:37.676 - Calculating histogram for /sitespeed.io/20251114_212547/pages/scixplorer_org/search/query-81ef4d13/data/filmstrip/3/ms_000500.png
02:32:37.677 - STREAM b'IHDR' 16 13
02:32:37.677 - STREAM b'pHYs' 41 9
02:32:37.677 - STREAM b'IDAT' 62 4096
02:32:37.683 - Calculating histogram for /sitespeed.io/20251114_212547/pages/scixplorer_org/search/query-81ef4d13/data/filmstrip/3/ms_000533.png
02:32:37.683 - STREAM b'IHDR' 16 13
02:32:37.683 - STREAM b'pHYs' 41 9
02:32:37.683 - STREAM b'IDAT' 62 4096
02:32:37.689 - Calculating histogram for /sitespeed.io/20251114_212547/pages/scixplorer_org/search/query-81ef4d13/data/filmstrip/3/ms_000566.png
02:32:37.689 - STREAM b'IHDR' 16 13
02:32:37.689 - STREAM b'pHYs' 41 9
02:32:37.689 - STREAM b'IDAT' 62 4096
02:32:37.695 - Calculating histogram for /sitespeed.io/20251114_212547/pages/scixplorer_org/search/query-81ef4d13/data/filmstrip/3/ms_000600.png
02:32:37.695 - STREAM b'IHDR' 16 13
02:32:37.695 - STREAM b'pHYs' 41 9
02:32:37.695 - STREAM b'IDAT' 62 4096
02:32:37.701 - Calculating histogram for /sitespeed.io/20251114_212547/pages/scixplorer_org/search/query-81ef4d13/data/filmstrip/3/ms_000633.png
02:32:37.701 - STREAM b'IHDR' 16 13
02:32:37.701 - STREAM b'pHYs' 41 9
02:32:37.702 - STREAM b'IDAT' 62 4096
02:32:37.707 - Calculating histogram for /sitespeed.io/20251114_212547/pages/scixplorer_org/search/query-81ef4d13/data/filmstrip/3/ms_000666.png
02:32:37.707 - STREAM b'IHDR' 16 13
02:32:37.707 - STREAM b'pHYs' 41 9
02:32:37.707 - STREAM b'IDAT' 62 4096
02:32:37.713 - Calculating histogram for /sitespeed.io/20251114_212547/pages/scixplorer_org/search/query-81ef4d13/data/filmstrip/3/ms_000700.png
02:32:37.713 - STREAM b'IHDR' 16 13
02:32:37.713 - STREAM b'pHYs' 41 9
02:32:37.713 - STREAM b'IDAT' 62 4096
02:32:37.719 - Calculating histogram for /sitespeed.io/20251114_212547/pages/scixplorer_org/search/query-81ef4d13/data/filmstrip/3/ms_000733.png
02:32:37.719 - STREAM b'IHDR' 16 13
02:32:37.719 - STREAM b'pHYs' 41 9
02:32:37.719 - STREAM b'IDAT' 62 4096
02:32:37.724 - Calculating histogram for /sitespeed.io/20251114_212547/pages/scixplorer_org/search/query-81ef4d13/data/filmstrip/3/ms_000766.png
02:32:37.724 - STREAM b'IHDR' 16 13
02:32:37.725 - STREAM b'pHYs' 41 9
02:32:37.725 - STREAM b'IDAT' 62 4096
02:32:37.734 - Calculating histogram for /sitespeed.io/20251114_212547/pages/scixplorer_org/search/query-81ef4d13/data/filmstrip/3/ms_000800.png
02:32:37.734 - STREAM b'IHDR' 16 13
02:32:37.734 - STREAM b'pHYs' 41 9
02:32:37.734 - STREAM b'IDAT' 62 4096
02:32:37.742 - Calculating histogram for /sitespeed.io/20251114_212547/pages/scixplorer_org/search/query-81ef4d13/data/filmstrip/3/ms_000833.png
02:32:37.742 - STREAM b'IHDR' 16 13
02:32:37.742 - STREAM b'pHYs' 41 9
02:32:37.742 - STREAM b'IDAT' 62 4096
02:32:37.750 - Calculating histogram for /sitespeed.io/20251114_212547/pages/scixplorer_org/search/query-81ef4d13/data/filmstrip/3/ms_000866.png
02:32:37.750 - STREAM b'IHDR' 16 13
02:32:37.750 - STREAM b'pHYs' 41 9
02:32:37.750 - STREAM b'IDAT' 62 4096
02:32:37.757 - Calculating histogram for /sitespeed.io/20251114_212547/pages/scixplorer_org/search/query-81ef4d13/data/filmstrip/3/ms_000900.png
02:32:37.757 - STREAM b'IHDR' 16 13
02:32:37.757 - STREAM b'pHYs' 41 9
02:32:37.757 - STREAM b'IDAT' 62 4096
02:32:37.763 - Calculating histogram for /sitespeed.io/20251114_212547/pages/scixplorer_org/search/query-81ef4d13/data/filmstrip/3/ms_000933.png
02:32:37.763 - STREAM b'IHDR' 16 13
02:32:37.763 - STREAM b'pHYs' 41 9
02:32:37.763 - STREAM b'IDAT' 62 4096
02:32:37.769 - Calculating histogram for /sitespeed.io/20251114_212547/pages/scixplorer_org/search/query-81ef4d13/data/filmstrip/3/ms_000966.png
02:32:37.770 - STREAM b'IHDR' 16 13
02:32:37.770 - STREAM b'pHYs' 41 9
02:32:37.770 - STREAM b'IDAT' 62 4096
02:32:37.775 - Calculating histogram for /sitespeed.io/20251114_212547/pages/scixplorer_org/search/query-81ef4d13/data/filmstrip/3/ms_001000.png
02:32:37.775 - STREAM b'IHDR' 16 13
02:32:37.775 - STREAM b'pHYs' 41 9
02:32:37.775 - STREAM b'IDAT' 62 4096
02:32:37.781 - Calculating histogram for /sitespeed.io/20251114_212547/pages/scixplorer_org/search/query-81ef4d13/data/filmstrip/3/ms_001033.png
02:32:37.782 - STREAM b'IHDR' 16 13
02:32:37.782 - STREAM b'pHYs' 41 9
02:32:37.782 - STREAM b'IDAT' 62 4096
02:32:37.787 - Calculating histogram for /sitespeed.io/20251114_212547/pages/scixplorer_org/search/query-81ef4d13/data/filmstrip/3/ms_001066.png
02:32:37.787 - STREAM b'IHDR' 16 13
02:32:37.787 - STREAM b'pHYs' 41 9
02:32:37.787 - STREAM b'IDAT' 62 4096
02:32:37.793 - Calculating histogram for /sitespeed.io/20251114_212547/pages/scixplorer_org/search/query-81ef4d13/data/filmstrip/3/ms_001100.png
02:32:37.793 - STREAM b'IHDR' 16 13
02:32:37.793 - STREAM b'pHYs' 41 9
02:32:37.793 - STREAM b'IDAT' 62 4096
02:32:37.799 - Calculating histogram for /sitespeed.io/20251114_212547/pages/scixplorer_org/search/query-81ef4d13/data/filmstrip/3/ms_001133.png
02:32:37.799 - STREAM b'IHDR' 16 13
02:32:37.799 - STREAM b'pHYs' 41 9
02:32:37.799 - STREAM b'IDAT' 62 4096
02:32:37.805 - Calculating histogram for /sitespeed.io/20251114_212547/pages/scixplorer_org/search/query-81ef4d13/data/filmstrip/3/ms_001166.png
02:32:37.805 - STREAM b'IHDR' 16 13
02:32:37.805 - STREAM b'pHYs' 41 9
02:32:37.805 - STREAM b'IDAT' 62 4096
02:32:37.811 - Calculating histogram for /sitespeed.io/20251114_212547/pages/scixplorer_org/search/query-81ef4d13/data/filmstrip/3/ms_001200.png
02:32:37.811 - STREAM b'IHDR' 16 13
02:32:37.811 - STREAM b'pHYs' 41 9
02:32:37.811 - STREAM b'IDAT' 62 4096
02:32:37.817 - Calculating histogram for /sitespeed.io/20251114_212547/pages/scixplorer_org/search/query-81ef4d13/data/filmstrip/3/ms_001233.png
02:32:37.817 - STREAM b'IHDR' 16 13
02:32:37.817 - STREAM b'pHYs' 41 9
02:32:37.817 - STREAM b'IDAT' 62 4096
02:32:37.823 - Calculating histogram for /sitespeed.io/20251114_212547/pages/scixplorer_org/search/query-81ef4d13/data/filmstrip/3/ms_001266.png
02:32:37.823 - STREAM b'IHDR' 16 13
02:32:37.823 - STREAM b'pHYs' 41 9
02:32:37.823 - STREAM b'IDAT' 62 4096
02:32:37.829 - Calculating histogram for /sitespeed.io/20251114_212547/pages/scixplorer_org/search/query-81ef4d13/data/filmstrip/3/ms_001300.png
02:32:37.829 - STREAM b'IHDR' 16 13
02:32:37.829 - STREAM b'pHYs' 41 9
02:32:37.829 - STREAM b'IDAT' 62 4096
02:32:37.835 - Calculating histogram for /sitespeed.io/20251114_212547/pages/scixplorer_org/search/query-81ef4d13/data/filmstrip/3/ms_001333.png
02:32:37.836 - STREAM b'IHDR' 16 13
02:32:37.836 - STREAM b'pHYs' 41 9
02:32:37.836 - STREAM b'IDAT' 62 4096
02:32:37.842 - Calculating histogram for /sitespeed.io/20251114_212547/pages/scixplorer_org/search/query-81ef4d13/data/filmstrip/3/ms_001366.png
02:32:37.842 - STREAM b'IHDR' 16 13
02:32:37.842 - STREAM b'pHYs' 41 9
02:32:37.842 - STREAM b'IDAT' 62 4096
02:32:37.848 - Calculating histogram for /sitespeed.io/20251114_212547/pages/scixplorer_org/search/query-81ef4d13/data/filmstrip/3/ms_001400.png
02:32:37.849 - STREAM b'IHDR' 16 13
02:32:37.849 - STREAM b'pHYs' 41 9
02:32:37.849 - STREAM b'IDAT' 62 4096
02:32:37.855 - Calculating histogram for /sitespeed.io/20251114_212547/pages/scixplorer_org/search/query-81ef4d13/data/filmstrip/3/ms_001433.png
02:32:37.855 - STREAM b'IHDR' 16 13
02:32:37.855 - STREAM b'pHYs' 41 9
02:32:37.855 - STREAM b'IDAT' 62 4096
02:32:37.861 - Calculating histogram for /sitespeed.io/20251114_212547/pages/scixplorer_org/search/query-81ef4d13/data/filmstrip/3/ms_001466.png
02:32:37.861 - STREAM b'IHDR' 16 13
02:32:37.861 - STREAM b'pHYs' 41 9
02:32:37.861 - STREAM b'IDAT' 62 4096
02:32:37.869 - Calculating histogram for /sitespeed.io/20251114_212547/pages/scixplorer_org/search/query-81ef4d13/data/filmstrip/3/ms_001500.png
02:32:37.869 - STREAM b'IHDR' 16 13
02:32:37.869 - STREAM b'pHYs' 41 9
02:32:37.869 - STREAM b'IDAT' 62 4096
02:32:37.876 - Calculating histogram for /sitespeed.io/20251114_212547/pages/scixplorer_org/search/query-81ef4d13/data/filmstrip/3/ms_001533.png
02:32:37.876 - STREAM b'IHDR' 16 13
02:32:37.876 - STREAM b'pHYs' 41 9
02:32:37.876 - STREAM b'IDAT' 62 4096
02:32:37.883 - Calculating histogram for /sitespeed.io/20251114_212547/pages/scixplorer_org/search/query-81ef4d13/data/filmstrip/3/ms_001566.png
02:32:37.883 - STREAM b'IHDR' 16 13
02:32:37.883 - STREAM b'pHYs' 41 9
02:32:37.883 - STREAM b'IDAT' 62 4096
02:32:37.890 - Calculating histogram for /sitespeed.io/20251114_212547/pages/scixplorer_org/search/query-81ef4d13/data/filmstrip/3/ms_001600.png
02:32:37.890 - STREAM b'IHDR' 16 13
02:32:37.890 - STREAM b'pHYs' 41 9
02:32:37.890 - STREAM b'IDAT' 62 4096
02:32:37.897 - Calculating histogram for /sitespeed.io/20251114_212547/pages/scixplorer_org/search/query-81ef4d13/data/filmstrip/3/ms_001633.png
02:32:37.897 - STREAM b'IHDR' 16 13
02:32:37.897 - STREAM b'pHYs' 41 9
02:32:37.897 - STREAM b'IDAT' 62 4096
02:32:37.903 - Calculating histogram for /sitespeed.io/20251114_212547/pages/scixplorer_org/search/query-81ef4d13/data/filmstrip/3/ms_001666.png
02:32:37.904 - STREAM b'IHDR' 16 13
02:32:37.904 - STREAM b'pHYs' 41 9
02:32:37.904 - STREAM b'IDAT' 62 4096
02:32:37.910 - Calculating histogram for /sitespeed.io/20251114_212547/pages/scixplorer_org/search/query-81ef4d13/data/filmstrip/3/ms_001766.png
02:32:37.910 - STREAM b'IHDR' 16 13
02:32:37.910 - STREAM b'pHYs' 41 9
02:32:37.910 - STREAM b'IDAT' 62 4096
02:32:37.918 - Calculating histogram for /sitespeed.io/20251114_212547/pages/scixplorer_org/search/query-81ef4d13/data/filmstrip/3/ms_001800.png
02:32:37.918 - STREAM b'IHDR' 16 13
02:32:37.918 - STREAM b'pHYs' 41 9
02:32:37.918 - STREAM b'IDAT' 62 4096
02:32:37.925 - Calculating histogram for /sitespeed.io/20251114_212547/pages/scixplorer_org/search/query-81ef4d13/data/filmstrip/3/ms_001833.png
02:32:37.925 - STREAM b'IHDR' 16 13
02:32:37.925 - STREAM b'pHYs' 41 9
02:32:37.925 - STREAM b'IDAT' 62 4096
02:32:37.932 - Calculating histogram for /sitespeed.io/20251114_212547/pages/scixplorer_org/search/query-81ef4d13/data/filmstrip/3/ms_001866.png
02:32:37.932 - STREAM b'IHDR' 16 13
02:32:37.932 - STREAM b'pHYs' 41 9
02:32:37.932 - STREAM b'IDAT' 62 4096
02:32:37.939 - Calculating histogram for /sitespeed.io/20251114_212547/pages/scixplorer_org/search/query-81ef4d13/data/filmstrip/3/ms_001900.png
02:32:37.939 - STREAM b'IHDR' 16 13
02:32:37.939 - STREAM b'pHYs' 41 9
02:32:37.939 - STREAM b'IDAT' 62 4096
02:32:37.945 - Calculating histogram for /sitespeed.io/20251114_212547/pages/scixplorer_org/search/query-81ef4d13/data/filmstrip/3/ms_001933.png
02:32:37.945 - STREAM b'IHDR' 16 13
02:32:37.945 - STREAM b'pHYs' 41 9
02:32:37.945 - STREAM b'IDAT' 62 4096
02:32:37.952 - Calculating histogram for /sitespeed.io/20251114_212547/pages/scixplorer_org/search/query-81ef4d13/data/filmstrip/3/ms_001966.png
02:32:37.952 - STREAM b'IHDR' 16 13
02:32:37.952 - STREAM b'pHYs' 41 9
02:32:37.952 - STREAM b'IDAT' 62 4096
02:32:37.959 - Calculating histogram for /sitespeed.io/20251114_212547/pages/scixplorer_org/search/query-81ef4d13/data/filmstrip/3/ms_002000.png
02:32:37.959 - STREAM b'IHDR' 16 13
02:32:37.959 - STREAM b'pHYs' 41 9
02:32:37.959 - STREAM b'IDAT' 62 4096
02:32:37.966 - Calculating histogram for /sitespeed.io/20251114_212547/pages/scixplorer_org/search/query-81ef4d13/data/filmstrip/3/ms_002033.png
02:32:37.966 - STREAM b'IHDR' 16 13
02:32:37.966 - STREAM b'pHYs' 41 9
02:32:37.966 - STREAM b'IDAT' 62 4096
02:32:37.973 - Calculating histogram for /sitespeed.io/20251114_212547/pages/scixplorer_org/search/query-81ef4d13/data/filmstrip/3/ms_002066.png
02:32:37.973 - STREAM b'IHDR' 16 13
02:32:37.973 - STREAM b'pHYs' 41 9
02:32:37.973 - STREAM b'IDAT' 62 4096
02:32:37.980 - Calculating histogram for /sitespeed.io/20251114_212547/pages/scixplorer_org/search/query-81ef4d13/data/filmstrip/3/ms_002100.png
02:32:37.980 - STREAM b'IHDR' 16 13
02:32:37.980 - STREAM b'pHYs' 41 9
02:32:37.980 - STREAM b'IDAT' 62 4096
02:32:37.987 - Calculating histogram for /sitespeed.io/20251114_212547/pages/scixplorer_org/search/query-81ef4d13/data/filmstrip/3/ms_002133.png
02:32:37.987 - STREAM b'IHDR' 16 13
02:32:37.987 - STREAM b'pHYs' 41 9
02:32:37.987 - STREAM b'IDAT' 62 4096
02:32:37.994 - Calculating histogram for /sitespeed.io/20251114_212547/pages/scixplorer_org/search/query-81ef4d13/data/filmstrip/3/ms_002166.png
02:32:37.994 - STREAM b'IHDR' 16 13
02:32:37.994 - STREAM b'pHYs' 41 9
02:32:37.994 - STREAM b'IDAT' 62 4096
02:32:38.002 - Calculating histogram for /sitespeed.io/20251114_212547/pages/scixplorer_org/search/query-81ef4d13/data/filmstrip/3/ms_002200.png
02:32:38.002 - STREAM b'IHDR' 16 13
02:32:38.002 - STREAM b'pHYs' 41 9
02:32:38.002 - STREAM b'IDAT' 62 4096
02:32:38.009 - Calculating histogram for /sitespeed.io/20251114_212547/pages/scixplorer_org/search/query-81ef4d13/data/filmstrip/3/ms_002233.png
02:32:38.009 - STREAM b'IHDR' 16 13
02:32:38.009 - STREAM b'pHYs' 41 9
02:32:38.009 - STREAM b'IDAT' 62 4096
02:32:38.016 - Calculating histogram for /sitespeed.io/20251114_212547/pages/scixplorer_org/search/query-81ef4d13/data/filmstrip/3/ms_002266.png
02:32:38.016 - STREAM b'IHDR' 16 13
02:32:38.016 - STREAM b'pHYs' 41 9
02:32:38.016 - STREAM b'IDAT' 62 4096
02:32:38.023 - Calculating histogram for /sitespeed.io/20251114_212547/pages/scixplorer_org/search/query-81ef4d13/data/filmstrip/3/ms_002300.png
02:32:38.023 - STREAM b'IHDR' 16 13
02:32:38.023 - STREAM b'pHYs' 41 9
02:32:38.023 - STREAM b'IDAT' 62 4096
02:32:38.030 - Calculating histogram for /sitespeed.io/20251114_212547/pages/scixplorer_org/search/query-81ef4d13/data/filmstrip/3/ms_002333.png
02:32:38.030 - STREAM b'IHDR' 16 13
02:32:38.030 - STREAM b'pHYs' 41 9
02:32:38.030 - STREAM b'IDAT' 62 4096
02:32:38.037 - Calculating histogram for /sitespeed.io/20251114_212547/pages/scixplorer_org/search/query-81ef4d13/data/filmstrip/3/ms_002366.png
02:32:38.037 - STREAM b'IHDR' 16 13
02:32:38.037 - STREAM b'pHYs' 41 9
02:32:38.037 - STREAM b'IDAT' 62 4096
02:32:38.044 - Calculating histogram for /sitespeed.io/20251114_212547/pages/scixplorer_org/search/query-81ef4d13/data/filmstrip/3/ms_002400.png
02:32:38.044 - STREAM b'IHDR' 16 13
02:32:38.044 - STREAM b'pHYs' 41 9
02:32:38.044 - STREAM b'IDAT' 62 4096
02:32:38.051 - Calculating histogram for /sitespeed.io/20251114_212547/pages/scixplorer_org/search/query-81ef4d13/data/filmstrip/3/ms_002433.png
02:32:38.051 - STREAM b'IHDR' 16 13
02:32:38.051 - STREAM b'pHYs' 41 9
02:32:38.051 - STREAM b'IDAT' 62 4096
02:32:38.058 - Calculating histogram for /sitespeed.io/20251114_212547/pages/scixplorer_org/search/query-81ef4d13/data/filmstrip/3/ms_002466.png
02:32:38.058 - STREAM b'IHDR' 16 13
02:32:38.058 - STREAM b'pHYs' 41 9
02:32:38.058 - STREAM b'IDAT' 62 4096
02:32:38.065 - Calculating histogram for /sitespeed.io/20251114_212547/pages/scixplorer_org/search/query-81ef4d13/data/filmstrip/3/ms_002500.png
02:32:38.065 - STREAM b'IHDR' 16 13
02:32:38.065 - STREAM b'pHYs' 41 9
02:32:38.065 - STREAM b'IDAT' 62 4096
02:32:38.072 - Calculating histogram for /sitespeed.io/20251114_212547/pages/scixplorer_org/search/query-81ef4d13/data/filmstrip/3/ms_002533.png
02:32:38.072 - STREAM b'IHDR' 16 13
02:32:38.072 - STREAM b'pHYs' 41 9
02:32:38.072 - STREAM b'IDAT' 62 4096
02:32:38.079 - Calculating histogram for /sitespeed.io/20251114_212547/pages/scixplorer_org/search/query-81ef4d13/data/filmstrip/3/ms_002566.png
02:32:38.079 - STREAM b'IHDR' 16 13
02:32:38.079 - STREAM b'pHYs' 41 9
02:32:38.079 - STREAM b'IDAT' 62 4096
02:32:38.086 - Calculating histogram for /sitespeed.io/20251114_212547/pages/scixplorer_org/search/query-81ef4d13/data/filmstrip/3/ms_002600.png
02:32:38.086 - STREAM b'IHDR' 16 13
02:32:38.086 - STREAM b'pHYs' 41 9
02:32:38.086 - STREAM b'IDAT' 62 4096
02:32:38.093 - Calculating histogram for /sitespeed.io/20251114_212547/pages/scixplorer_org/search/query-81ef4d13/data/filmstrip/3/ms_002633.png
02:32:38.093 - STREAM b'IHDR' 16 13
02:32:38.093 - STREAM b'pHYs' 41 9
02:32:38.093 - STREAM b'IDAT' 62 4096
02:32:38.101 - Calculating histogram for /sitespeed.io/20251114_212547/pages/scixplorer_org/search/query-81ef4d13/data/filmstrip/3/ms_002666.png
02:32:38.101 - STREAM b'IHDR' 16 13
02:32:38.101 - STREAM b'pHYs' 41 9
02:32:38.101 - STREAM b'IDAT' 62 4096
02:32:38.107 - Calculating histogram for /sitespeed.io/20251114_212547/pages/scixplorer_org/search/query-81ef4d13/data/filmstrip/3/ms_002700.png
02:32:38.108 - STREAM b'IHDR' 16 13
02:32:38.108 - STREAM b'pHYs' 41 9
02:32:38.108 - STREAM b'IDAT' 62 4096
02:32:38.115 - Calculating histogram for /sitespeed.io/20251114_212547/pages/scixplorer_org/search/query-81ef4d13/data/filmstrip/3/ms_002733.png
02:32:38.115 - STREAM b'IHDR' 16 13
02:32:38.115 - STREAM b'pHYs' 41 9
02:32:38.115 - STREAM b'IDAT' 62 4096
02:32:38.122 - Calculating histogram for /sitespeed.io/20251114_212547/pages/scixplorer_org/search/query-81ef4d13/data/filmstrip/3/ms_002766.png
02:32:38.122 - STREAM b'IHDR' 16 13
02:32:38.122 - STREAM b'pHYs' 41 9
02:32:38.122 - STREAM b'IDAT' 62 4096
02:32:38.128 - Calculating histogram for /sitespeed.io/20251114_212547/pages/scixplorer_org/search/query-81ef4d13/data/filmstrip/3/ms_002800.png
02:32:38.128 - STREAM b'IHDR' 16 13
02:32:38.129 - STREAM b'pHYs' 41 9
02:32:38.129 - STREAM b'IDAT' 62 4096
02:32:38.136 - Calculating histogram for /sitespeed.io/20251114_212547/pages/scixplorer_org/search/query-81ef4d13/data/filmstrip/3/ms_002833.png
02:32:38.136 - STREAM b'IHDR' 16 13
02:32:38.136 - STREAM b'pHYs' 41 9
02:32:38.136 - STREAM b'IDAT' 62 4096
02:32:38.142 - Calculating histogram for /sitespeed.io/20251114_212547/pages/scixplorer_org/search/query-81ef4d13/data/filmstrip/3/ms_002866.png
02:32:38.142 - STREAM b'IHDR' 16 13
02:32:38.142 - STREAM b'pHYs' 41 9
02:32:38.143 - STREAM b'IDAT' 62 4096
02:32:38.150 - Calculating histogram for /sitespeed.io/20251114_212547/pages/scixplorer_org/search/query-81ef4d13/data/filmstrip/3/ms_002900.png
02:32:38.150 - STREAM b'IHDR' 16 13
02:32:38.150 - STREAM b'pHYs' 41 9
02:32:38.150 - STREAM b'IDAT' 62 4096
02:32:38.157 - Calculating histogram for /sitespeed.io/20251114_212547/pages/scixplorer_org/search/query-81ef4d13/data/filmstrip/3/ms_002933.png
02:32:38.157 - STREAM b'IHDR' 16 13
02:32:38.157 - STREAM b'pHYs' 41 9
02:32:38.157 - STREAM b'IDAT' 62 4096
02:32:38.164 - Calculating histogram for /sitespeed.io/20251114_212547/pages/scixplorer_org/search/query-81ef4d13/data/filmstrip/3/ms_002966.png
02:32:38.164 - STREAM b'IHDR' 16 13
02:32:38.164 - STREAM b'pHYs' 41 9
02:32:38.164 - STREAM b'IDAT' 62 4096
02:32:38.171 - Calculating histogram for /sitespeed.io/20251114_212547/pages/scixplorer_org/search/query-81ef4d13/data/filmstrip/3/ms_003000.png
02:32:38.171 - STREAM b'IHDR' 16 13
02:32:38.171 - STREAM b'pHYs' 41 9
02:32:38.171 - STREAM b'IDAT' 62 4096
02:32:38.178 - Calculating histogram for /sitespeed.io/20251114_212547/pages/scixplorer_org/search/query-81ef4d13/data/filmstrip/3/ms_003033.png
02:32:38.178 - STREAM b'IHDR' 16 13
02:32:38.178 - STREAM b'pHYs' 41 9
02:32:38.178 - STREAM b'IDAT' 62 4096
02:32:38.186 - Calculating histogram for /sitespeed.io/20251114_212547/pages/scixplorer_org/search/query-81ef4d13/data/filmstrip/3/ms_003066.png
02:32:38.186 - STREAM b'IHDR' 16 13
02:32:38.186 - STREAM b'pHYs' 41 9
02:32:38.186 - STREAM b'IDAT' 62 4096
02:32:38.193 - Calculating histogram for /sitespeed.io/20251114_212547/pages/scixplorer_org/search/query-81ef4d13/data/filmstrip/3/ms_003100.png
02:32:38.193 - STREAM b'IHDR' 16 13
02:32:38.193 - STREAM b'pHYs' 41 9
02:32:38.193 - STREAM b'IDAT' 62 4096
02:32:38.200 - Calculating histogram for /sitespeed.io/20251114_212547/pages/scixplorer_org/search/query-81ef4d13/data/filmstrip/3/ms_003133.png
02:32:38.200 - STREAM b'IHDR' 16 13
02:32:38.200 - STREAM b'pHYs' 41 9
02:32:38.200 - STREAM b'IDAT' 62 4096
02:32:38.207 - Calculating histogram for /sitespeed.io/20251114_212547/pages/scixplorer_org/search/query-81ef4d13/data/filmstrip/3/ms_003166.png
02:32:38.207 - STREAM b'IHDR' 16 13
02:32:38.207 - STREAM b'pHYs' 41 9
02:32:38.207 - STREAM b'IDAT' 62 4096
02:32:38.214 - Calculating histogram for /sitespeed.io/20251114_212547/pages/scixplorer_org/search/query-81ef4d13/data/filmstrip/3/ms_003200.png
02:32:38.215 - STREAM b'IHDR' 16 13
02:32:38.215 - STREAM b'pHYs' 41 9
02:32:38.215 - STREAM b'IDAT' 62 4096
02:32:38.222 - Calculating histogram for /sitespeed.io/20251114_212547/pages/scixplorer_org/search/query-81ef4d13/data/filmstrip/3/ms_003233.png
02:32:38.222 - STREAM b'IHDR' 16 13
02:32:38.222 - STREAM b'pHYs' 41 9
02:32:38.222 - STREAM b'IDAT' 62 4096
02:32:38.229 - Calculating histogram for /sitespeed.io/20251114_212547/pages/scixplorer_org/search/query-81ef4d13/data/filmstrip/3/ms_003266.png
02:32:38.229 - STREAM b'IHDR' 16 13
02:32:38.229 - STREAM b'pHYs' 41 9
02:32:38.229 - STREAM b'IDAT' 62 4096
02:32:38.236 - Calculating histogram for /sitespeed.io/20251114_212547/pages/scixplorer_org/search/query-81ef4d13/data/filmstrip/3/ms_003300.png
02:32:38.236 - STREAM b'IHDR' 16 13
02:32:38.236 - STREAM b'pHYs' 41 9
02:32:38.236 - STREAM b'IDAT' 62 4096
02:32:38.243 - Calculating histogram for /sitespeed.io/20251114_212547/pages/scixplorer_org/search/query-81ef4d13/data/filmstrip/3/ms_003333.png
02:32:38.243 - STREAM b'IHDR' 16 13
02:32:38.243 - STREAM b'pHYs' 41 9
02:32:38.243 - STREAM b'IDAT' 62 4096
02:32:38.250 - Calculating histogram for /sitespeed.io/20251114_212547/pages/scixplorer_org/search/query-81ef4d13/data/filmstrip/3/ms_003366.png
02:32:38.250 - STREAM b'IHDR' 16 13
02:32:38.250 - STREAM b'pHYs' 41 9
02:32:38.251 - STREAM b'IDAT' 62 4096
02:32:38.257 - Calculating histogram for /sitespeed.io/20251114_212547/pages/scixplorer_org/search/query-81ef4d13/data/filmstrip/3/ms_003400.png
02:32:38.257 - STREAM b'IHDR' 16 13
02:32:38.257 - STREAM b'pHYs' 41 9
02:32:38.257 - STREAM b'IDAT' 62 4096
02:32:38.264 - Calculating histogram for /sitespeed.io/20251114_212547/pages/scixplorer_org/search/query-81ef4d13/data/filmstrip/3/ms_003433.png
02:32:38.264 - STREAM b'IHDR' 16 13
02:32:38.264 - STREAM b'pHYs' 41 9
02:32:38.264 - STREAM b'IDAT' 62 4096
02:32:38.272 - Calculating histogram for /sitespeed.io/20251114_212547/pages/scixplorer_org/search/query-81ef4d13/data/filmstrip/3/ms_003466.png
02:32:38.272 - STREAM b'IHDR' 16 13
02:32:38.272 - STREAM b'pHYs' 41 9
02:32:38.272 - STREAM b'IDAT' 62 4096
02:32:38.279 - Calculating histogram for /sitespeed.io/20251114_212547/pages/scixplorer_org/search/query-81ef4d13/data/filmstrip/3/ms_003500.png
02:32:38.279 - STREAM b'IHDR' 16 13
02:32:38.279 - STREAM b'pHYs' 41 9
02:32:38.279 - STREAM b'IDAT' 62 4096
02:32:38.288 - Calculating histogram for /sitespeed.io/20251114_212547/pages/scixplorer_org/search/query-81ef4d13/data/filmstrip/3/ms_003533.png
02:32:38.288 - STREAM b'IHDR' 16 13
02:32:38.288 - STREAM b'pHYs' 41 9
02:32:38.288 - STREAM b'IDAT' 62 4096
02:32:38.296 - Calculating histogram for /sitespeed.io/20251114_212547/pages/scixplorer_org/search/query-81ef4d13/data/filmstrip/3/ms_003566.png
02:32:38.296 - STREAM b'IHDR' 16 13
02:32:38.296 - STREAM b'pHYs' 41 9
02:32:38.296 - STREAM b'IDAT' 62 4096
02:32:38.304 - Calculating histogram for /sitespeed.io/20251114_212547/pages/scixplorer_org/search/query-81ef4d13/data/filmstrip/3/ms_003600.png
02:32:38.304 - STREAM b'IHDR' 16 13
02:32:38.304 - STREAM b'pHYs' 41 9
02:32:38.304 - STREAM b'IDAT' 62 4096
02:32:38.312 - Calculating histogram for /sitespeed.io/20251114_212547/pages/scixplorer_org/search/query-81ef4d13/data/filmstrip/3/ms_003633.png
02:32:38.312 - STREAM b'IHDR' 16 13
02:32:38.312 - STREAM b'pHYs' 41 9
02:32:38.312 - STREAM b'IDAT' 62 4096
02:32:38.320 - Calculating histogram for /sitespeed.io/20251114_212547/pages/scixplorer_org/search/query-81ef4d13/data/filmstrip/3/ms_003666.png
02:32:38.320 - STREAM b'IHDR' 16 13
02:32:38.320 - STREAM b'pHYs' 41 9
02:32:38.320 - STREAM b'IDAT' 62 4096
02:32:38.392 - Done calculating histograms
02:32:38.395 - 0ms - 0% Complete
02:32:38.395 - 333ms - 42% Complete
02:32:38.396 - 366ms - 43% Complete
02:32:38.396 - 400ms - 41% Complete
02:32:38.396 - 433ms - 43% Complete
02:32:38.396 - 466ms - 43% Complete
02:32:38.396 - 500ms - 44% Complete
02:32:38.397 - 533ms - 44% Complete
02:32:38.397 - 566ms - 42% Complete
02:32:38.397 - 600ms - 42% Complete
02:32:38.397 - 633ms - 42% Complete
02:32:38.397 - 666ms - 43% Complete
02:32:38.397 - 700ms - 43% Complete
02:32:38.398 - 733ms - 47% Complete
02:32:38.398 - 766ms - 46% Complete
02:32:38.398 - 800ms - 47% Complete
02:32:38.398 - 833ms - 48% Complete
02:32:38.398 - 866ms - 47% Complete
02:32:38.399 - 900ms - 46% Complete
02:32:38.399 - 933ms - 44% Complete
02:32:38.399 - 966ms - 45% Complete
02:32:38.399 - 1000ms - 45% Complete
02:32:38.399 - 1033ms - 44% Complete
02:32:38.400 - 1066ms - 43% Complete
02:32:38.400 - 1100ms - 42% Complete
02:32:38.400 - 1133ms - 42% Complete
02:32:38.400 - 1166ms - 42% Complete
02:32:38.400 - 1200ms - 42% Complete
02:32:38.401 - 1233ms - 43% Complete
02:32:38.401 - 1266ms - 43% Complete
02:32:38.401 - 1300ms - 43% Complete
02:32:38.401 - 1333ms - 68% Complete
02:32:38.401 - 1366ms - 68% Complete
02:32:38.401 - 1400ms - 69% Complete
02:32:38.402 - 1433ms - 69% Complete
02:32:38.402 - 1466ms - 94% Complete
02:32:38.402 - 1500ms - 94% Complete
02:32:38.402 - 1533ms - 93% Complete
02:32:38.402 - 1566ms - 95% Complete
02:32:38.403 - 1600ms - 95% Complete
02:32:38.403 - 1633ms - 95% Complete
02:32:38.403 - 1666ms - 95% Complete
02:32:38.403 - 1766ms - 97% Complete
02:32:38.403 - 1800ms - 97% Complete
02:32:38.404 - 1833ms - 97% Complete
02:32:38.404 - 1866ms - 97% Complete
02:32:38.404 - 1900ms - 97% Complete
02:32:38.404 - 1933ms - 97% Complete
02:32:38.404 - 1966ms - 97% Complete
02:32:38.405 - 2000ms - 97% Complete
02:32:38.405 - 2033ms - 97% Complete
02:32:38.405 - 2066ms - 97% Complete
02:32:38.405 - 2100ms - 97% Complete
02:32:38.405 - 2133ms - 97% Complete
02:32:38.406 - 2166ms - 97% Complete
02:32:38.406 - 2200ms - 97% Complete
02:32:38.406 - 2233ms - 97% Complete
02:32:38.406 - 2266ms - 97% Complete
02:32:38.406 - 2300ms - 97% Complete
02:32:38.406 - 2333ms - 97% Complete
02:32:38.407 - 2366ms - 97% Complete
02:32:38.407 - 2400ms - 97% Complete
02:32:38.407 - 2433ms - 97% Complete
02:32:38.407 - 2466ms - 97% Complete
02:32:38.407 - 2500ms - 97% Complete
02:32:38.408 - 2533ms - 97% Complete
02:32:38.408 - 2566ms - 97% Complete
02:32:38.408 - 2600ms - 98% Complete
02:32:38.408 - 2633ms - 99% Complete
02:32:38.408 - 2666ms - 99% Complete
02:32:38.409 - 2700ms - 99% Complete
02:32:38.409 - 2733ms - 99% Complete
02:32:38.409 - 2766ms - 99% Complete
02:32:38.409 - 2800ms - 99% Complete
02:32:38.409 - 2833ms - 99% Complete
02:32:38.410 - 2866ms - 99% Complete
02:32:38.410 - 2900ms - 99% Complete
02:32:38.410 - 2933ms - 99% Complete
02:32:38.410 - 2966ms - 99% Complete
02:32:38.410 - 3000ms - 99% Complete
02:32:38.411 - 3033ms - 99% Complete
02:32:38.411 - 3066ms - 99% Complete
02:32:38.411 - 3100ms - 99% Complete
02:32:38.411 - 3133ms - 99% Complete
02:32:38.411 - 3166ms - 99% Complete
02:32:38.412 - 3200ms - 99% Complete
02:32:38.412 - 3233ms - 99% Complete
02:32:38.412 - 3266ms - 99% Complete
02:32:38.412 - 3300ms - 99% Complete
02:32:38.412 - 3333ms - 99% Complete
02:32:38.413 - 3366ms - 99% Complete
02:32:38.413 - 3400ms - 99% Complete
02:32:38.413 - 3433ms - 99% Complete
02:32:38.413 - 3466ms - 99% Complete
02:32:38.413 - 3500ms - 99% Complete
02:32:38.413 - 3533ms - 99% Complete
02:32:38.414 - 3566ms - 99% Complete
02:32:38.414 - 3600ms - 99% Complete
02:32:38.414 - 3633ms - 99% Complete
02:32:38.414 - 3666ms - 100% Complete
02:32:38.414 - Hero elements file is not valid: None
02:32:38.414 - Converting video frames to JPEG
02:32:38.415 - STREAM b'IHDR' 16 13
02:32:38.415 - STREAM b'pHYs' 41 9
02:32:38.415 - STREAM b'IDAT' 62 634
02:32:38.415 - Unable to convert image to sRGB as there is no color profile to transform from.
02:32:38.416 - STREAM b'IHDR' 16 13
02:32:38.416 - STREAM b'pHYs' 41 9
02:32:38.416 - STREAM b'IDAT' 62 4096
02:32:38.416 - Unable to convert image to sRGB as there is no color profile to transform from.
02:32:38.416 - STREAM b'IHDR' 16 13
02:32:38.416 - STREAM b'pHYs' 41 9
02:32:38.416 - STREAM b'IDAT' 62 4096
02:32:38.416 - Unable to convert image to sRGB as there is no color profile to transform from.
02:32:38.417 - STREAM b'IHDR' 16 13
02:32:38.417 - STREAM b'pHYs' 41 9
02:32:38.417 - STREAM b'IDAT' 62 4096
02:32:38.417 - Unable to convert image to sRGB as there is no color profile to transform from.
02:32:38.418 - STREAM b'IHDR' 16 13
02:32:38.418 - STREAM b'pHYs' 41 9
02:32:38.418 - STREAM b'IDAT' 62 4096
02:32:38.418 - Unable to convert image to sRGB as there is no color profile to transform from.
02:32:38.419 - STREAM b'IHDR' 16 13
02:32:38.419 - STREAM b'pHYs' 41 9
02:32:38.419 - STREAM b'IDAT' 62 4096
02:32:38.419 - Unable to convert image to sRGB as there is no color profile to transform from.
02:32:38.420 - STREAM b'IHDR' 16 13
02:32:38.420 - STREAM b'pHYs' 41 9
02:32:38.420 - STREAM b'IDAT' 62 4096
02:32:38.420 - Unable to convert image to sRGB as there is no color profile to transform from.
02:32:38.420 - STREAM b'IHDR' 16 13
02:32:38.420 - STREAM b'pHYs' 41 9
02:32:38.420 - STREAM b'IDAT' 62 4096
02:32:38.420 - Unable to convert image to sRGB as there is no color profile to transform from.
02:32:38.421 - STREAM b'IHDR' 16 13
02:32:38.421 - STREAM b'pHYs' 41 9
02:32:38.421 - STREAM b'IDAT' 62 4096
02:32:38.421 - Unable to convert image to sRGB as there is no color profile to transform from.
02:32:38.422 - STREAM b'IHDR' 16 13
02:32:38.422 - STREAM b'pHYs' 41 9
02:32:38.422 - STREAM b'IDAT' 62 4096
02:32:38.422 - Unable to convert image to sRGB as there is no color profile to transform from.
02:32:38.423 - STREAM b'IHDR' 16 13
02:32:38.423 - STREAM b'pHYs' 41 9
02:32:38.423 - STREAM b'IDAT' 62 4096
02:32:38.423 - Unable to convert image to sRGB as there is no color profile to transform from.
02:32:38.423 - STREAM b'IHDR' 16 13
02:32:38.423 - STREAM b'pHYs' 41 9
02:32:38.423 - STREAM b'IDAT' 62 4096
02:32:38.424 - Unable to convert image to sRGB as there is no color profile to transform from.
02:32:38.424 - STREAM b'IHDR' 16 13
02:32:38.424 - STREAM b'pHYs' 41 9
02:32:38.424 - STREAM b'IDAT' 62 4096
02:32:38.424 - Unable to convert image to sRGB as there is no color profile to transform from.
02:32:38.425 - STREAM b'IHDR' 16 13
02:32:38.425 - STREAM b'pHYs' 41 9
02:32:38.425 - STREAM b'IDAT' 62 4096
02:32:38.425 - Unable to convert image to sRGB as there is no color profile to transform from.
02:32:38.426 - STREAM b'IHDR' 16 13
02:32:38.426 - STREAM b'pHYs' 41 9
02:32:38.426 - STREAM b'IDAT' 62 4096
02:32:38.426 - Unable to convert image to sRGB as there is no color profile to transform from.
02:32:38.426 - STREAM b'IHDR' 16 13
02:32:38.427 - STREAM b'pHYs' 41 9
02:32:38.427 - STREAM b'IDAT' 62 4096
02:32:38.427 - Unable to convert image to sRGB as there is no color profile to transform from.
02:32:38.427 - STREAM b'IHDR' 16 13
02:32:38.427 - STREAM b'pHYs' 41 9
02:32:38.427 - STREAM b'IDAT' 62 4096
02:32:38.427 - Unable to convert image to sRGB as there is no color profile to transform from.
02:32:38.428 - STREAM b'IHDR' 16 13
02:32:38.428 - STREAM b'pHYs' 41 9
02:32:38.428 - STREAM b'IDAT' 62 4096
02:32:38.428 - Unable to convert image to sRGB as there is no color profile to transform from.
02:32:38.429 - STREAM b'IHDR' 16 13
02:32:38.429 - STREAM b'pHYs' 41 9
02:32:38.429 - STREAM b'IDAT' 62 4096
02:32:38.429 - Unable to convert image to sRGB as there is no color profile to transform from.
02:32:38.430 - STREAM b'IHDR' 16 13
02:32:38.430 - STREAM b'pHYs' 41 9
02:32:38.430 - STREAM b'IDAT' 62 4096
02:32:38.430 - Unable to convert image to sRGB as there is no color profile to transform from.
02:32:38.430 - STREAM b'IHDR' 16 13
02:32:38.430 - STREAM b'pHYs' 41 9
02:32:38.430 - STREAM b'IDAT' 62 4096
02:32:38.430 - Unable to convert image to sRGB as there is no color profile to transform from.
02:32:38.431 - STREAM b'IHDR' 16 13
02:32:38.431 - STREAM b'pHYs' 41 9
02:32:38.431 - STREAM b'IDAT' 62 4096
02:32:38.431 - Unable to convert image to sRGB as there is no color profile to transform from.
02:32:38.432 - STREAM b'IHDR' 16 13
02:32:38.432 - STREAM b'pHYs' 41 9
02:32:38.432 - STREAM b'IDAT' 62 4096
02:32:38.432 - Unable to convert image to sRGB as there is no color profile to transform from.
02:32:38.433 - STREAM b'IHDR' 16 13
02:32:38.433 - STREAM b'pHYs' 41 9
02:32:38.433 - STREAM b'IDAT' 62 4096
02:32:38.433 - Unable to convert image to sRGB as there is no color profile to transform from.
02:32:38.434 - STREAM b'IHDR' 16 13
02:32:38.434 - STREAM b'pHYs' 41 9
02:32:38.434 - STREAM b'IDAT' 62 4096
02:32:38.434 - Unable to convert image to sRGB as there is no color profile to transform from.
02:32:38.434 - STREAM b'IHDR' 16 13
02:32:38.434 - STREAM b'pHYs' 41 9
02:32:38.434 - STREAM b'IDAT' 62 4096
02:32:38.434 - Unable to convert image to sRGB as there is no color profile to transform from.
02:32:38.435 - STREAM b'IHDR' 16 13
02:32:38.435 - STREAM b'pHYs' 41 9
02:32:38.435 - STREAM b'IDAT' 62 4096
02:32:38.435 - Unable to convert image to sRGB as there is no color profile to transform from.
02:32:38.436 - STREAM b'IHDR' 16 13
02:32:38.436 - STREAM b'pHYs' 41 9
02:32:38.436 - STREAM b'IDAT' 62 4096
02:32:38.436 - Unable to convert image to sRGB as there is no color profile to transform from.
02:32:38.437 - STREAM b'IHDR' 16 13
02:32:38.437 - STREAM b'pHYs' 41 9
02:32:38.437 - STREAM b'IDAT' 62 4096
02:32:38.437 - Unable to convert image to sRGB as there is no color profile to transform from.
02:32:38.437 - STREAM b'IHDR' 16 13
02:32:38.437 - STREAM b'pHYs' 41 9
02:32:38.437 - STREAM b'IDAT' 62 4096
02:32:38.438 - Unable to convert image to sRGB as there is no color profile to transform from.
02:32:38.438 - STREAM b'IHDR' 16 13
02:32:38.438 - STREAM b'pHYs' 41 9
02:32:38.438 - STREAM b'IDAT' 62 4096
02:32:38.438 - Unable to convert image to sRGB as there is no color profile to transform from.
02:32:38.439 - STREAM b'IHDR' 16 13
02:32:38.439 - STREAM b'pHYs' 41 9
02:32:38.439 - STREAM b'IDAT' 62 4096
02:32:38.439 - Unable to convert image to sRGB as there is no color profile to transform from.
02:32:38.440 - STREAM b'IHDR' 16 13
02:32:38.440 - STREAM b'pHYs' 41 9
02:32:38.440 - STREAM b'IDAT' 62 4096
02:32:38.440 - Unable to convert image to sRGB as there is no color profile to transform from.
02:32:38.441 - STREAM b'IHDR' 16 13
02:32:38.441 - STREAM b'pHYs' 41 9
02:32:38.441 - STREAM b'IDAT' 62 4096
02:32:38.441 - Unable to convert image to sRGB as there is no color profile to transform from.
02:32:38.441 - STREAM b'IHDR' 16 13
02:32:38.441 - STREAM b'pHYs' 41 9
02:32:38.441 - STREAM b'IDAT' 62 4096
02:32:38.441 - Unable to convert image to sRGB as there is no color profile to transform from.
02:32:38.442 - STREAM b'IHDR' 16 13
02:32:38.442 - STREAM b'pHYs' 41 9
02:32:38.442 - STREAM b'IDAT' 62 4096
02:32:38.442 - Unable to convert image to sRGB as there is no color profile to transform from.
02:32:38.443 - STREAM b'IHDR' 16 13
02:32:38.443 - STREAM b'pHYs' 41 9
02:32:38.443 - STREAM b'IDAT' 62 4096
02:32:38.443 - Unable to convert image to sRGB as there is no color profile to transform from.
02:32:38.444 - STREAM b'IHDR' 16 13
02:32:38.444 - STREAM b'pHYs' 41 9
02:32:38.444 - STREAM b'IDAT' 62 4096
02:32:38.444 - Unable to convert image to sRGB as there is no color profile to transform from.
02:32:38.445 - STREAM b'IHDR' 16 13
02:32:38.445 - STREAM b'pHYs' 41 9
02:32:38.445 - STREAM b'IDAT' 62 4096
02:32:38.445 - Unable to convert image to sRGB as there is no color profile to transform from.
02:32:38.446 - STREAM b'IHDR' 16 13
02:32:38.446 - STREAM b'pHYs' 41 9
02:32:38.446 - STREAM b'IDAT' 62 4096
02:32:38.446 - Unable to convert image to sRGB as there is no color profile to transform from.
02:32:38.446 - STREAM b'IHDR' 16 13
02:32:38.446 - STREAM b'pHYs' 41 9
02:32:38.446 - STREAM b'IDAT' 62 4096
02:32:38.446 - Unable to convert image to sRGB as there is no color profile to transform from.
02:32:38.447 - STREAM b'IHDR' 16 13
02:32:38.447 - STREAM b'pHYs' 41 9
02:32:38.447 - STREAM b'IDAT' 62 4096
02:32:38.447 - Unable to convert image to sRGB as there is no color profile to transform from.
02:32:38.448 - STREAM b'IHDR' 16 13
02:32:38.448 - STREAM b'pHYs' 41 9
02:32:38.448 - STREAM b'IDAT' 62 4096
02:32:38.448 - Unable to convert image to sRGB as there is no color profile to transform from.
02:32:38.449 - STREAM b'IHDR' 16 13
02:32:38.449 - STREAM b'pHYs' 41 9
02:32:38.449 - STREAM b'IDAT' 62 4096
02:32:38.449 - Unable to convert image to sRGB as there is no color profile to transform from.
02:32:38.450 - STREAM b'IHDR' 16 13
02:32:38.450 - STREAM b'pHYs' 41 9
02:32:38.450 - STREAM b'IDAT' 62 4096
02:32:38.450 - Unable to convert image to sRGB as there is no color profile to transform from.
02:32:38.451 - STREAM b'IHDR' 16 13
02:32:38.451 - STREAM b'pHYs' 41 9
02:32:38.451 - STREAM b'IDAT' 62 4096
02:32:38.451 - Unable to convert image to sRGB as there is no color profile to transform from.
02:32:38.451 - STREAM b'IHDR' 16 13
02:32:38.451 - STREAM b'pHYs' 41 9
02:32:38.452 - STREAM b'IDAT' 62 4096
02:32:38.452 - Unable to convert image to sRGB as there is no color profile to transform from.
02:32:38.452 - STREAM b'IHDR' 16 13
02:32:38.452 - STREAM b'pHYs' 41 9
02:32:38.452 - STREAM b'IDAT' 62 4096
02:32:38.452 - Unable to convert image to sRGB as there is no color profile to transform from.
02:32:38.453 - STREAM b'IHDR' 16 13
02:32:38.453 - STREAM b'pHYs' 41 9
02:32:38.453 - STREAM b'IDAT' 62 4096
02:32:38.453 - Unable to convert image to sRGB as there is no color profile to transform from.
02:32:38.454 - STREAM b'IHDR' 16 13
02:32:38.454 - STREAM b'pHYs' 41 9
02:32:38.454 - STREAM b'IDAT' 62 4096
02:32:38.454 - Unable to convert image to sRGB as there is no color profile to transform from.
02:32:38.455 - STREAM b'IHDR' 16 13
02:32:38.455 - STREAM b'pHYs' 41 9
02:32:38.455 - STREAM b'IDAT' 62 4096
02:32:38.455 - Unable to convert image to sRGB as there is no color profile to transform from.
02:32:38.456 - STREAM b'IHDR' 16 13
02:32:38.456 - STREAM b'pHYs' 41 9
02:32:38.456 - STREAM b'IDAT' 62 4096
02:32:38.456 - Unable to convert image to sRGB as there is no color profile to transform from.
02:32:38.457 - STREAM b'IHDR' 16 13
02:32:38.457 - STREAM b'pHYs' 41 9
02:32:38.457 - STREAM b'IDAT' 62 4096
02:32:38.457 - Unable to convert image to sRGB as there is no color profile to transform from.
02:32:38.457 - STREAM b'IHDR' 16 13
02:32:38.457 - STREAM b'pHYs' 41 9
02:32:38.457 - STREAM b'IDAT' 62 4096
02:32:38.457 - Unable to convert image to sRGB as there is no color profile to transform from.
02:32:38.458 - STREAM b'IHDR' 16 13
02:32:38.458 - STREAM b'pHYs' 41 9
02:32:38.458 - STREAM b'IDAT' 62 4096
02:32:38.458 - Unable to convert image to sRGB as there is no color profile to transform from.
02:32:38.459 - STREAM b'IHDR' 16 13
02:32:38.459 - STREAM b'pHYs' 41 9
02:32:38.459 - STREAM b'IDAT' 62 4096
02:32:38.459 - Unable to convert image to sRGB as there is no color profile to transform from.
02:32:38.460 - STREAM b'IHDR' 16 13
02:32:38.460 - STREAM b'pHYs' 41 9
02:32:38.460 - STREAM b'IDAT' 62 4096
02:32:38.460 - Unable to convert image to sRGB as there is no color profile to transform from.
02:32:38.461 - STREAM b'IHDR' 16 13
02:32:38.461 - STREAM b'pHYs' 41 9
02:32:38.461 - STREAM b'IDAT' 62 4096
02:32:38.461 - Unable to convert image to sRGB as there is no color profile to transform from.
02:32:38.462 - STREAM b'IHDR' 16 13
02:32:38.462 - STREAM b'pHYs' 41 9
02:32:38.462 - STREAM b'IDAT' 62 4096
02:32:38.462 - Unable to convert image to sRGB as there is no color profile to transform from.
02:32:38.462 - STREAM b'IHDR' 16 13
02:32:38.463 - STREAM b'pHYs' 41 9
02:32:38.463 - STREAM b'IDAT' 62 4096
02:32:38.463 - Unable to convert image to sRGB as there is no color profile to transform from.
02:32:38.463 - STREAM b'IHDR' 16 13
02:32:38.463 - STREAM b'pHYs' 41 9
02:32:38.463 - STREAM b'IDAT' 62 4096
02:32:38.463 - Unable to convert image to sRGB as there is no color profile to transform from.
02:32:38.464 - STREAM b'IHDR' 16 13
02:32:38.464 - STREAM b'pHYs' 41 9
02:32:38.464 - STREAM b'IDAT' 62 4096
02:32:38.464 - Unable to convert image to sRGB as there is no color profile to transform from.
02:32:38.465 - STREAM b'IHDR' 16 13
02:32:38.465 - STREAM b'pHYs' 41 9
02:32:38.465 - STREAM b'IDAT' 62 4096
02:32:38.465 - Unable to convert image to sRGB as there is no color profile to transform from.
02:32:38.466 - STREAM b'IHDR' 16 13
02:32:38.466 - STREAM b'pHYs' 41 9
02:32:38.466 - STREAM b'IDAT' 62 4096
02:32:38.466 - Unable to convert image to sRGB as there is no color profile to transform from.
02:32:38.467 - STREAM b'IHDR' 16 13
02:32:38.467 - STREAM b'pHYs' 41 9
02:32:38.467 - STREAM b'IDAT' 62 4096
02:32:38.467 - Unable to convert image to sRGB as there is no color profile to transform from.
02:32:38.468 - STREAM b'IHDR' 16 13
02:32:38.468 - STREAM b'pHYs' 41 9
02:32:38.468 - STREAM b'IDAT' 62 4096
02:32:38.468 - Unable to convert image to sRGB as there is no color profile to transform from.
02:32:38.468 - STREAM b'IHDR' 16 13
02:32:38.468 - STREAM b'pHYs' 41 9
02:32:38.468 - STREAM b'IDAT' 62 4096
02:32:38.469 - Unable to convert image to sRGB as there is no color profile to transform from.
02:32:38.469 - STREAM b'IHDR' 16 13
02:32:38.469 - STREAM b'pHYs' 41 9
02:32:38.469 - STREAM b'IDAT' 62 4096
02:32:38.469 - Unable to convert image to sRGB as there is no color profile to transform from.
02:32:38.470 - STREAM b'IHDR' 16 13
02:32:38.470 - STREAM b'pHYs' 41 9
02:32:38.470 - STREAM b'IDAT' 62 4096
02:32:38.470 - Unable to convert image to sRGB as there is no color profile to transform from.
02:32:38.471 - STREAM b'IHDR' 16 13
02:32:38.471 - STREAM b'pHYs' 41 9
02:32:38.471 - STREAM b'IDAT' 62 4096
02:32:38.471 - Unable to convert image to sRGB as there is no color profile to transform from.
02:32:38.472 - STREAM b'IHDR' 16 13
02:32:38.472 - STREAM b'pHYs' 41 9
02:32:38.472 - STREAM b'IDAT' 62 4096
02:32:38.472 - Unable to convert image to sRGB as there is no color profile to transform from.
02:32:38.473 - STREAM b'IHDR' 16 13
02:32:38.473 - STREAM b'pHYs' 41 9
02:32:38.473 - STREAM b'IDAT' 62 4096
02:32:38.473 - Unable to convert image to sRGB as there is no color profile to transform from.
02:32:38.474 - STREAM b'IHDR' 16 13
02:32:38.474 - STREAM b'pHYs' 41 9
02:32:38.474 - STREAM b'IDAT' 62 4096
02:32:38.474 - Unable to convert image to sRGB as there is no color profile to transform from.
02:32:38.474 - STREAM b'IHDR' 16 13
02:32:38.474 - STREAM b'pHYs' 41 9
02:32:38.474 - STREAM b'IDAT' 62 4096
02:32:38.474 - Unable to convert image to sRGB as there is no color profile to transform from.
02:32:38.475 - STREAM b'IHDR' 16 13
02:32:38.475 - STREAM b'pHYs' 41 9
02:32:38.475 - STREAM b'IDAT' 62 4096
02:32:38.475 - Unable to convert image to sRGB as there is no color profile to transform from.
02:32:38.476 - STREAM b'IHDR' 16 13
02:32:38.476 - STREAM b'pHYs' 41 9
02:32:38.476 - STREAM b'IDAT' 62 4096
02:32:38.476 - Unable to convert image to sRGB as there is no color profile to transform from.
02:32:38.477 - STREAM b'IHDR' 16 13
02:32:38.477 - STREAM b'pHYs' 41 9
02:32:38.477 - STREAM b'IDAT' 62 4096
02:32:38.477 - Unable to convert image to sRGB as there is no color profile to transform from.
02:32:38.478 - STREAM b'IHDR' 16 13
02:32:38.478 - STREAM b'pHYs' 41 9
02:32:38.478 - STREAM b'IDAT' 62 4096
02:32:38.478 - Unable to convert image to sRGB as there is no color profile to transform from.
02:32:38.479 - STREAM b'IHDR' 16 13
02:32:38.479 - STREAM b'pHYs' 41 9
02:32:38.479 - STREAM b'IDAT' 62 4096
02:32:38.479 - Unable to convert image to sRGB as there is no color profile to transform from.
02:32:38.479 - STREAM b'IHDR' 16 13
02:32:38.479 - STREAM b'pHYs' 41 9
02:32:38.480 - STREAM b'IDAT' 62 4096
02:32:38.480 - Unable to convert image to sRGB as there is no color profile to transform from.
02:32:38.480 - STREAM b'IHDR' 16 13
02:32:38.480 - STREAM b'pHYs' 41 9
02:32:38.480 - STREAM b'IDAT' 62 4096
02:32:38.480 - Unable to convert image to sRGB as there is no color profile to transform from.
02:32:38.481 - STREAM b'IHDR' 16 13
02:32:38.481 - STREAM b'pHYs' 41 9
02:32:38.481 - STREAM b'IDAT' 62 4096
02:32:38.481 - Unable to convert image to sRGB as there is no color profile to transform from.
02:32:38.482 - STREAM b'IHDR' 16 13
02:32:38.482 - STREAM b'pHYs' 41 9
02:32:38.482 - STREAM b'IDAT' 62 4096
02:32:38.482 - Unable to convert image to sRGB as there is no color profile to transform from.
02:32:38.483 - STREAM b'IHDR' 16 13
02:32:38.483 - STREAM b'pHYs' 41 9
02:32:38.483 - STREAM b'IDAT' 62 4096
02:32:38.483 - Unable to convert image to sRGB as there is no color profile to transform from.
02:32:38.484 - STREAM b'IHDR' 16 13
02:32:38.484 - STREAM b'pHYs' 41 9
02:32:38.484 - STREAM b'IDAT' 62 4096
02:32:38.484 - Unable to convert image to sRGB as there is no color profile to transform from.
02:32:38.485 - STREAM b'IHDR' 16 13
02:32:38.485 - STREAM b'pHYs' 41 9
02:32:38.485 - STREAM b'IDAT' 62 4096
02:32:38.485 - Unable to convert image to sRGB as there is no color profile to transform from.
02:32:38.485 - STREAM b'IHDR' 16 13
02:32:38.485 - STREAM b'pHYs' 41 9
02:32:38.486 - STREAM b'IDAT' 62 4096
02:32:38.486 - Unable to convert image to sRGB as there is no color profile to transform from.
02:32:38.486 - STREAM b'IHDR' 16 13
02:32:38.486 - STREAM b'pHYs' 41 9
02:32:38.486 - STREAM b'IDAT' 62 4096
02:32:38.486 - Unable to convert image to sRGB as there is no color profile to transform from.
02:32:38.487 - STREAM b'IHDR' 16 13
02:32:38.487 - STREAM b'pHYs' 41 9
02:32:38.487 - STREAM b'IDAT' 62 4096
02:32:38.487 - Unable to convert image to sRGB as there is no color profile to transform from.
02:32:38.488 - STREAM b'IHDR' 16 13
02:32:38.488 - STREAM b'pHYs' 41 9
02:32:38.488 - STREAM b'IDAT' 62 4096
02:32:38.488 - Unable to convert image to sRGB as there is no color profile to transform from.
02:32:38.489 - STREAM b'IHDR' 16 13
02:32:38.489 - STREAM b'pHYs' 41 9
02:32:38.489 - STREAM b'IDAT' 62 4096
02:32:38.489 - Unable to convert image to sRGB as there is no color profile to transform from.
02:32:38.490 - STREAM b'IHDR' 16 13
02:32:38.490 - STREAM b'pHYs' 41 9
02:32:38.490 - STREAM b'IDAT' 62 4096
02:32:38.490 - Unable to convert image to sRGB as there is no color profile to transform from.
02:32:38.491 - STREAM b'IHDR' 16 13
02:32:38.491 - STREAM b'pHYs' 41 9
02:32:38.491 - STREAM b'IDAT' 62 4096
02:32:38.491 - Unable to convert image to sRGB as there is no color profile to transform from.
02:32:38.491 - STREAM b'IHDR' 16 13
02:32:38.491 - STREAM b'pHYs' 41 9
02:32:38.491 - STREAM b'IDAT' 62 4096
02:32:38.491 - Unable to convert image to sRGB as there is no color profile to transform from.
02:32:38.492 - STREAM b'IHDR' 16 13
02:32:38.492 - STREAM b'pHYs' 41 9
02:32:38.492 - STREAM b'IDAT' 62 4096
02:32:38.492 - Unable to convert image to sRGB as there is no color profile to transform from.
02:32:38.493 - STREAM b'IHDR' 16 13
02:32:38.493 - STREAM b'pHYs' 41 9
02:32:38.493 - STREAM b'IDAT' 62 4096
02:32:38.493 - Unable to convert image to sRGB as there is no color profile to transform from.
02:32:38.494 - STREAM b'IHDR' 16 13
02:32:38.494 - STREAM b'pHYs' 41 9
02:32:38.494 - STREAM b'IDAT' 62 4096
02:32:38.494 - Unable to convert image to sRGB as there is no color profile to transform from.
02:32:38.495 - STREAM b'IHDR' 16 13
02:32:38.495 - STREAM b'pHYs' 41 9
02:32:38.495 - STREAM b'IDAT' 62 4096
02:32:38.495 - Unable to convert image to sRGB as there is no color profile to transform from.
02:32:38.496 - STREAM b'IHDR' 16 13
02:32:38.496 - STREAM b'pHYs' 41 9
02:32:38.496 - STREAM b'IDAT' 62 4096
02:32:38.496 - Unable to convert image to sRGB as there is no color profile to transform from.
02:32:38.496 - STREAM b'IHDR' 16 13
02:32:38.497 - STREAM b'pHYs' 41 9
02:32:38.497 - STREAM b'IDAT' 62 4096
02:32:38.497 - Unable to convert image to sRGB as there is no color profile to transform from.
02:32:38.497 - Done converting video frames to JPEG
