02:28:37.051 - FFMPEG found
02:28:37.051 - Python 3.6+ found
02:28:37.095 - Numpy found
02:28:37.116 - OpenCV-Python found
02:28:37.128 - Pillow found
02:28:37.384 - SSIM found
02:28:37.388 - Processing frames from video /sitespeed.io/20251114_212547/pages/scholar_google_com/scholar/query-d5d0de82/data/video/3.mp4 to /sitespeed.io/20251114_212547/pages/scholar_google_com/scholar/query-d5d0de82/data/filmstrip/3
02:28:37.388 - ['ffprobe', '/sitespeed.io/20251114_212547/pages/scholar_google_com/scholar/query-d5d0de82/data/video/3.mp4']
02:28:37.394 - Finding Video Viewport...
02:28:37.394 - Using frame 0
02:28:37.455 - STREAM b'IHDR' 16 13
02:28:37.455 - STREAM b'pHYs' 41 9
02:28:37.455 - STREAM b'IDAT' 62 4096
02:28:37.455 - /sitespeed.io/20251114_212547/pages/scholar_google_com/scholar/query-d5d0de82/data/filmstrip/3/viewport.png is 1366x708
02:28:37.455 - Finding the viewport for /sitespeed.io/20251114_212547/pages/scholar_google_com/scholar/query-d5d0de82/data/filmstrip/3/viewport.png
02:28:37.456 - STREAM b'IHDR' 16 13
02:28:37.456 - STREAM b'pHYs' 41 9
02:28:37.456 - STREAM b'IDAT' 62 4096
02:28:37.461 - Viewport left edge is 0
02:28:37.461 - Viewport right edge is 1363
02:28:37.461 - Viewport top edge is 88
02:28:37.461 - Viewport bottom edge is 704
02:28:37.472 - Extracting frames from /sitespeed.io/20251114_212547/pages/scholar_google_com/scholar/query-d5d0de82/data/video/3.mp4 to /sitespeed.io/20251114_212547/pages/scholar_google_com/scholar/query-d5d0de82/data/filmstrip/3
02:28:37.474 - ffmpeg -v debug -i /sitespeed.io/20251114_212547/pages/scholar_google_com/scholar/query-d5d0de82/data/video/3.mp4 -vsync 0 -vf crop=1363:616:0:88,scale=iw*min(400/iw\,400/ih):ih*min(400/iw\,400/ih),mpdecimate=0:64:640:0.001 /sitespeed.io/20251114_212547/pages/scholar_google_com/scholar/query-d5d0de82/data/filmstrip/3/img-%d.png
02:28:37.611 - Renaming /sitespeed.io/20251114_212547/pages/scholar_google_com/scholar/query-d5d0de82/data/filmstrip/3/img-1.png to /sitespeed.io/20251114_212547/pages/scholar_google_com/scholar/query-d5d0de82/data/filmstrip/3/video-000000.png
02:28:37.611 - Renaming /sitespeed.io/20251114_212547/pages/scholar_google_com/scholar/query-d5d0de82/data/filmstrip/3/img-2.png to /sitespeed.io/20251114_212547/pages/scholar_google_com/scholar/query-d5d0de82/data/filmstrip/3/video-000900.png
02:28:37.611 - Renaming /sitespeed.io/20251114_212547/pages/scholar_google_com/scholar/query-d5d0de82/data/filmstrip/3/img-3.png to /sitespeed.io/20251114_212547/pages/scholar_google_com/scholar/query-d5d0de82/data/filmstrip/3/video-001100.png
02:28:37.611 - Renaming /sitespeed.io/20251114_212547/pages/scholar_google_com/scholar/query-d5d0de82/data/filmstrip/3/img-4.png to /sitespeed.io/20251114_212547/pages/scholar_google_com/scholar/query-d5d0de82/data/filmstrip/3/video-001133.png
02:28:37.611 - Renaming /sitespeed.io/20251114_212547/pages/scholar_google_com/scholar/query-d5d0de82/data/filmstrip/3/img-5.png to /sitespeed.io/20251114_212547/pages/scholar_google_com/scholar/query-d5d0de82/data/filmstrip/3/video-001166.png
02:28:37.612 - Scanning for non-orange frames...
02:28:37.612 - STREAM b'IHDR' 16 13
02:28:37.612 - STREAM b'pHYs' 41 9
02:28:37.612 - STREAM b'IDAT' 62 658
02:28:37.612 - STREAM b'IHDR' 16 13
02:28:37.612 - STREAM b'pHYs' 41 9
02:28:37.612 - STREAM b'IDAT' 62 658
02:28:37.613 - STREAM b'IHDR' 16 13
02:28:37.613 - STREAM b'IDAT' 41 535
02:28:37.615 - Scanning for orange frames...
02:28:37.615 - Removing Orange frame: /sitespeed.io/20251114_212547/pages/scholar_google_com/scholar/query-d5d0de82/data/filmstrip/3/video-000000.png
02:28:37.615 - STREAM b'IHDR' 16 13
02:28:37.615 - STREAM b'pHYs' 41 9
02:28:37.615 - STREAM b'IDAT' 62 623
02:28:37.615 - STREAM b'IHDR' 16 13
02:28:37.615 - STREAM b'pHYs' 41 9
02:28:37.615 - STREAM b'IDAT' 62 623
02:28:37.616 - STREAM b'IHDR' 16 13
02:28:37.616 - STREAM b'IDAT' 41 535
02:28:37.617 - STREAM b'IHDR' 16 13
02:28:37.617 - STREAM b'pHYs' 41 9
02:28:37.617 - STREAM b'IDAT' 62 623
02:28:37.619 - STREAM b'IHDR' 16 13
02:28:37.619 - STREAM b'IDAT' 41 535
02:28:37.620 - STREAM b'IHDR' 16 13
02:28:37.620 - STREAM b'pHYs' 41 9
02:28:37.620 - STREAM b'IDAT' 62 623
02:28:37.621 - STREAM b'IHDR' 16 13
02:28:37.621 - STREAM b'IDAT' 41 535
02:28:37.622 - STREAM b'IHDR' 16 13
02:28:37.622 - STREAM b'pHYs' 41 9
02:28:37.622 - STREAM b'IDAT' 62 4096
02:28:37.622 - STREAM b'IHDR' 16 13
02:28:37.622 - STREAM b'pHYs' 41 9
02:28:37.622 - STREAM b'IDAT' 62 4096
02:28:37.623 - STREAM b'IHDR' 16 13
02:28:37.623 - STREAM b'IDAT' 41 535
02:28:37.624 - STREAM b'IHDR' 16 13
02:28:37.624 - STREAM b'pHYs' 41 9
02:28:37.624 - STREAM b'IDAT' 62 4096
02:28:37.625 - STREAM b'IHDR' 16 13
02:28:37.625 - STREAM b'IDAT' 41 535
02:28:37.626 - STREAM b'IHDR' 16 13
02:28:37.626 - STREAM b'pHYs' 41 9
02:28:37.626 - STREAM b'IDAT' 62 4096
02:28:37.627 - STREAM b'IHDR' 16 13
02:28:37.627 - STREAM b'IDAT' 41 535
02:28:37.628 - Finding Render Start...
02:28:37.628 - STREAM b'IHDR' 16 13
02:28:37.628 - STREAM b'pHYs' 41 9
02:28:37.628 - STREAM b'IDAT' 62 623
02:28:37.628 - STREAM b'IHDR' 16 13
02:28:37.628 - STREAM b'pHYs' 41 9
02:28:37.628 - STREAM b'IDAT' 62 623
02:28:37.628 - STREAM b'IHDR' 16 13
02:28:37.628 - STREAM b'pHYs' 41 9
02:28:37.628 - STREAM b'IDAT' 62 1800
02:28:37.632 - STREAM b'IHDR' 16 13
02:28:37.632 - STREAM b'pHYs' 41 9
02:28:37.632 - STREAM b'IDAT' 62 1800
02:28:37.632 - STREAM b'IHDR' 16 13
02:28:37.632 - STREAM b'pHYs' 41 9
02:28:37.632 - STREAM b'IDAT' 62 1800
02:28:37.633 - STREAM b'IHDR' 16 13
02:28:37.633 - STREAM b'IDAT' 41 535
02:28:37.634 - STREAM b'IHDR' 16 13
02:28:37.634 - STREAM b'pHYs' 41 9
02:28:37.634 - STREAM b'IDAT' 62 1800
02:28:37.635 - STREAM b'IHDR' 16 13
02:28:37.635 - STREAM b'IDAT' 41 535
02:28:37.636 - STREAM b'IHDR' 16 13
02:28:37.636 - STREAM b'pHYs' 41 9
02:28:37.636 - STREAM b'IDAT' 62 1800
02:28:37.636 - STREAM b'IHDR' 16 13
02:28:37.637 - STREAM b'IDAT' 41 535
02:28:37.637 - Eliminating Duplicate Frames...
02:28:37.638 - STREAM b'IHDR' 16 13
02:28:37.638 - STREAM b'pHYs' 41 9
02:28:37.638 - STREAM b'IDAT' 62 623
02:28:37.638 - Viewport cropping set to (W, H, L, T): (400, 170, 0, 0)
02:28:37.638 - STREAM b'IHDR' 16 13
02:28:37.638 - STREAM b'pHYs' 41 9
02:28:37.638 - STREAM b'IDAT' 62 623
02:28:37.638 - STREAM b'IHDR' 16 13
02:28:37.638 - STREAM b'pHYs' 41 9
02:28:37.638 - STREAM b'IDAT' 62 1800
02:28:37.641 - STREAM b'IHDR' 16 13
02:28:37.641 - STREAM b'pHYs' 41 9
02:28:37.641 - STREAM b'IDAT' 62 4096
02:28:37.641 - STREAM b'IHDR' 16 13
02:28:37.641 - STREAM b'pHYs' 41 9
02:28:37.641 - STREAM b'IDAT' 62 2899
02:28:37.653 - Calculating image histograms
02:28:37.654 - Calculating histogram for /sitespeed.io/20251114_212547/pages/scholar_google_com/scholar/query-d5d0de82/data/filmstrip/3/ms_000000.png
02:28:37.654 - STREAM b'IHDR' 16 13
02:28:37.654 - STREAM b'pHYs' 41 9
02:28:37.654 - STREAM b'IDAT' 62 623
02:28:37.659 - Calculating histogram for /sitespeed.io/20251114_212547/pages/scholar_google_com/scholar/query-d5d0de82/data/filmstrip/3/ms_000200.png
02:28:37.659 - STREAM b'IHDR' 16 13
02:28:37.660 - STREAM b'pHYs' 41 9
02:28:37.660 - STREAM b'IDAT' 62 1800
02:28:37.665 - Calculating histogram for /sitespeed.io/20251114_212547/pages/scholar_google_com/scholar/query-d5d0de82/data/filmstrip/3/ms_000233.png
02:28:37.665 - STREAM b'IHDR' 16 13
02:28:37.665 - STREAM b'pHYs' 41 9
02:28:37.665 - STREAM b'IDAT' 62 2899
02:28:37.670 - Calculating histogram for /sitespeed.io/20251114_212547/pages/scholar_google_com/scholar/query-d5d0de82/data/filmstrip/3/ms_000266.png
02:28:37.670 - STREAM b'IHDR' 16 13
02:28:37.670 - STREAM b'pHYs' 41 9
02:28:37.670 - STREAM b'IDAT' 62 4096
02:28:37.679 - Done calculating histograms
02:28:37.679 - 0ms - 0% Complete
02:28:37.679 - 200ms - 31% Complete
02:28:37.680 - 233ms - 33% Complete
02:28:37.680 - 266ms - 100% Complete
02:28:37.680 - Hero elements file is not valid: None
02:28:37.680 - Converting video frames to JPEG
02:28:37.680 - STREAM b'IHDR' 16 13
02:28:37.680 - STREAM b'pHYs' 41 9
02:28:37.680 - STREAM b'IDAT' 62 623
02:28:37.680 - Unable to convert image to sRGB as there is no color profile to transform from.
02:28:37.681 - STREAM b'IHDR' 16 13
02:28:37.681 - STREAM b'pHYs' 41 9
02:28:37.681 - STREAM b'IDAT' 62 1800
02:28:37.681 - Unable to convert image to sRGB as there is no color profile to transform from.
02:28:37.681 - STREAM b'IHDR' 16 13
02:28:37.682 - STREAM b'pHYs' 41 9
02:28:37.682 - STREAM b'IDAT' 62 2899
02:28:37.682 - Unable to convert image to sRGB as there is no color profile to transform from.
02:28:37.682 - STREAM b'IHDR' 16 13
02:28:37.682 - STREAM b'pHYs' 41 9
02:28:37.682 - STREAM b'IDAT' 62 4096
02:28:37.682 - Unable to convert image to sRGB as there is no color profile to transform from.
02:28:37.683 - Done converting video frames to JPEG
