01:31:52.333 - FFMPEG found
01:31:52.333 - Python 3.6+ found
01:31:52.380 - Numpy found
01:31:52.403 - OpenCV-Python found
01:31:52.416 - Pillow found
01:31:52.678 - SSIM found
01:31:52.681 - Processing frames from video /sitespeed.io/20251114_203136/pages/scixplorer_org/abs/2022ApJ...930L..12E/abstract/data/video/1.mp4 to /sitespeed.io/20251114_203136/pages/scixplorer_org/abs/2022ApJ...930L..12E/abstract/data/filmstrip/1
01:31:52.682 - ['ffprobe', '/sitespeed.io/20251114_203136/pages/scixplorer_org/abs/2022ApJ...930L..12E/abstract/data/video/1.mp4']
01:31:52.688 - Finding Video Viewport...
01:31:52.688 - Using frame 0
01:31:52.751 - STREAM b'IHDR' 16 13
01:31:52.751 - STREAM b'pHYs' 41 9
01:31:52.751 - STREAM b'IDAT' 62 4096
01:31:52.751 - /sitespeed.io/20251114_203136/pages/scixplorer_org/abs/2022ApJ...930L..12E/abstract/data/filmstrip/1/viewport.png is 1366x708
01:31:52.751 - Finding the viewport for /sitespeed.io/20251114_203136/pages/scixplorer_org/abs/2022ApJ...930L..12E/abstract/data/filmstrip/1/viewport.png
01:31:52.751 - STREAM b'IHDR' 16 13
01:31:52.751 - STREAM b'pHYs' 41 9
01:31:52.751 - STREAM b'IDAT' 62 4096
01:31:52.756 - Viewport left edge is 0
01:31:52.756 - Viewport right edge is 1363
01:31:52.756 - Viewport top edge is 88
01:31:52.756 - Viewport bottom edge is 704
01:31:52.767 - Extracting frames from /sitespeed.io/20251114_203136/pages/scixplorer_org/abs/2022ApJ...930L..12E/abstract/data/video/1.mp4 to /sitespeed.io/20251114_203136/pages/scixplorer_org/abs/2022ApJ...930L..12E/abstract/data/filmstrip/1
01:31:52.770 - ffmpeg -v debug -i /sitespeed.io/20251114_203136/pages/scixplorer_org/abs/2022ApJ...930L..12E/abstract/data/video/1.mp4 -vsync 0 -vf crop=1363:616:0:88,scale=iw*min(400/iw\,400/ih):ih*min(400/iw\,400/ih),mpdecimate=0:64:640:0.001 /sitespeed.io/20251114_203136/pages/scixplorer_org/abs/2022ApJ...930L..12E/abstract/data/filmstrip/1/img-%d.png
01:31:52.944 - Renaming /sitespeed.io/20251114_203136/pages/scixplorer_org/abs/2022ApJ...930L..12E/abstract/data/filmstrip/1/img-1.png to /sitespeed.io/20251114_203136/pages/scixplorer_org/abs/2022ApJ...930L..12E/abstract/data/filmstrip/1/video-000000.png
01:31:52.944 - Renaming /sitespeed.io/20251114_203136/pages/scixplorer_org/abs/2022ApJ...930L..12E/abstract/data/filmstrip/1/img-2.png to /sitespeed.io/20251114_203136/pages/scixplorer_org/abs/2022ApJ...930L..12E/abstract/data/filmstrip/1/video-000900.png
01:31:52.944 - Renaming /sitespeed.io/20251114_203136/pages/scixplorer_org/abs/2022ApJ...930L..12E/abstract/data/filmstrip/1/img-3.png to /sitespeed.io/20251114_203136/pages/scixplorer_org/abs/2022ApJ...930L..12E/abstract/data/filmstrip/1/video-001600.png
01:31:52.944 - Renaming /sitespeed.io/20251114_203136/pages/scixplorer_org/abs/2022ApJ...930L..12E/abstract/data/filmstrip/1/img-4.png to /sitespeed.io/20251114_203136/pages/scixplorer_org/abs/2022ApJ...930L..12E/abstract/data/filmstrip/1/video-001700.png
01:31:52.944 - Renaming /sitespeed.io/20251114_203136/pages/scixplorer_org/abs/2022ApJ...930L..12E/abstract/data/filmstrip/1/img-5.png to /sitespeed.io/20251114_203136/pages/scixplorer_org/abs/2022ApJ...930L..12E/abstract/data/filmstrip/1/video-001766.png
01:31:52.945 - Renaming /sitespeed.io/20251114_203136/pages/scixplorer_org/abs/2022ApJ...930L..12E/abstract/data/filmstrip/1/img-6.png to /sitespeed.io/20251114_203136/pages/scixplorer_org/abs/2022ApJ...930L..12E/abstract/data/filmstrip/1/video-001800.png
01:31:52.945 - Renaming /sitespeed.io/20251114_203136/pages/scixplorer_org/abs/2022ApJ...930L..12E/abstract/data/filmstrip/1/img-7.png to /sitespeed.io/20251114_203136/pages/scixplorer_org/abs/2022ApJ...930L..12E/abstract/data/filmstrip/1/video-001833.png
01:31:52.945 - Renaming /sitespeed.io/20251114_203136/pages/scixplorer_org/abs/2022ApJ...930L..12E/abstract/data/filmstrip/1/img-8.png to /sitespeed.io/20251114_203136/pages/scixplorer_org/abs/2022ApJ...930L..12E/abstract/data/filmstrip/1/video-002000.png
01:31:52.945 - Renaming /sitespeed.io/20251114_203136/pages/scixplorer_org/abs/2022ApJ...930L..12E/abstract/data/filmstrip/1/img-9.png to /sitespeed.io/20251114_203136/pages/scixplorer_org/abs/2022ApJ...930L..12E/abstract/data/filmstrip/1/video-002133.png
01:31:52.945 - Renaming /sitespeed.io/20251114_203136/pages/scixplorer_org/abs/2022ApJ...930L..12E/abstract/data/filmstrip/1/img-10.png to /sitespeed.io/20251114_203136/pages/scixplorer_org/abs/2022ApJ...930L..12E/abstract/data/filmstrip/1/video-002166.png
01:31:52.945 - Renaming /sitespeed.io/20251114_203136/pages/scixplorer_org/abs/2022ApJ...930L..12E/abstract/data/filmstrip/1/img-11.png to /sitespeed.io/20251114_203136/pages/scixplorer_org/abs/2022ApJ...930L..12E/abstract/data/filmstrip/1/video-002200.png
01:31:52.945 - Renaming /sitespeed.io/20251114_203136/pages/scixplorer_org/abs/2022ApJ...930L..12E/abstract/data/filmstrip/1/img-12.png to /sitespeed.io/20251114_203136/pages/scixplorer_org/abs/2022ApJ...930L..12E/abstract/data/filmstrip/1/video-002233.png
01:31:52.945 - Renaming /sitespeed.io/20251114_203136/pages/scixplorer_org/abs/2022ApJ...930L..12E/abstract/data/filmstrip/1/img-13.png to /sitespeed.io/20251114_203136/pages/scixplorer_org/abs/2022ApJ...930L..12E/abstract/data/filmstrip/1/video-002366.png
01:31:52.945 - Renaming /sitespeed.io/20251114_203136/pages/scixplorer_org/abs/2022ApJ...930L..12E/abstract/data/filmstrip/1/img-14.png to /sitespeed.io/20251114_203136/pages/scixplorer_org/abs/2022ApJ...930L..12E/abstract/data/filmstrip/1/video-002400.png
01:31:52.945 - Renaming /sitespeed.io/20251114_203136/pages/scixplorer_org/abs/2022ApJ...930L..12E/abstract/data/filmstrip/1/img-15.png to /sitespeed.io/20251114_203136/pages/scixplorer_org/abs/2022ApJ...930L..12E/abstract/data/filmstrip/1/video-002433.png
01:31:52.945 - Renaming /sitespeed.io/20251114_203136/pages/scixplorer_org/abs/2022ApJ...930L..12E/abstract/data/filmstrip/1/img-16.png to /sitespeed.io/20251114_203136/pages/scixplorer_org/abs/2022ApJ...930L..12E/abstract/data/filmstrip/1/video-002466.png
01:31:52.945 - Renaming /sitespeed.io/20251114_203136/pages/scixplorer_org/abs/2022ApJ...930L..12E/abstract/data/filmstrip/1/img-17.png to /sitespeed.io/20251114_203136/pages/scixplorer_org/abs/2022ApJ...930L..12E/abstract/data/filmstrip/1/video-002500.png
01:31:52.945 - Renaming /sitespeed.io/20251114_203136/pages/scixplorer_org/abs/2022ApJ...930L..12E/abstract/data/filmstrip/1/img-18.png to /sitespeed.io/20251114_203136/pages/scixplorer_org/abs/2022ApJ...930L..12E/abstract/data/filmstrip/1/video-002533.png
01:31:52.945 - Renaming /sitespeed.io/20251114_203136/pages/scixplorer_org/abs/2022ApJ...930L..12E/abstract/data/filmstrip/1/img-19.png to /sitespeed.io/20251114_203136/pages/scixplorer_org/abs/2022ApJ...930L..12E/abstract/data/filmstrip/1/video-002566.png
01:31:52.945 - Renaming /sitespeed.io/20251114_203136/pages/scixplorer_org/abs/2022ApJ...930L..12E/abstract/data/filmstrip/1/img-20.png to /sitespeed.io/20251114_203136/pages/scixplorer_org/abs/2022ApJ...930L..12E/abstract/data/filmstrip/1/video-002633.png
01:31:52.945 - Renaming /sitespeed.io/20251114_203136/pages/scixplorer_org/abs/2022ApJ...930L..12E/abstract/data/filmstrip/1/img-21.png to /sitespeed.io/20251114_203136/pages/scixplorer_org/abs/2022ApJ...930L..12E/abstract/data/filmstrip/1/video-004033.png
01:31:52.945 - Renaming /sitespeed.io/20251114_203136/pages/scixplorer_org/abs/2022ApJ...930L..12E/abstract/data/filmstrip/1/img-22.png to /sitespeed.io/20251114_203136/pages/scixplorer_org/abs/2022ApJ...930L..12E/abstract/data/filmstrip/1/video-004066.png
01:31:52.945 - Renaming /sitespeed.io/20251114_203136/pages/scixplorer_org/abs/2022ApJ...930L..12E/abstract/data/filmstrip/1/img-23.png to /sitespeed.io/20251114_203136/pages/scixplorer_org/abs/2022ApJ...930L..12E/abstract/data/filmstrip/1/video-004133.png
01:31:52.945 - Renaming /sitespeed.io/20251114_203136/pages/scixplorer_org/abs/2022ApJ...930L..12E/abstract/data/filmstrip/1/img-24.png to /sitespeed.io/20251114_203136/pages/scixplorer_org/abs/2022ApJ...930L..12E/abstract/data/filmstrip/1/video-004166.png
01:31:52.946 - Scanning for non-orange frames...
01:31:52.946 - STREAM b'IHDR' 16 13
01:31:52.946 - STREAM b'pHYs' 41 9
01:31:52.946 - STREAM b'IDAT' 62 658
01:31:52.946 - STREAM b'IHDR' 16 13
01:31:52.946 - STREAM b'pHYs' 41 9
01:31:52.946 - STREAM b'IDAT' 62 658
01:31:52.947 - STREAM b'IHDR' 16 13
01:31:52.947 - STREAM b'IDAT' 41 535
01:31:52.949 - Scanning for orange frames...
01:31:52.949 - Removing Orange frame: /sitespeed.io/20251114_203136/pages/scixplorer_org/abs/2022ApJ...930L..12E/abstract/data/filmstrip/1/video-000000.png
01:31:52.949 - STREAM b'IHDR' 16 13
01:31:52.949 - STREAM b'pHYs' 41 9
01:31:52.949 - STREAM b'IDAT' 62 634
01:31:52.949 - STREAM b'IHDR' 16 13
01:31:52.949 - STREAM b'pHYs' 41 9
01:31:52.949 - STREAM b'IDAT' 62 634
01:31:52.950 - STREAM b'IHDR' 16 13
01:31:52.951 - STREAM b'IDAT' 41 535
01:31:52.951 - STREAM b'IHDR' 16 13
01:31:52.951 - STREAM b'pHYs' 41 9
01:31:52.951 - STREAM b'IDAT' 62 634
01:31:52.952 - STREAM b'IHDR' 16 13
01:31:52.952 - STREAM b'IDAT' 41 535
01:31:52.953 - STREAM b'IHDR' 16 13
01:31:52.953 - STREAM b'pHYs' 41 9
01:31:52.953 - STREAM b'IDAT' 62 634
01:31:52.954 - STREAM b'IHDR' 16 13
01:31:52.954 - STREAM b'IDAT' 41 535
01:31:52.955 - STREAM b'IHDR' 16 13
01:31:52.955 - STREAM b'pHYs' 41 9
01:31:52.955 - STREAM b'IDAT' 62 4096
01:31:52.955 - STREAM b'IHDR' 16 13
01:31:52.955 - STREAM b'pHYs' 41 9
01:31:52.955 - STREAM b'IDAT' 62 4096
01:31:52.956 - STREAM b'IHDR' 16 13
01:31:52.956 - STREAM b'IDAT' 41 535
01:31:52.957 - STREAM b'IHDR' 16 13
01:31:52.957 - STREAM b'pHYs' 41 9
01:31:52.957 - STREAM b'IDAT' 62 4096
01:31:52.958 - STREAM b'IHDR' 16 13
01:31:52.958 - STREAM b'IDAT' 41 535
01:31:52.959 - STREAM b'IHDR' 16 13
01:31:52.959 - STREAM b'pHYs' 41 9
01:31:52.959 - STREAM b'IDAT' 62 4096
01:31:52.960 - STREAM b'IHDR' 16 13
01:31:52.960 - STREAM b'IDAT' 41 535
01:31:52.961 - Finding Render Start...
01:31:52.961 - STREAM b'IHDR' 16 13
01:31:52.961 - STREAM b'pHYs' 41 9
01:31:52.961 - STREAM b'IDAT' 62 634
01:31:52.961 - STREAM b'IHDR' 16 13
01:31:52.961 - STREAM b'pHYs' 41 9
01:31:52.961 - STREAM b'IDAT' 62 634
01:31:52.961 - STREAM b'IHDR' 16 13
01:31:52.961 - STREAM b'pHYs' 41 9
01:31:52.961 - STREAM b'IDAT' 62 4096
01:31:52.965 - STREAM b'IHDR' 16 13
01:31:52.965 - STREAM b'pHYs' 41 9
01:31:52.965 - STREAM b'IDAT' 62 4096
01:31:52.965 - STREAM b'IHDR' 16 13
01:31:52.965 - STREAM b'pHYs' 41 9
01:31:52.965 - STREAM b'IDAT' 62 4096
01:31:52.966 - STREAM b'IHDR' 16 13
01:31:52.966 - STREAM b'IDAT' 41 535
01:31:52.967 - STREAM b'IHDR' 16 13
01:31:52.967 - STREAM b'pHYs' 41 9
01:31:52.967 - STREAM b'IDAT' 62 4096
01:31:52.968 - STREAM b'IHDR' 16 13
01:31:52.968 - STREAM b'IDAT' 41 535
01:31:52.969 - STREAM b'IHDR' 16 13
01:31:52.969 - STREAM b'pHYs' 41 9
01:31:52.969 - STREAM b'IDAT' 62 4096
01:31:52.970 - STREAM b'IHDR' 16 13
01:31:52.970 - STREAM b'IDAT' 41 535
01:31:52.971 - Eliminating Duplicate Frames...
01:31:52.971 - STREAM b'IHDR' 16 13
01:31:52.971 - STREAM b'pHYs' 41 9
01:31:52.971 - STREAM b'IDAT' 62 634
01:31:52.971 - Viewport cropping set to (W, H, L, T): (400, 170, 0, 0)
01:31:52.972 - STREAM b'IHDR' 16 13
01:31:52.972 - STREAM b'pHYs' 41 9
01:31:52.972 - STREAM b'IDAT' 62 634
01:31:52.972 - STREAM b'IHDR' 16 13
01:31:52.972 - STREAM b'pHYs' 41 9
01:31:52.972 - STREAM b'IDAT' 62 4096
01:31:52.975 - STREAM b'IHDR' 16 13
01:31:52.975 - STREAM b'pHYs' 41 9
01:31:52.975 - STREAM b'IDAT' 62 4096
01:31:52.975 - STREAM b'IHDR' 16 13
01:31:52.975 - STREAM b'pHYs' 41 9
01:31:52.975 - STREAM b'IDAT' 62 4096
01:31:52.979 - STREAM b'IHDR' 16 13
01:31:52.979 - STREAM b'pHYs' 41 9
01:31:52.979 - STREAM b'IDAT' 62 4096
01:31:52.979 - STREAM b'IHDR' 16 13
01:31:52.979 - STREAM b'pHYs' 41 9
01:31:52.979 - STREAM b'IDAT' 62 4096
01:31:52.983 - Removing duplicate frame /sitespeed.io/20251114_203136/pages/scixplorer_org/abs/2022ApJ...930L..12E/abstract/data/filmstrip/1/ms_003233.png from the end
01:31:52.983 - STREAM b'IHDR' 16 13
01:31:52.983 - STREAM b'pHYs' 41 9
01:31:52.983 - STREAM b'IDAT' 62 4096
01:31:52.983 - STREAM b'IHDR' 16 13
01:31:52.983 - STREAM b'pHYs' 41 9
01:31:52.983 - STREAM b'IDAT' 62 4096
01:31:52.987 - Removing duplicate frame /sitespeed.io/20251114_203136/pages/scixplorer_org/abs/2022ApJ...930L..12E/abstract/data/filmstrip/1/ms_003166.png from the end
01:31:52.987 - STREAM b'IHDR' 16 13
01:31:52.987 - STREAM b'pHYs' 41 9
01:31:52.987 - STREAM b'IDAT' 62 4096
01:31:52.987 - STREAM b'IHDR' 16 13
01:31:52.987 - STREAM b'pHYs' 41 9
01:31:52.987 - STREAM b'IDAT' 62 4096
01:31:52.990 - Removing duplicate frame /sitespeed.io/20251114_203136/pages/scixplorer_org/abs/2022ApJ...930L..12E/abstract/data/filmstrip/1/ms_003133.png from the end
01:31:52.991 - STREAM b'IHDR' 16 13
01:31:52.991 - STREAM b'pHYs' 41 9
01:31:52.991 - STREAM b'IDAT' 62 4096
01:31:52.991 - STREAM b'IHDR' 16 13
01:31:52.991 - STREAM b'pHYs' 41 9
01:31:52.991 - STREAM b'IDAT' 62 4096
01:31:52.994 - Removing duplicate frame /sitespeed.io/20251114_203136/pages/scixplorer_org/abs/2022ApJ...930L..12E/abstract/data/filmstrip/1/ms_001733.png from the end
01:31:52.994 - STREAM b'IHDR' 16 13
01:31:52.994 - STREAM b'pHYs' 41 9
01:31:52.994 - STREAM b'IDAT' 62 4096
01:31:52.994 - STREAM b'IHDR' 16 13
01:31:52.994 - STREAM b'pHYs' 41 9
01:31:52.994 - STREAM b'IDAT' 62 4096
01:31:52.998 - Removing duplicate frame /sitespeed.io/20251114_203136/pages/scixplorer_org/abs/2022ApJ...930L..12E/abstract/data/filmstrip/1/ms_001666.png from the end
01:31:52.998 - STREAM b'IHDR' 16 13
01:31:52.998 - STREAM b'pHYs' 41 9
01:31:52.998 - STREAM b'IDAT' 62 4096
01:31:52.998 - STREAM b'IHDR' 16 13
01:31:52.998 - STREAM b'pHYs' 41 9
01:31:52.998 - STREAM b'IDAT' 62 4096
01:31:53.002 - Removing duplicate frame /sitespeed.io/20251114_203136/pages/scixplorer_org/abs/2022ApJ...930L..12E/abstract/data/filmstrip/1/ms_003266.png from the end
01:31:53.013 - Calculating image histograms
01:31:53.013 - Calculating histogram for /sitespeed.io/20251114_203136/pages/scixplorer_org/abs/2022ApJ...930L..12E/abstract/data/filmstrip/1/ms_000000.png
01:31:53.013 - STREAM b'IHDR' 16 13
01:31:53.013 - STREAM b'pHYs' 41 9
01:31:53.013 - STREAM b'IDAT' 62 634
01:31:53.019 - Calculating histogram for /sitespeed.io/20251114_203136/pages/scixplorer_org/abs/2022ApJ...930L..12E/abstract/data/filmstrip/1/ms_000700.png
01:31:53.019 - STREAM b'IHDR' 16 13
01:31:53.019 - STREAM b'pHYs' 41 9
01:31:53.019 - STREAM b'IDAT' 62 4096
01:31:53.027 - Calculating histogram for /sitespeed.io/20251114_203136/pages/scixplorer_org/abs/2022ApJ...930L..12E/abstract/data/filmstrip/1/ms_000800.png
01:31:53.027 - STREAM b'IHDR' 16 13
01:31:53.027 - STREAM b'pHYs' 41 9
01:31:53.028 - STREAM b'IDAT' 62 4096
01:31:53.034 - Calculating histogram for /sitespeed.io/20251114_203136/pages/scixplorer_org/abs/2022ApJ...930L..12E/abstract/data/filmstrip/1/ms_000866.png
01:31:53.034 - STREAM b'IHDR' 16 13
01:31:53.034 - STREAM b'pHYs' 41 9
01:31:53.034 - STREAM b'IDAT' 62 4096
01:31:53.041 - Calculating histogram for /sitespeed.io/20251114_203136/pages/scixplorer_org/abs/2022ApJ...930L..12E/abstract/data/filmstrip/1/ms_000900.png
01:31:53.041 - STREAM b'IHDR' 16 13
01:31:53.041 - STREAM b'pHYs' 41 9
01:31:53.041 - STREAM b'IDAT' 62 4096
01:31:53.048 - Calculating histogram for /sitespeed.io/20251114_203136/pages/scixplorer_org/abs/2022ApJ...930L..12E/abstract/data/filmstrip/1/ms_000933.png
01:31:53.048 - STREAM b'IHDR' 16 13
01:31:53.048 - STREAM b'pHYs' 41 9
01:31:53.048 - STREAM b'IDAT' 62 4096
01:31:53.055 - Calculating histogram for /sitespeed.io/20251114_203136/pages/scixplorer_org/abs/2022ApJ...930L..12E/abstract/data/filmstrip/1/ms_001100.png
01:31:53.055 - STREAM b'IHDR' 16 13
01:31:53.055 - STREAM b'pHYs' 41 9
01:31:53.055 - STREAM b'IDAT' 62 4096
01:31:53.061 - Calculating histogram for /sitespeed.io/20251114_203136/pages/scixplorer_org/abs/2022ApJ...930L..12E/abstract/data/filmstrip/1/ms_001233.png
01:31:53.062 - STREAM b'IHDR' 16 13
01:31:53.062 - STREAM b'pHYs' 41 9
01:31:53.062 - STREAM b'IDAT' 62 4096
01:31:53.068 - Calculating histogram for /sitespeed.io/20251114_203136/pages/scixplorer_org/abs/2022ApJ...930L..12E/abstract/data/filmstrip/1/ms_001266.png
01:31:53.068 - STREAM b'IHDR' 16 13
01:31:53.068 - STREAM b'pHYs' 41 9
01:31:53.068 - STREAM b'IDAT' 62 4096
01:31:53.077 - Calculating histogram for /sitespeed.io/20251114_203136/pages/scixplorer_org/abs/2022ApJ...930L..12E/abstract/data/filmstrip/1/ms_001300.png
01:31:53.077 - STREAM b'IHDR' 16 13
01:31:53.077 - STREAM b'pHYs' 41 9
01:31:53.077 - STREAM b'IDAT' 62 4096
01:31:53.085 - Calculating histogram for /sitespeed.io/20251114_203136/pages/scixplorer_org/abs/2022ApJ...930L..12E/abstract/data/filmstrip/1/ms_001333.png
01:31:53.085 - STREAM b'IHDR' 16 13
01:31:53.085 - STREAM b'pHYs' 41 9
01:31:53.085 - STREAM b'IDAT' 62 4096
01:31:53.093 - Calculating histogram for /sitespeed.io/20251114_203136/pages/scixplorer_org/abs/2022ApJ...930L..12E/abstract/data/filmstrip/1/ms_001466.png
01:31:53.093 - STREAM b'IHDR' 16 13
01:31:53.093 - STREAM b'pHYs' 41 9
01:31:53.093 - STREAM b'IDAT' 62 4096
01:31:53.100 - Calculating histogram for /sitespeed.io/20251114_203136/pages/scixplorer_org/abs/2022ApJ...930L..12E/abstract/data/filmstrip/1/ms_001500.png
01:31:53.100 - STREAM b'IHDR' 16 13
01:31:53.100 - STREAM b'pHYs' 41 9
01:31:53.100 - STREAM b'IDAT' 62 4096
01:31:53.109 - Calculating histogram for /sitespeed.io/20251114_203136/pages/scixplorer_org/abs/2022ApJ...930L..12E/abstract/data/filmstrip/1/ms_001533.png
01:31:53.109 - STREAM b'IHDR' 16 13
01:31:53.109 - STREAM b'pHYs' 41 9
01:31:53.109 - STREAM b'IDAT' 62 4096
01:31:53.117 - Calculating histogram for /sitespeed.io/20251114_203136/pages/scixplorer_org/abs/2022ApJ...930L..12E/abstract/data/filmstrip/1/ms_001566.png
01:31:53.117 - STREAM b'IHDR' 16 13
01:31:53.117 - STREAM b'pHYs' 41 9
01:31:53.117 - STREAM b'IDAT' 62 4096
01:31:53.124 - Calculating histogram for /sitespeed.io/20251114_203136/pages/scixplorer_org/abs/2022ApJ...930L..12E/abstract/data/filmstrip/1/ms_001600.png
01:31:53.124 - STREAM b'IHDR' 16 13
01:31:53.124 - STREAM b'pHYs' 41 9
01:31:53.124 - STREAM b'IDAT' 62 4096
01:31:53.131 - Calculating histogram for /sitespeed.io/20251114_203136/pages/scixplorer_org/abs/2022ApJ...930L..12E/abstract/data/filmstrip/1/ms_001633.png
01:31:53.131 - STREAM b'IHDR' 16 13
01:31:53.132 - STREAM b'pHYs' 41 9
01:31:53.132 - STREAM b'IDAT' 62 4096
01:31:53.154 - Done calculating histograms
01:31:53.155 - 0ms - 0% Complete
01:31:53.155 - 700ms - 75% Complete
01:31:53.155 - 800ms - 76% Complete
01:31:53.155 - 866ms - 76% Complete
01:31:53.156 - 900ms - 76% Complete
01:31:53.156 - 933ms - 76% Complete
01:31:53.156 - 1100ms - 76% Complete
01:31:53.156 - 1233ms - 77% Complete
01:31:53.156 - 1266ms - 76% Complete
01:31:53.157 - 1300ms - 76% Complete
01:31:53.157 - 1333ms - 77% Complete
01:31:53.157 - 1466ms - 97% Complete
01:31:53.157 - 1500ms - 97% Complete
01:31:53.157 - 1533ms - 97% Complete
01:31:53.157 - 1566ms - 97% Complete
01:31:53.158 - 1600ms - 98% Complete
01:31:53.158 - 1633ms - 100% Complete
01:31:53.158 - Hero elements file is not valid: None
01:31:53.158 - Converting video frames to JPEG
01:31:53.158 - STREAM b'IHDR' 16 13
01:31:53.158 - STREAM b'pHYs' 41 9
01:31:53.158 - STREAM b'IDAT' 62 634
01:31:53.158 - Unable to convert image to sRGB as there is no color profile to transform from.
01:31:53.159 - STREAM b'IHDR' 16 13
01:31:53.159 - STREAM b'pHYs' 41 9
01:31:53.159 - STREAM b'IDAT' 62 4096
01:31:53.159 - Unable to convert image to sRGB as there is no color profile to transform from.
01:31:53.160 - STREAM b'IHDR' 16 13
01:31:53.160 - STREAM b'pHYs' 41 9
01:31:53.160 - STREAM b'IDAT' 62 4096
01:31:53.160 - Unable to convert image to sRGB as there is no color profile to transform from.
01:31:53.161 - STREAM b'IHDR' 16 13
01:31:53.161 - STREAM b'pHYs' 41 9
01:31:53.161 - STREAM b'IDAT' 62 4096
01:31:53.161 - Unable to convert image to sRGB as there is no color profile to transform from.
01:31:53.162 - STREAM b'IHDR' 16 13
01:31:53.162 - STREAM b'pHYs' 41 9
01:31:53.162 - STREAM b'IDAT' 62 4096
01:31:53.162 - Unable to convert image to sRGB as there is no color profile to transform from.
01:31:53.163 - STREAM b'IHDR' 16 13
01:31:53.163 - STREAM b'pHYs' 41 9
01:31:53.163 - STREAM b'IDAT' 62 4096
01:31:53.163 - Unable to convert image to sRGB as there is no color profile to transform from.
01:31:53.164 - STREAM b'IHDR' 16 13
01:31:53.164 - STREAM b'pHYs' 41 9
01:31:53.164 - STREAM b'IDAT' 62 4096
01:31:53.164 - Unable to convert image to sRGB as there is no color profile to transform from.
01:31:53.165 - STREAM b'IHDR' 16 13
01:31:53.165 - STREAM b'pHYs' 41 9
01:31:53.165 - STREAM b'IDAT' 62 4096
01:31:53.165 - Unable to convert image to sRGB as there is no color profile to transform from.
01:31:53.166 - STREAM b'IHDR' 16 13
01:31:53.166 - STREAM b'pHYs' 41 9
01:31:53.166 - STREAM b'IDAT' 62 4096
01:31:53.166 - Unable to convert image to sRGB as there is no color profile to transform from.
01:31:53.167 - STREAM b'IHDR' 16 13
01:31:53.167 - STREAM b'pHYs' 41 9
01:31:53.167 - STREAM b'IDAT' 62 4096
01:31:53.167 - Unable to convert image to sRGB as there is no color profile to transform from.
01:31:53.168 - STREAM b'IHDR' 16 13
01:31:53.168 - STREAM b'pHYs' 41 9
01:31:53.168 - STREAM b'IDAT' 62 4096
01:31:53.168 - Unable to convert image to sRGB as there is no color profile to transform from.
01:31:53.169 - STREAM b'IHDR' 16 13
01:31:53.169 - STREAM b'pHYs' 41 9
01:31:53.169 - STREAM b'IDAT' 62 4096
01:31:53.169 - Unable to convert image to sRGB as there is no color profile to transform from.
01:31:53.170 - STREAM b'IHDR' 16 13
01:31:53.170 - STREAM b'pHYs' 41 9
01:31:53.170 - STREAM b'IDAT' 62 4096
01:31:53.170 - Unable to convert image to sRGB as there is no color profile to transform from.
01:31:53.171 - STREAM b'IHDR' 16 13
01:31:53.171 - STREAM b'pHYs' 41 9
01:31:53.171 - STREAM b'IDAT' 62 4096
01:31:53.171 - Unable to convert image to sRGB as there is no color profile to transform from.
01:31:53.172 - STREAM b'IHDR' 16 13
01:31:53.172 - STREAM b'pHYs' 41 9
01:31:53.172 - STREAM b'IDAT' 62 4096
01:31:53.172 - Unable to convert image to sRGB as there is no color profile to transform from.
01:31:53.173 - STREAM b'IHDR' 16 13
01:31:53.173 - STREAM b'pHYs' 41 9
01:31:53.173 - STREAM b'IDAT' 62 4096
01:31:53.173 - Unable to convert image to sRGB as there is no color profile to transform from.
01:31:53.174 - STREAM b'IHDR' 16 13
01:31:53.174 - STREAM b'pHYs' 41 9
01:31:53.174 - STREAM b'IDAT' 62 4096
01:31:53.174 - Unable to convert image to sRGB as there is no color profile to transform from.
01:31:53.175 - Done converting video frames to JPEG
