01:32:07.239 - FFMPEG found
01:32:07.239 - Python 3.6+ found
01:32:07.283 - Numpy found
01:32:07.303 - OpenCV-Python found
01:32:07.316 - Pillow found
01:32:07.585 - SSIM found
01:32:07.589 - Processing frames from video /sitespeed.io/20251114_203136/pages/scixplorer_org/abs/2022ApJ...930L..12E/abstract/data/video/2.mp4 to /sitespeed.io/20251114_203136/pages/scixplorer_org/abs/2022ApJ...930L..12E/abstract/data/filmstrip/2
01:32:07.589 - ['ffprobe', '/sitespeed.io/20251114_203136/pages/scixplorer_org/abs/2022ApJ...930L..12E/abstract/data/video/2.mp4']
01:32:07.595 - Finding Video Viewport...
01:32:07.595 - Using frame 0
01:32:07.660 - STREAM b'IHDR' 16 13
01:32:07.660 - STREAM b'pHYs' 41 9
01:32:07.660 - STREAM b'IDAT' 62 4096
01:32:07.660 - /sitespeed.io/20251114_203136/pages/scixplorer_org/abs/2022ApJ...930L..12E/abstract/data/filmstrip/2/viewport.png is 1366x708
01:32:07.661 - Finding the viewport for /sitespeed.io/20251114_203136/pages/scixplorer_org/abs/2022ApJ...930L..12E/abstract/data/filmstrip/2/viewport.png
01:32:07.661 - STREAM b'IHDR' 16 13
01:32:07.661 - STREAM b'pHYs' 41 9
01:32:07.661 - STREAM b'IDAT' 62 4096
01:32:07.666 - Viewport left edge is 0
01:32:07.666 - Viewport right edge is 1363
01:32:07.667 - Viewport top edge is 88
01:32:07.667 - Viewport bottom edge is 704
01:32:07.677 - Extracting frames from /sitespeed.io/20251114_203136/pages/scixplorer_org/abs/2022ApJ...930L..12E/abstract/data/video/2.mp4 to /sitespeed.io/20251114_203136/pages/scixplorer_org/abs/2022ApJ...930L..12E/abstract/data/filmstrip/2
01:32:07.680 - ffmpeg -v debug -i /sitespeed.io/20251114_203136/pages/scixplorer_org/abs/2022ApJ...930L..12E/abstract/data/video/2.mp4 -vsync 0 -vf crop=1363:616:0:88,scale=iw*min(400/iw\,400/ih):ih*min(400/iw\,400/ih),mpdecimate=0:64:640:0.001 /sitespeed.io/20251114_203136/pages/scixplorer_org/abs/2022ApJ...930L..12E/abstract/data/filmstrip/2/img-%d.png
01:32:07.854 - Renaming /sitespeed.io/20251114_203136/pages/scixplorer_org/abs/2022ApJ...930L..12E/abstract/data/filmstrip/2/img-1.png to /sitespeed.io/20251114_203136/pages/scixplorer_org/abs/2022ApJ...930L..12E/abstract/data/filmstrip/2/video-000000.png
01:32:07.855 - Renaming /sitespeed.io/20251114_203136/pages/scixplorer_org/abs/2022ApJ...930L..12E/abstract/data/filmstrip/2/img-2.png to /sitespeed.io/20251114_203136/pages/scixplorer_org/abs/2022ApJ...930L..12E/abstract/data/filmstrip/2/video-000900.png
01:32:07.855 - Renaming /sitespeed.io/20251114_203136/pages/scixplorer_org/abs/2022ApJ...930L..12E/abstract/data/filmstrip/2/img-3.png to /sitespeed.io/20251114_203136/pages/scixplorer_org/abs/2022ApJ...930L..12E/abstract/data/filmstrip/2/video-001733.png
01:32:07.855 - Renaming /sitespeed.io/20251114_203136/pages/scixplorer_org/abs/2022ApJ...930L..12E/abstract/data/filmstrip/2/img-4.png to /sitespeed.io/20251114_203136/pages/scixplorer_org/abs/2022ApJ...930L..12E/abstract/data/filmstrip/2/video-001833.png
01:32:07.855 - Renaming /sitespeed.io/20251114_203136/pages/scixplorer_org/abs/2022ApJ...930L..12E/abstract/data/filmstrip/2/img-5.png to /sitespeed.io/20251114_203136/pages/scixplorer_org/abs/2022ApJ...930L..12E/abstract/data/filmstrip/2/video-001866.png
01:32:07.855 - Renaming /sitespeed.io/20251114_203136/pages/scixplorer_org/abs/2022ApJ...930L..12E/abstract/data/filmstrip/2/img-6.png to /sitespeed.io/20251114_203136/pages/scixplorer_org/abs/2022ApJ...930L..12E/abstract/data/filmstrip/2/video-001900.png
01:32:07.855 - Renaming /sitespeed.io/20251114_203136/pages/scixplorer_org/abs/2022ApJ...930L..12E/abstract/data/filmstrip/2/img-7.png to /sitespeed.io/20251114_203136/pages/scixplorer_org/abs/2022ApJ...930L..12E/abstract/data/filmstrip/2/video-001933.png
01:32:07.855 - Renaming /sitespeed.io/20251114_203136/pages/scixplorer_org/abs/2022ApJ...930L..12E/abstract/data/filmstrip/2/img-8.png to /sitespeed.io/20251114_203136/pages/scixplorer_org/abs/2022ApJ...930L..12E/abstract/data/filmstrip/2/video-002000.png
01:32:07.855 - Renaming /sitespeed.io/20251114_203136/pages/scixplorer_org/abs/2022ApJ...930L..12E/abstract/data/filmstrip/2/img-9.png to /sitespeed.io/20251114_203136/pages/scixplorer_org/abs/2022ApJ...930L..12E/abstract/data/filmstrip/2/video-002033.png
01:32:07.855 - Renaming /sitespeed.io/20251114_203136/pages/scixplorer_org/abs/2022ApJ...930L..12E/abstract/data/filmstrip/2/img-10.png to /sitespeed.io/20251114_203136/pages/scixplorer_org/abs/2022ApJ...930L..12E/abstract/data/filmstrip/2/video-002200.png
01:32:07.855 - Renaming /sitespeed.io/20251114_203136/pages/scixplorer_org/abs/2022ApJ...930L..12E/abstract/data/filmstrip/2/img-11.png to /sitespeed.io/20251114_203136/pages/scixplorer_org/abs/2022ApJ...930L..12E/abstract/data/filmstrip/2/video-002333.png
01:32:07.855 - Renaming /sitespeed.io/20251114_203136/pages/scixplorer_org/abs/2022ApJ...930L..12E/abstract/data/filmstrip/2/img-12.png to /sitespeed.io/20251114_203136/pages/scixplorer_org/abs/2022ApJ...930L..12E/abstract/data/filmstrip/2/video-002400.png
01:32:07.855 - Renaming /sitespeed.io/20251114_203136/pages/scixplorer_org/abs/2022ApJ...930L..12E/abstract/data/filmstrip/2/img-13.png to /sitespeed.io/20251114_203136/pages/scixplorer_org/abs/2022ApJ...930L..12E/abstract/data/filmstrip/2/video-002433.png
01:32:07.855 - Renaming /sitespeed.io/20251114_203136/pages/scixplorer_org/abs/2022ApJ...930L..12E/abstract/data/filmstrip/2/img-14.png to /sitespeed.io/20251114_203136/pages/scixplorer_org/abs/2022ApJ...930L..12E/abstract/data/filmstrip/2/video-002500.png
01:32:07.855 - Renaming /sitespeed.io/20251114_203136/pages/scixplorer_org/abs/2022ApJ...930L..12E/abstract/data/filmstrip/2/img-15.png to /sitespeed.io/20251114_203136/pages/scixplorer_org/abs/2022ApJ...930L..12E/abstract/data/filmstrip/2/video-002533.png
01:32:07.855 - Renaming /sitespeed.io/20251114_203136/pages/scixplorer_org/abs/2022ApJ...930L..12E/abstract/data/filmstrip/2/img-16.png to /sitespeed.io/20251114_203136/pages/scixplorer_org/abs/2022ApJ...930L..12E/abstract/data/filmstrip/2/video-002566.png
01:32:07.855 - Renaming /sitespeed.io/20251114_203136/pages/scixplorer_org/abs/2022ApJ...930L..12E/abstract/data/filmstrip/2/img-17.png to /sitespeed.io/20251114_203136/pages/scixplorer_org/abs/2022ApJ...930L..12E/abstract/data/filmstrip/2/video-002600.png
01:32:07.856 - Renaming /sitespeed.io/20251114_203136/pages/scixplorer_org/abs/2022ApJ...930L..12E/abstract/data/filmstrip/2/img-18.png to /sitespeed.io/20251114_203136/pages/scixplorer_org/abs/2022ApJ...930L..12E/abstract/data/filmstrip/2/video-002633.png
01:32:07.856 - Renaming /sitespeed.io/20251114_203136/pages/scixplorer_org/abs/2022ApJ...930L..12E/abstract/data/filmstrip/2/img-19.png to /sitespeed.io/20251114_203136/pages/scixplorer_org/abs/2022ApJ...930L..12E/abstract/data/filmstrip/2/video-002666.png
01:32:07.856 - Renaming /sitespeed.io/20251114_203136/pages/scixplorer_org/abs/2022ApJ...930L..12E/abstract/data/filmstrip/2/img-20.png to /sitespeed.io/20251114_203136/pages/scixplorer_org/abs/2022ApJ...930L..12E/abstract/data/filmstrip/2/video-002700.png
01:32:07.856 - Renaming /sitespeed.io/20251114_203136/pages/scixplorer_org/abs/2022ApJ...930L..12E/abstract/data/filmstrip/2/img-21.png to /sitespeed.io/20251114_203136/pages/scixplorer_org/abs/2022ApJ...930L..12E/abstract/data/filmstrip/2/video-002733.png
01:32:07.856 - Renaming /sitespeed.io/20251114_203136/pages/scixplorer_org/abs/2022ApJ...930L..12E/abstract/data/filmstrip/2/img-22.png to /sitespeed.io/20251114_203136/pages/scixplorer_org/abs/2022ApJ...930L..12E/abstract/data/filmstrip/2/video-002766.png
01:32:07.856 - Renaming /sitespeed.io/20251114_203136/pages/scixplorer_org/abs/2022ApJ...930L..12E/abstract/data/filmstrip/2/img-23.png to /sitespeed.io/20251114_203136/pages/scixplorer_org/abs/2022ApJ...930L..12E/abstract/data/filmstrip/2/video-002800.png
01:32:07.856 - Renaming /sitespeed.io/20251114_203136/pages/scixplorer_org/abs/2022ApJ...930L..12E/abstract/data/filmstrip/2/img-24.png to /sitespeed.io/20251114_203136/pages/scixplorer_org/abs/2022ApJ...930L..12E/abstract/data/filmstrip/2/video-002833.png
01:32:07.856 - Renaming /sitespeed.io/20251114_203136/pages/scixplorer_org/abs/2022ApJ...930L..12E/abstract/data/filmstrip/2/img-25.png to /sitespeed.io/20251114_203136/pages/scixplorer_org/abs/2022ApJ...930L..12E/abstract/data/filmstrip/2/video-002866.png
01:32:07.856 - Renaming /sitespeed.io/20251114_203136/pages/scixplorer_org/abs/2022ApJ...930L..12E/abstract/data/filmstrip/2/img-26.png to /sitespeed.io/20251114_203136/pages/scixplorer_org/abs/2022ApJ...930L..12E/abstract/data/filmstrip/2/video-002900.png
01:32:07.856 - Renaming /sitespeed.io/20251114_203136/pages/scixplorer_org/abs/2022ApJ...930L..12E/abstract/data/filmstrip/2/img-27.png to /sitespeed.io/20251114_203136/pages/scixplorer_org/abs/2022ApJ...930L..12E/abstract/data/filmstrip/2/video-004266.png
01:32:07.856 - Renaming /sitespeed.io/20251114_203136/pages/scixplorer_org/abs/2022ApJ...930L..12E/abstract/data/filmstrip/2/img-28.png to /sitespeed.io/20251114_203136/pages/scixplorer_org/abs/2022ApJ...930L..12E/abstract/data/filmstrip/2/video-004333.png
01:32:07.856 - Renaming /sitespeed.io/20251114_203136/pages/scixplorer_org/abs/2022ApJ...930L..12E/abstract/data/filmstrip/2/img-29.png to /sitespeed.io/20251114_203136/pages/scixplorer_org/abs/2022ApJ...930L..12E/abstract/data/filmstrip/2/video-004366.png
01:32:07.857 - Scanning for non-orange frames...
01:32:07.857 - STREAM b'IHDR' 16 13
01:32:07.857 - STREAM b'pHYs' 41 9
01:32:07.857 - STREAM b'IDAT' 62 658
01:32:07.857 - STREAM b'IHDR' 16 13
01:32:07.857 - STREAM b'pHYs' 41 9
01:32:07.857 - STREAM b'IDAT' 62 658
01:32:07.858 - STREAM b'IHDR' 16 13
01:32:07.858 - STREAM b'IDAT' 41 535
01:32:07.860 - Scanning for orange frames...
01:32:07.860 - Removing Orange frame: /sitespeed.io/20251114_203136/pages/scixplorer_org/abs/2022ApJ...930L..12E/abstract/data/filmstrip/2/video-000000.png
01:32:07.860 - STREAM b'IHDR' 16 13
01:32:07.860 - STREAM b'pHYs' 41 9
01:32:07.860 - STREAM b'IDAT' 62 634
01:32:07.860 - STREAM b'IHDR' 16 13
01:32:07.860 - STREAM b'pHYs' 41 9
01:32:07.860 - STREAM b'IDAT' 62 634
01:32:07.862 - STREAM b'IHDR' 16 13
01:32:07.862 - STREAM b'IDAT' 41 535
01:32:07.863 - STREAM b'IHDR' 16 13
01:32:07.863 - STREAM b'pHYs' 41 9
01:32:07.863 - STREAM b'IDAT' 62 634
01:32:07.864 - STREAM b'IHDR' 16 13
01:32:07.864 - STREAM b'IDAT' 41 535
01:32:07.865 - STREAM b'IHDR' 16 13
01:32:07.865 - STREAM b'pHYs' 41 9
01:32:07.865 - STREAM b'IDAT' 62 634
01:32:07.866 - STREAM b'IHDR' 16 13
01:32:07.866 - STREAM b'IDAT' 41 535
01:32:07.867 - STREAM b'IHDR' 16 13
01:32:07.867 - STREAM b'pHYs' 41 9
01:32:07.867 - STREAM b'IDAT' 62 4096
01:32:07.867 - STREAM b'IHDR' 16 13
01:32:07.867 - STREAM b'pHYs' 41 9
01:32:07.867 - STREAM b'IDAT' 62 4096
01:32:07.869 - STREAM b'IHDR' 16 13
01:32:07.869 - STREAM b'IDAT' 41 535
01:32:07.870 - STREAM b'IHDR' 16 13
01:32:07.870 - STREAM b'pHYs' 41 9
01:32:07.870 - STREAM b'IDAT' 62 4096
01:32:07.871 - STREAM b'IHDR' 16 13
01:32:07.871 - STREAM b'IDAT' 41 535
01:32:07.872 - STREAM b'IHDR' 16 13
01:32:07.872 - STREAM b'pHYs' 41 9
01:32:07.872 - STREAM b'IDAT' 62 4096
01:32:07.873 - STREAM b'IHDR' 16 13
01:32:07.873 - STREAM b'IDAT' 41 535
01:32:07.874 - Finding Render Start...
01:32:07.874 - STREAM b'IHDR' 16 13
01:32:07.874 - STREAM b'pHYs' 41 9
01:32:07.874 - STREAM b'IDAT' 62 634
01:32:07.874 - STREAM b'IHDR' 16 13
01:32:07.874 - STREAM b'pHYs' 41 9
01:32:07.874 - STREAM b'IDAT' 62 634
01:32:07.874 - STREAM b'IHDR' 16 13
01:32:07.874 - STREAM b'pHYs' 41 9
01:32:07.874 - STREAM b'IDAT' 62 4096
01:32:07.878 - STREAM b'IHDR' 16 13
01:32:07.878 - STREAM b'pHYs' 41 9
01:32:07.878 - STREAM b'IDAT' 62 4096
01:32:07.878 - STREAM b'IHDR' 16 13
01:32:07.878 - STREAM b'pHYs' 41 9
01:32:07.878 - STREAM b'IDAT' 62 4096
01:32:07.880 - STREAM b'IHDR' 16 13
01:32:07.880 - STREAM b'IDAT' 41 535
01:32:07.881 - STREAM b'IHDR' 16 13
01:32:07.881 - STREAM b'pHYs' 41 9
01:32:07.881 - STREAM b'IDAT' 62 4096
01:32:07.882 - STREAM b'IHDR' 16 13
01:32:07.882 - STREAM b'IDAT' 41 535
01:32:07.883 - STREAM b'IHDR' 16 13
01:32:07.883 - STREAM b'pHYs' 41 9
01:32:07.883 - STREAM b'IDAT' 62 4096
01:32:07.885 - STREAM b'IHDR' 16 13
01:32:07.885 - STREAM b'IDAT' 41 535
01:32:07.886 - Eliminating Duplicate Frames...
01:32:07.886 - STREAM b'IHDR' 16 13
01:32:07.886 - STREAM b'pHYs' 41 9
01:32:07.886 - STREAM b'IDAT' 62 634
01:32:07.886 - Viewport cropping set to (W, H, L, T): (400, 170, 0, 0)
01:32:07.886 - STREAM b'IHDR' 16 13
01:32:07.886 - STREAM b'pHYs' 41 9
01:32:07.886 - STREAM b'IDAT' 62 634
01:32:07.886 - STREAM b'IHDR' 16 13
01:32:07.886 - STREAM b'pHYs' 41 9
01:32:07.887 - STREAM b'IDAT' 62 4096
01:32:07.890 - STREAM b'IHDR' 16 13
01:32:07.890 - STREAM b'pHYs' 41 9
01:32:07.890 - STREAM b'IDAT' 62 4096
01:32:07.890 - STREAM b'IHDR' 16 13
01:32:07.890 - STREAM b'pHYs' 41 9
01:32:07.890 - STREAM b'IDAT' 62 4096
01:32:07.894 - STREAM b'IHDR' 16 13
01:32:07.894 - STREAM b'pHYs' 41 9
01:32:07.894 - STREAM b'IDAT' 62 4096
01:32:07.894 - STREAM b'IHDR' 16 13
01:32:07.894 - STREAM b'pHYs' 41 9
01:32:07.894 - STREAM b'IDAT' 62 4096
01:32:07.898 - Removing duplicate frame /sitespeed.io/20251114_203136/pages/scixplorer_org/abs/2022ApJ...930L..12E/abstract/data/filmstrip/2/ms_003433.png from the end
01:32:07.898 - STREAM b'IHDR' 16 13
01:32:07.898 - STREAM b'pHYs' 41 9
01:32:07.898 - STREAM b'IDAT' 62 4096
01:32:07.898 - STREAM b'IHDR' 16 13
01:32:07.898 - STREAM b'pHYs' 41 9
01:32:07.898 - STREAM b'IDAT' 62 4096
01:32:07.902 - Removing duplicate frame /sitespeed.io/20251114_203136/pages/scixplorer_org/abs/2022ApJ...930L..12E/abstract/data/filmstrip/2/ms_003366.png from the end
01:32:07.902 - STREAM b'IHDR' 16 13
01:32:07.902 - STREAM b'pHYs' 41 9
01:32:07.902 - STREAM b'IDAT' 62 4096
01:32:07.902 - STREAM b'IHDR' 16 13
01:32:07.902 - STREAM b'pHYs' 41 9
01:32:07.902 - STREAM b'IDAT' 62 4096
01:32:07.906 - Removing duplicate frame /sitespeed.io/20251114_203136/pages/scixplorer_org/abs/2022ApJ...930L..12E/abstract/data/filmstrip/2/ms_002000.png from the end
01:32:07.906 - STREAM b'IHDR' 16 13
01:32:07.906 - STREAM b'pHYs' 41 9
01:32:07.906 - STREAM b'IDAT' 62 4096
01:32:07.906 - STREAM b'IHDR' 16 13
01:32:07.906 - STREAM b'pHYs' 41 9
01:32:07.906 - STREAM b'IDAT' 62 4096
01:32:07.910 - Removing duplicate frame /sitespeed.io/20251114_203136/pages/scixplorer_org/abs/2022ApJ...930L..12E/abstract/data/filmstrip/2/ms_001966.png from the end
01:32:07.910 - STREAM b'IHDR' 16 13
01:32:07.910 - STREAM b'pHYs' 41 9
01:32:07.910 - STREAM b'IDAT' 62 4096
01:32:07.910 - STREAM b'IHDR' 16 13
01:32:07.910 - STREAM b'pHYs' 41 9
01:32:07.910 - STREAM b'IDAT' 62 4096
01:32:07.914 - Removing duplicate frame /sitespeed.io/20251114_203136/pages/scixplorer_org/abs/2022ApJ...930L..12E/abstract/data/filmstrip/2/ms_001933.png from the end
01:32:07.914 - STREAM b'IHDR' 16 13
01:32:07.914 - STREAM b'pHYs' 41 9
01:32:07.914 - STREAM b'IDAT' 62 4096
01:32:07.914 - STREAM b'IHDR' 16 13
01:32:07.914 - STREAM b'pHYs' 41 9
01:32:07.914 - STREAM b'IDAT' 62 4096
01:32:07.917 - Removing duplicate frame /sitespeed.io/20251114_203136/pages/scixplorer_org/abs/2022ApJ...930L..12E/abstract/data/filmstrip/2/ms_001900.png from the end
01:32:07.918 - STREAM b'IHDR' 16 13
01:32:07.918 - STREAM b'pHYs' 41 9
01:32:07.918 - STREAM b'IDAT' 62 4096
01:32:07.918 - STREAM b'IHDR' 16 13
01:32:07.918 - STREAM b'pHYs' 41 9
01:32:07.918 - STREAM b'IDAT' 62 4096
01:32:07.921 - Removing duplicate frame /sitespeed.io/20251114_203136/pages/scixplorer_org/abs/2022ApJ...930L..12E/abstract/data/filmstrip/2/ms_003466.png from the end
01:32:07.942 - Calculating image histograms
01:32:07.942 - Calculating histogram for /sitespeed.io/20251114_203136/pages/scixplorer_org/abs/2022ApJ...930L..12E/abstract/data/filmstrip/2/ms_000000.png
01:32:07.942 - STREAM b'IHDR' 16 13
01:32:07.942 - STREAM b'pHYs' 41 9
01:32:07.943 - STREAM b'IDAT' 62 634
01:32:07.953 - Calculating histogram for /sitespeed.io/20251114_203136/pages/scixplorer_org/abs/2022ApJ...930L..12E/abstract/data/filmstrip/2/ms_000833.png
01:32:07.953 - STREAM b'IHDR' 16 13
01:32:07.953 - STREAM b'pHYs' 41 9
01:32:07.953 - STREAM b'IDAT' 62 4096
01:32:07.961 - Calculating histogram for /sitespeed.io/20251114_203136/pages/scixplorer_org/abs/2022ApJ...930L..12E/abstract/data/filmstrip/2/ms_000933.png
01:32:07.961 - STREAM b'IHDR' 16 13
01:32:07.961 - STREAM b'pHYs' 41 9
01:32:07.961 - STREAM b'IDAT' 62 4096
01:32:07.967 - Calculating histogram for /sitespeed.io/20251114_203136/pages/scixplorer_org/abs/2022ApJ...930L..12E/abstract/data/filmstrip/2/ms_000966.png
01:32:07.968 - STREAM b'IHDR' 16 13
01:32:07.968 - STREAM b'pHYs' 41 9
01:32:07.968 - STREAM b'IDAT' 62 4096
01:32:07.974 - Calculating histogram for /sitespeed.io/20251114_203136/pages/scixplorer_org/abs/2022ApJ...930L..12E/abstract/data/filmstrip/2/ms_001000.png
01:32:07.974 - STREAM b'IHDR' 16 13
01:32:07.974 - STREAM b'pHYs' 41 9
01:32:07.975 - STREAM b'IDAT' 62 4096
01:32:07.981 - Calculating histogram for /sitespeed.io/20251114_203136/pages/scixplorer_org/abs/2022ApJ...930L..12E/abstract/data/filmstrip/2/ms_001033.png
01:32:07.981 - STREAM b'IHDR' 16 13
01:32:07.981 - STREAM b'pHYs' 41 9
01:32:07.981 - STREAM b'IDAT' 62 4096
01:32:07.988 - Calculating histogram for /sitespeed.io/20251114_203136/pages/scixplorer_org/abs/2022ApJ...930L..12E/abstract/data/filmstrip/2/ms_001100.png
01:32:07.988 - STREAM b'IHDR' 16 13
01:32:07.988 - STREAM b'pHYs' 41 9
01:32:07.988 - STREAM b'IDAT' 62 4096
01:32:07.996 - Calculating histogram for /sitespeed.io/20251114_203136/pages/scixplorer_org/abs/2022ApJ...930L..12E/abstract/data/filmstrip/2/ms_001133.png
01:32:07.997 - STREAM b'IHDR' 16 13
01:32:07.997 - STREAM b'pHYs' 41 9
01:32:07.997 - STREAM b'IDAT' 62 4096
01:32:08.003 - Calculating histogram for /sitespeed.io/20251114_203136/pages/scixplorer_org/abs/2022ApJ...930L..12E/abstract/data/filmstrip/2/ms_001300.png
01:32:08.003 - STREAM b'IHDR' 16 13
01:32:08.004 - STREAM b'pHYs' 41 9
01:32:08.004 - STREAM b'IDAT' 62 4096
01:32:08.011 - Calculating histogram for /sitespeed.io/20251114_203136/pages/scixplorer_org/abs/2022ApJ...930L..12E/abstract/data/filmstrip/2/ms_001433.png
01:32:08.011 - STREAM b'IHDR' 16 13
01:32:08.011 - STREAM b'pHYs' 41 9
01:32:08.011 - STREAM b'IDAT' 62 4096
01:32:08.018 - Calculating histogram for /sitespeed.io/20251114_203136/pages/scixplorer_org/abs/2022ApJ...930L..12E/abstract/data/filmstrip/2/ms_001500.png
01:32:08.018 - STREAM b'IHDR' 16 13
01:32:08.018 - STREAM b'pHYs' 41 9
01:32:08.018 - STREAM b'IDAT' 62 4096
01:32:08.027 - Calculating histogram for /sitespeed.io/20251114_203136/pages/scixplorer_org/abs/2022ApJ...930L..12E/abstract/data/filmstrip/2/ms_001533.png
01:32:08.027 - STREAM b'IHDR' 16 13
01:32:08.027 - STREAM b'pHYs' 41 9
01:32:08.027 - STREAM b'IDAT' 62 4096
01:32:08.034 - Calculating histogram for /sitespeed.io/20251114_203136/pages/scixplorer_org/abs/2022ApJ...930L..12E/abstract/data/filmstrip/2/ms_001600.png
01:32:08.035 - STREAM b'IHDR' 16 13
01:32:08.035 - STREAM b'pHYs' 41 9
01:32:08.035 - STREAM b'IDAT' 62 4096
01:32:08.042 - Calculating histogram for /sitespeed.io/20251114_203136/pages/scixplorer_org/abs/2022ApJ...930L..12E/abstract/data/filmstrip/2/ms_001633.png
01:32:08.042 - STREAM b'IHDR' 16 13
01:32:08.042 - STREAM b'pHYs' 41 9
01:32:08.042 - STREAM b'IDAT' 62 4096
01:32:08.049 - Calculating histogram for /sitespeed.io/20251114_203136/pages/scixplorer_org/abs/2022ApJ...930L..12E/abstract/data/filmstrip/2/ms_001666.png
01:32:08.049 - STREAM b'IHDR' 16 13
01:32:08.049 - STREAM b'pHYs' 41 9
01:32:08.049 - STREAM b'IDAT' 62 4096
01:32:08.056 - Calculating histogram for /sitespeed.io/20251114_203136/pages/scixplorer_org/abs/2022ApJ...930L..12E/abstract/data/filmstrip/2/ms_001700.png
01:32:08.056 - STREAM b'IHDR' 16 13
01:32:08.056 - STREAM b'pHYs' 41 9
01:32:08.056 - STREAM b'IDAT' 62 4096
01:32:08.065 - Calculating histogram for /sitespeed.io/20251114_203136/pages/scixplorer_org/abs/2022ApJ...930L..12E/abstract/data/filmstrip/2/ms_001733.png
01:32:08.065 - STREAM b'IHDR' 16 13
01:32:08.065 - STREAM b'pHYs' 41 9
01:32:08.065 - STREAM b'IDAT' 62 4096
01:32:08.072 - Calculating histogram for /sitespeed.io/20251114_203136/pages/scixplorer_org/abs/2022ApJ...930L..12E/abstract/data/filmstrip/2/ms_001766.png
01:32:08.073 - STREAM b'IHDR' 16 13
01:32:08.073 - STREAM b'pHYs' 41 9
01:32:08.073 - STREAM b'IDAT' 62 4096
01:32:08.081 - Calculating histogram for /sitespeed.io/20251114_203136/pages/scixplorer_org/abs/2022ApJ...930L..12E/abstract/data/filmstrip/2/ms_001800.png
01:32:08.081 - STREAM b'IHDR' 16 13
01:32:08.081 - STREAM b'pHYs' 41 9
01:32:08.081 - STREAM b'IDAT' 62 4096
01:32:08.088 - Calculating histogram for /sitespeed.io/20251114_203136/pages/scixplorer_org/abs/2022ApJ...930L..12E/abstract/data/filmstrip/2/ms_001833.png
01:32:08.088 - STREAM b'IHDR' 16 13
01:32:08.088 - STREAM b'pHYs' 41 9
01:32:08.088 - STREAM b'IDAT' 62 4096
01:32:08.096 - Calculating histogram for /sitespeed.io/20251114_203136/pages/scixplorer_org/abs/2022ApJ...930L..12E/abstract/data/filmstrip/2/ms_001866.png
01:32:08.096 - STREAM b'IHDR' 16 13
01:32:08.096 - STREAM b'pHYs' 41 9
01:32:08.096 - STREAM b'IDAT' 62 4096
01:32:08.122 - Done calculating histograms
01:32:08.123 - 0ms - 0% Complete
01:32:08.123 - 833ms - 76% Complete
01:32:08.123 - 933ms - 76% Complete
01:32:08.123 - 966ms - 76% Complete
01:32:08.124 - 1000ms - 76% Complete
01:32:08.124 - 1033ms - 77% Complete
01:32:08.124 - 1100ms - 77% Complete
01:32:08.124 - 1133ms - 77% Complete
01:32:08.124 - 1300ms - 77% Complete
01:32:08.125 - 1433ms - 77% Complete
01:32:08.125 - 1500ms - 76% Complete
01:32:08.125 - 1533ms - 77% Complete
01:32:08.125 - 1600ms - 77% Complete
01:32:08.125 - 1633ms - 77% Complete
01:32:08.126 - 1666ms - 77% Complete
01:32:08.126 - 1700ms - 98% Complete
01:32:08.126 - 1733ms - 98% Complete
01:32:08.126 - 1766ms - 97% Complete
01:32:08.126 - 1800ms - 98% Complete
01:32:08.127 - 1833ms - 98% Complete
01:32:08.127 - 1866ms - 100% Complete
01:32:08.127 - Hero elements file is not valid: None
01:32:08.127 - Converting video frames to JPEG
01:32:08.127 - STREAM b'IHDR' 16 13
01:32:08.127 - STREAM b'pHYs' 41 9
01:32:08.127 - STREAM b'IDAT' 62 634
01:32:08.127 - Unable to convert image to sRGB as there is no color profile to transform from.
01:32:08.128 - STREAM b'IHDR' 16 13
01:32:08.128 - STREAM b'pHYs' 41 9
01:32:08.128 - STREAM b'IDAT' 62 4096
01:32:08.128 - Unable to convert image to sRGB as there is no color profile to transform from.
01:32:08.129 - STREAM b'IHDR' 16 13
01:32:08.129 - STREAM b'pHYs' 41 9
01:32:08.129 - STREAM b'IDAT' 62 4096
01:32:08.129 - Unable to convert image to sRGB as there is no color profile to transform from.
01:32:08.130 - STREAM b'IHDR' 16 13
01:32:08.130 - STREAM b'pHYs' 41 9
01:32:08.130 - STREAM b'IDAT' 62 4096
01:32:08.130 - Unable to convert image to sRGB as there is no color profile to transform from.
01:32:08.131 - STREAM b'IHDR' 16 13
01:32:08.131 - STREAM b'pHYs' 41 9
01:32:08.131 - STREAM b'IDAT' 62 4096
01:32:08.131 - Unable to convert image to sRGB as there is no color profile to transform from.
01:32:08.132 - STREAM b'IHDR' 16 13
01:32:08.132 - STREAM b'pHYs' 41 9
01:32:08.132 - STREAM b'IDAT' 62 4096
01:32:08.132 - Unable to convert image to sRGB as there is no color profile to transform from.
01:32:08.133 - STREAM b'IHDR' 16 13
01:32:08.133 - STREAM b'pHYs' 41 9
01:32:08.133 - STREAM b'IDAT' 62 4096
01:32:08.133 - Unable to convert image to sRGB as there is no color profile to transform from.
01:32:08.134 - STREAM b'IHDR' 16 13
01:32:08.134 - STREAM b'pHYs' 41 9
01:32:08.134 - STREAM b'IDAT' 62 4096
01:32:08.134 - Unable to convert image to sRGB as there is no color profile to transform from.
01:32:08.135 - STREAM b'IHDR' 16 13
01:32:08.135 - STREAM b'pHYs' 41 9
01:32:08.135 - STREAM b'IDAT' 62 4096
01:32:08.135 - Unable to convert image to sRGB as there is no color profile to transform from.
01:32:08.136 - STREAM b'IHDR' 16 13
01:32:08.136 - STREAM b'pHYs' 41 9
01:32:08.136 - STREAM b'IDAT' 62 4096
01:32:08.136 - Unable to convert image to sRGB as there is no color profile to transform from.
01:32:08.137 - STREAM b'IHDR' 16 13
01:32:08.137 - STREAM b'pHYs' 41 9
01:32:08.137 - STREAM b'IDAT' 62 4096
01:32:08.137 - Unable to convert image to sRGB as there is no color profile to transform from.
01:32:08.138 - STREAM b'IHDR' 16 13
01:32:08.138 - STREAM b'pHYs' 41 9
01:32:08.138 - STREAM b'IDAT' 62 4096
01:32:08.138 - Unable to convert image to sRGB as there is no color profile to transform from.
01:32:08.139 - STREAM b'IHDR' 16 13
01:32:08.139 - STREAM b'pHYs' 41 9
01:32:08.139 - STREAM b'IDAT' 62 4096
01:32:08.139 - Unable to convert image to sRGB as there is no color profile to transform from.
01:32:08.140 - STREAM b'IHDR' 16 13
01:32:08.140 - STREAM b'pHYs' 41 9
01:32:08.140 - STREAM b'IDAT' 62 4096
01:32:08.140 - Unable to convert image to sRGB as there is no color profile to transform from.
01:32:08.141 - STREAM b'IHDR' 16 13
01:32:08.141 - STREAM b'pHYs' 41 9
01:32:08.141 - STREAM b'IDAT' 62 4096
01:32:08.141 - Unable to convert image to sRGB as there is no color profile to transform from.
01:32:08.142 - STREAM b'IHDR' 16 13
01:32:08.142 - STREAM b'pHYs' 41 9
01:32:08.142 - STREAM b'IDAT' 62 4096
01:32:08.142 - Unable to convert image to sRGB as there is no color profile to transform from.
01:32:08.143 - STREAM b'IHDR' 16 13
01:32:08.143 - STREAM b'pHYs' 41 9
01:32:08.143 - STREAM b'IDAT' 62 4096
01:32:08.143 - Unable to convert image to sRGB as there is no color profile to transform from.
01:32:08.144 - STREAM b'IHDR' 16 13
01:32:08.144 - STREAM b'pHYs' 41 9
01:32:08.144 - STREAM b'IDAT' 62 4096
01:32:08.144 - Unable to convert image to sRGB as there is no color profile to transform from.
01:32:08.145 - STREAM b'IHDR' 16 13
01:32:08.145 - STREAM b'pHYs' 41 9
01:32:08.145 - STREAM b'IDAT' 62 4096
01:32:08.145 - Unable to convert image to sRGB as there is no color profile to transform from.
01:32:08.146 - STREAM b'IHDR' 16 13
01:32:08.146 - STREAM b'pHYs' 41 9
01:32:08.146 - STREAM b'IDAT' 62 4096
01:32:08.146 - Unable to convert image to sRGB as there is no color profile to transform from.
01:32:08.147 - STREAM b'IHDR' 16 13
01:32:08.147 - STREAM b'pHYs' 41 9
01:32:08.147 - STREAM b'IDAT' 62 4096
01:32:08.147 - Unable to convert image to sRGB as there is no color profile to transform from.
01:32:08.148 - Done converting video frames to JPEG
