01:32:37.349 - FFMPEG found
01:32:37.349 - Python 3.6+ found
01:32:37.430 - Numpy found
01:32:37.447 - OpenCV-Python found
01:32:37.457 - Pillow found
01:32:37.715 - SSIM found
01:32:37.719 - Processing frames from video /sitespeed.io/20251114_203136/pages/scixplorer_org/abs/2022ApJ...930L..12E/abstract/data/video/4.mp4 to /sitespeed.io/20251114_203136/pages/scixplorer_org/abs/2022ApJ...930L..12E/abstract/data/filmstrip/4
01:32:37.719 - ['ffprobe', '/sitespeed.io/20251114_203136/pages/scixplorer_org/abs/2022ApJ...930L..12E/abstract/data/video/4.mp4']
01:32:37.725 - Finding Video Viewport...
01:32:37.725 - Using frame 0
01:32:37.788 - STREAM b'IHDR' 16 13
01:32:37.788 - STREAM b'pHYs' 41 9
01:32:37.788 - STREAM b'IDAT' 62 4096
01:32:37.788 - /sitespeed.io/20251114_203136/pages/scixplorer_org/abs/2022ApJ...930L..12E/abstract/data/filmstrip/4/viewport.png is 1366x708
01:32:37.788 - Finding the viewport for /sitespeed.io/20251114_203136/pages/scixplorer_org/abs/2022ApJ...930L..12E/abstract/data/filmstrip/4/viewport.png
01:32:37.788 - STREAM b'IHDR' 16 13
01:32:37.788 - STREAM b'pHYs' 41 9
01:32:37.788 - STREAM b'IDAT' 62 4096
01:32:37.793 - Viewport left edge is 0
01:32:37.793 - Viewport right edge is 1363
01:32:37.793 - Viewport top edge is 88
01:32:37.793 - Viewport bottom edge is 704
01:32:37.802 - Extracting frames from /sitespeed.io/20251114_203136/pages/scixplorer_org/abs/2022ApJ...930L..12E/abstract/data/video/4.mp4 to /sitespeed.io/20251114_203136/pages/scixplorer_org/abs/2022ApJ...930L..12E/abstract/data/filmstrip/4
01:32:37.805 - ffmpeg -v debug -i /sitespeed.io/20251114_203136/pages/scixplorer_org/abs/2022ApJ...930L..12E/abstract/data/video/4.mp4 -vsync 0 -vf crop=1363:616:0:88,scale=iw*min(400/iw\,400/ih):ih*min(400/iw\,400/ih),mpdecimate=0:64:640:0.001 /sitespeed.io/20251114_203136/pages/scixplorer_org/abs/2022ApJ...930L..12E/abstract/data/filmstrip/4/img-%d.png
01:32:37.970 - Renaming /sitespeed.io/20251114_203136/pages/scixplorer_org/abs/2022ApJ...930L..12E/abstract/data/filmstrip/4/img-1.png to /sitespeed.io/20251114_203136/pages/scixplorer_org/abs/2022ApJ...930L..12E/abstract/data/filmstrip/4/video-000000.png
01:32:37.970 - Renaming /sitespeed.io/20251114_203136/pages/scixplorer_org/abs/2022ApJ...930L..12E/abstract/data/filmstrip/4/img-2.png to /sitespeed.io/20251114_203136/pages/scixplorer_org/abs/2022ApJ...930L..12E/abstract/data/filmstrip/4/video-000900.png
01:32:37.970 - Renaming /sitespeed.io/20251114_203136/pages/scixplorer_org/abs/2022ApJ...930L..12E/abstract/data/filmstrip/4/img-3.png to /sitespeed.io/20251114_203136/pages/scixplorer_org/abs/2022ApJ...930L..12E/abstract/data/filmstrip/4/video-001866.png
01:32:37.970 - Renaming /sitespeed.io/20251114_203136/pages/scixplorer_org/abs/2022ApJ...930L..12E/abstract/data/filmstrip/4/img-4.png to /sitespeed.io/20251114_203136/pages/scixplorer_org/abs/2022ApJ...930L..12E/abstract/data/filmstrip/4/video-001933.png
01:32:37.970 - Renaming /sitespeed.io/20251114_203136/pages/scixplorer_org/abs/2022ApJ...930L..12E/abstract/data/filmstrip/4/img-5.png to /sitespeed.io/20251114_203136/pages/scixplorer_org/abs/2022ApJ...930L..12E/abstract/data/filmstrip/4/video-001966.png
01:32:37.970 - Renaming /sitespeed.io/20251114_203136/pages/scixplorer_org/abs/2022ApJ...930L..12E/abstract/data/filmstrip/4/img-6.png to /sitespeed.io/20251114_203136/pages/scixplorer_org/abs/2022ApJ...930L..12E/abstract/data/filmstrip/4/video-002000.png
01:32:37.970 - Renaming /sitespeed.io/20251114_203136/pages/scixplorer_org/abs/2022ApJ...930L..12E/abstract/data/filmstrip/4/img-7.png to /sitespeed.io/20251114_203136/pages/scixplorer_org/abs/2022ApJ...930L..12E/abstract/data/filmstrip/4/video-002033.png
01:32:37.970 - Renaming /sitespeed.io/20251114_203136/pages/scixplorer_org/abs/2022ApJ...930L..12E/abstract/data/filmstrip/4/img-8.png to /sitespeed.io/20251114_203136/pages/scixplorer_org/abs/2022ApJ...930L..12E/abstract/data/filmstrip/4/video-002066.png
01:32:37.970 - Renaming /sitespeed.io/20251114_203136/pages/scixplorer_org/abs/2022ApJ...930L..12E/abstract/data/filmstrip/4/img-9.png to /sitespeed.io/20251114_203136/pages/scixplorer_org/abs/2022ApJ...930L..12E/abstract/data/filmstrip/4/video-002133.png
01:32:37.970 - Renaming /sitespeed.io/20251114_203136/pages/scixplorer_org/abs/2022ApJ...930L..12E/abstract/data/filmstrip/4/img-10.png to /sitespeed.io/20251114_203136/pages/scixplorer_org/abs/2022ApJ...930L..12E/abstract/data/filmstrip/4/video-002333.png
01:32:37.971 - Renaming /sitespeed.io/20251114_203136/pages/scixplorer_org/abs/2022ApJ...930L..12E/abstract/data/filmstrip/4/img-11.png to /sitespeed.io/20251114_203136/pages/scixplorer_org/abs/2022ApJ...930L..12E/abstract/data/filmstrip/4/video-002500.png
01:32:37.971 - Renaming /sitespeed.io/20251114_203136/pages/scixplorer_org/abs/2022ApJ...930L..12E/abstract/data/filmstrip/4/img-12.png to /sitespeed.io/20251114_203136/pages/scixplorer_org/abs/2022ApJ...930L..12E/abstract/data/filmstrip/4/video-002533.png
01:32:37.971 - Renaming /sitespeed.io/20251114_203136/pages/scixplorer_org/abs/2022ApJ...930L..12E/abstract/data/filmstrip/4/img-13.png to /sitespeed.io/20251114_203136/pages/scixplorer_org/abs/2022ApJ...930L..12E/abstract/data/filmstrip/4/video-002566.png
01:32:37.971 - Renaming /sitespeed.io/20251114_203136/pages/scixplorer_org/abs/2022ApJ...930L..12E/abstract/data/filmstrip/4/img-14.png to /sitespeed.io/20251114_203136/pages/scixplorer_org/abs/2022ApJ...930L..12E/abstract/data/filmstrip/4/video-002600.png
01:32:37.971 - Renaming /sitespeed.io/20251114_203136/pages/scixplorer_org/abs/2022ApJ...930L..12E/abstract/data/filmstrip/4/img-15.png to /sitespeed.io/20251114_203136/pages/scixplorer_org/abs/2022ApJ...930L..12E/abstract/data/filmstrip/4/video-002833.png
01:32:37.971 - Renaming /sitespeed.io/20251114_203136/pages/scixplorer_org/abs/2022ApJ...930L..12E/abstract/data/filmstrip/4/img-16.png to /sitespeed.io/20251114_203136/pages/scixplorer_org/abs/2022ApJ...930L..12E/abstract/data/filmstrip/4/video-002866.png
01:32:37.971 - Renaming /sitespeed.io/20251114_203136/pages/scixplorer_org/abs/2022ApJ...930L..12E/abstract/data/filmstrip/4/img-17.png to /sitespeed.io/20251114_203136/pages/scixplorer_org/abs/2022ApJ...930L..12E/abstract/data/filmstrip/4/video-002900.png
01:32:37.971 - Renaming /sitespeed.io/20251114_203136/pages/scixplorer_org/abs/2022ApJ...930L..12E/abstract/data/filmstrip/4/img-18.png to /sitespeed.io/20251114_203136/pages/scixplorer_org/abs/2022ApJ...930L..12E/abstract/data/filmstrip/4/video-002933.png
01:32:37.971 - Renaming /sitespeed.io/20251114_203136/pages/scixplorer_org/abs/2022ApJ...930L..12E/abstract/data/filmstrip/4/img-19.png to /sitespeed.io/20251114_203136/pages/scixplorer_org/abs/2022ApJ...930L..12E/abstract/data/filmstrip/4/video-002966.png
01:32:37.971 - Renaming /sitespeed.io/20251114_203136/pages/scixplorer_org/abs/2022ApJ...930L..12E/abstract/data/filmstrip/4/img-20.png to /sitespeed.io/20251114_203136/pages/scixplorer_org/abs/2022ApJ...930L..12E/abstract/data/filmstrip/4/video-003000.png
01:32:37.971 - Renaming /sitespeed.io/20251114_203136/pages/scixplorer_org/abs/2022ApJ...930L..12E/abstract/data/filmstrip/4/img-21.png to /sitespeed.io/20251114_203136/pages/scixplorer_org/abs/2022ApJ...930L..12E/abstract/data/filmstrip/4/video-003033.png
01:32:37.971 - Renaming /sitespeed.io/20251114_203136/pages/scixplorer_org/abs/2022ApJ...930L..12E/abstract/data/filmstrip/4/img-22.png to /sitespeed.io/20251114_203136/pages/scixplorer_org/abs/2022ApJ...930L..12E/abstract/data/filmstrip/4/video-003066.png
01:32:37.971 - Renaming /sitespeed.io/20251114_203136/pages/scixplorer_org/abs/2022ApJ...930L..12E/abstract/data/filmstrip/4/img-23.png to /sitespeed.io/20251114_203136/pages/scixplorer_org/abs/2022ApJ...930L..12E/abstract/data/filmstrip/4/video-003100.png
01:32:37.971 - Renaming /sitespeed.io/20251114_203136/pages/scixplorer_org/abs/2022ApJ...930L..12E/abstract/data/filmstrip/4/img-24.png to /sitespeed.io/20251114_203136/pages/scixplorer_org/abs/2022ApJ...930L..12E/abstract/data/filmstrip/4/video-003166.png
01:32:37.971 - Renaming /sitespeed.io/20251114_203136/pages/scixplorer_org/abs/2022ApJ...930L..12E/abstract/data/filmstrip/4/img-25.png to /sitespeed.io/20251114_203136/pages/scixplorer_org/abs/2022ApJ...930L..12E/abstract/data/filmstrip/4/video-004500.png
01:32:37.971 - Renaming /sitespeed.io/20251114_203136/pages/scixplorer_org/abs/2022ApJ...930L..12E/abstract/data/filmstrip/4/img-26.png to /sitespeed.io/20251114_203136/pages/scixplorer_org/abs/2022ApJ...930L..12E/abstract/data/filmstrip/4/video-004566.png
01:32:37.971 - Renaming /sitespeed.io/20251114_203136/pages/scixplorer_org/abs/2022ApJ...930L..12E/abstract/data/filmstrip/4/img-27.png to /sitespeed.io/20251114_203136/pages/scixplorer_org/abs/2022ApJ...930L..12E/abstract/data/filmstrip/4/video-004600.png
01:32:37.972 - Scanning for non-orange frames...
01:32:37.972 - STREAM b'IHDR' 16 13
01:32:37.972 - STREAM b'pHYs' 41 9
01:32:37.972 - STREAM b'IDAT' 62 658
01:32:37.972 - STREAM b'IHDR' 16 13
01:32:37.972 - STREAM b'pHYs' 41 9
01:32:37.972 - STREAM b'IDAT' 62 658
01:32:37.973 - STREAM b'IHDR' 16 13
01:32:37.973 - STREAM b'IDAT' 41 535
01:32:37.975 - Scanning for orange frames...
01:32:37.975 - Removing Orange frame: /sitespeed.io/20251114_203136/pages/scixplorer_org/abs/2022ApJ...930L..12E/abstract/data/filmstrip/4/video-000000.png
01:32:37.975 - STREAM b'IHDR' 16 13
01:32:37.975 - STREAM b'pHYs' 41 9
01:32:37.975 - STREAM b'IDAT' 62 634
01:32:37.975 - STREAM b'IHDR' 16 13
01:32:37.975 - STREAM b'pHYs' 41 9
01:32:37.975 - STREAM b'IDAT' 62 634
01:32:37.976 - STREAM b'IHDR' 16 13
01:32:37.976 - STREAM b'IDAT' 41 535
01:32:37.977 - STREAM b'IHDR' 16 13
01:32:37.977 - STREAM b'pHYs' 41 9
01:32:37.977 - STREAM b'IDAT' 62 634
01:32:37.978 - STREAM b'IHDR' 16 13
01:32:37.978 - STREAM b'IDAT' 41 535
01:32:37.979 - STREAM b'IHDR' 16 13
01:32:37.979 - STREAM b'pHYs' 41 9
01:32:37.979 - STREAM b'IDAT' 62 634
01:32:37.980 - STREAM b'IHDR' 16 13
01:32:37.980 - STREAM b'IDAT' 41 535
01:32:37.980 - STREAM b'IHDR' 16 13
01:32:37.980 - STREAM b'pHYs' 41 9
01:32:37.980 - STREAM b'IDAT' 62 4096
01:32:37.981 - STREAM b'IHDR' 16 13
01:32:37.981 - STREAM b'pHYs' 41 9
01:32:37.981 - STREAM b'IDAT' 62 4096
01:32:37.982 - STREAM b'IHDR' 16 13
01:32:37.982 - STREAM b'IDAT' 41 535
01:32:37.983 - STREAM b'IHDR' 16 13
01:32:37.983 - STREAM b'pHYs' 41 9
01:32:37.983 - STREAM b'IDAT' 62 4096
01:32:37.984 - STREAM b'IHDR' 16 13
01:32:37.984 - STREAM b'IDAT' 41 535
01:32:37.985 - STREAM b'IHDR' 16 13
01:32:37.985 - STREAM b'pHYs' 41 9
01:32:37.985 - STREAM b'IDAT' 62 4096
01:32:37.986 - STREAM b'IHDR' 16 13
01:32:37.986 - STREAM b'IDAT' 41 535
01:32:37.987 - Finding Render Start...
01:32:37.987 - STREAM b'IHDR' 16 13
01:32:37.987 - STREAM b'pHYs' 41 9
01:32:37.987 - STREAM b'IDAT' 62 634
01:32:37.987 - STREAM b'IHDR' 16 13
01:32:37.987 - STREAM b'pHYs' 41 9
01:32:37.987 - STREAM b'IDAT' 62 634
01:32:37.987 - STREAM b'IHDR' 16 13
01:32:37.987 - STREAM b'pHYs' 41 9
01:32:37.987 - STREAM b'IDAT' 62 4096
01:32:37.991 - STREAM b'IHDR' 16 13
01:32:37.991 - STREAM b'pHYs' 41 9
01:32:37.991 - STREAM b'IDAT' 62 4096
01:32:37.991 - STREAM b'IHDR' 16 13
01:32:37.991 - STREAM b'pHYs' 41 9
01:32:37.991 - STREAM b'IDAT' 62 4096
01:32:37.992 - STREAM b'IHDR' 16 13
01:32:37.992 - STREAM b'IDAT' 41 535
01:32:37.993 - STREAM b'IHDR' 16 13
01:32:37.993 - STREAM b'pHYs' 41 9
01:32:37.993 - STREAM b'IDAT' 62 4096
01:32:37.994 - STREAM b'IHDR' 16 13
01:32:37.994 - STREAM b'IDAT' 41 535
01:32:37.995 - STREAM b'IHDR' 16 13
01:32:37.995 - STREAM b'pHYs' 41 9
01:32:37.995 - STREAM b'IDAT' 62 4096
01:32:37.996 - STREAM b'IHDR' 16 13
01:32:37.996 - STREAM b'IDAT' 41 535
01:32:37.998 - Eliminating Duplicate Frames...
01:32:37.998 - STREAM b'IHDR' 16 13
01:32:37.998 - STREAM b'pHYs' 41 9
01:32:37.998 - STREAM b'IDAT' 62 634
01:32:37.998 - Viewport cropping set to (W, H, L, T): (400, 170, 0, 0)
01:32:37.998 - STREAM b'IHDR' 16 13
01:32:37.998 - STREAM b'pHYs' 41 9
01:32:37.998 - STREAM b'IDAT' 62 634
01:32:37.998 - STREAM b'IHDR' 16 13
01:32:37.998 - STREAM b'pHYs' 41 9
01:32:37.998 - STREAM b'IDAT' 62 4096
01:32:38.002 - STREAM b'IHDR' 16 13
01:32:38.002 - STREAM b'pHYs' 41 9
01:32:38.003 - STREAM b'IDAT' 62 4096
01:32:38.003 - STREAM b'IHDR' 16 13
01:32:38.003 - STREAM b'pHYs' 41 9
01:32:38.003 - STREAM b'IDAT' 62 4096
01:32:38.007 - STREAM b'IHDR' 16 13
01:32:38.007 - STREAM b'pHYs' 41 9
01:32:38.007 - STREAM b'IDAT' 62 4096
01:32:38.007 - STREAM b'IHDR' 16 13
01:32:38.007 - STREAM b'pHYs' 41 9
01:32:38.007 - STREAM b'IDAT' 62 4096
01:32:38.010 - Removing duplicate frame /sitespeed.io/20251114_203136/pages/scixplorer_org/abs/2022ApJ...930L..12E/abstract/data/filmstrip/4/ms_003666.png from the end
01:32:38.011 - STREAM b'IHDR' 16 13
01:32:38.011 - STREAM b'pHYs' 41 9
01:32:38.011 - STREAM b'IDAT' 62 4096
01:32:38.011 - STREAM b'IHDR' 16 13
01:32:38.011 - STREAM b'pHYs' 41 9
01:32:38.011 - STREAM b'IDAT' 62 4096
01:32:38.014 - Removing duplicate frame /sitespeed.io/20251114_203136/pages/scixplorer_org/abs/2022ApJ...930L..12E/abstract/data/filmstrip/4/ms_003600.png from the end
01:32:38.015 - STREAM b'IHDR' 16 13
01:32:38.015 - STREAM b'pHYs' 41 9
01:32:38.015 - STREAM b'IDAT' 62 4096
01:32:38.015 - STREAM b'IHDR' 16 13
01:32:38.015 - STREAM b'pHYs' 41 9
01:32:38.015 - STREAM b'IDAT' 62 4096
01:32:38.019 - Removing duplicate frame /sitespeed.io/20251114_203136/pages/scixplorer_org/abs/2022ApJ...930L..12E/abstract/data/filmstrip/4/ms_002266.png from the end
01:32:38.019 - STREAM b'IHDR' 16 13
01:32:38.019 - STREAM b'pHYs' 41 9
01:32:38.019 - STREAM b'IDAT' 62 4096
01:32:38.019 - STREAM b'IHDR' 16 13
01:32:38.019 - STREAM b'pHYs' 41 9
01:32:38.019 - STREAM b'IDAT' 62 4096
01:32:38.023 - Removing duplicate frame /sitespeed.io/20251114_203136/pages/scixplorer_org/abs/2022ApJ...930L..12E/abstract/data/filmstrip/4/ms_002200.png from the end
01:32:38.023 - STREAM b'IHDR' 16 13
01:32:38.023 - STREAM b'pHYs' 41 9
01:32:38.023 - STREAM b'IDAT' 62 4096
01:32:38.023 - STREAM b'IHDR' 16 13
01:32:38.023 - STREAM b'pHYs' 41 9
01:32:38.023 - STREAM b'IDAT' 62 4096
01:32:38.027 - Removing duplicate frame /sitespeed.io/20251114_203136/pages/scixplorer_org/abs/2022ApJ...930L..12E/abstract/data/filmstrip/4/ms_002166.png from the end
01:32:38.027 - STREAM b'IHDR' 16 13
01:32:38.027 - STREAM b'pHYs' 41 9
01:32:38.027 - STREAM b'IDAT' 62 4096
01:32:38.027 - STREAM b'IHDR' 16 13
01:32:38.027 - STREAM b'pHYs' 41 9
01:32:38.027 - STREAM b'IDAT' 62 4096
01:32:38.031 - Removing duplicate frame /sitespeed.io/20251114_203136/pages/scixplorer_org/abs/2022ApJ...930L..12E/abstract/data/filmstrip/4/ms_003700.png from the end
01:32:38.042 - Calculating image histograms
01:32:38.042 - Calculating histogram for /sitespeed.io/20251114_203136/pages/scixplorer_org/abs/2022ApJ...930L..12E/abstract/data/filmstrip/4/ms_000000.png
01:32:38.042 - STREAM b'IHDR' 16 13
01:32:38.042 - STREAM b'pHYs' 41 9
01:32:38.042 - STREAM b'IDAT' 62 634
01:32:38.049 - Calculating histogram for /sitespeed.io/20251114_203136/pages/scixplorer_org/abs/2022ApJ...930L..12E/abstract/data/filmstrip/4/ms_000966.png
01:32:38.049 - STREAM b'IHDR' 16 13
01:32:38.049 - STREAM b'pHYs' 41 9
01:32:38.049 - STREAM b'IDAT' 62 4096
01:32:38.057 - Calculating histogram for /sitespeed.io/20251114_203136/pages/scixplorer_org/abs/2022ApJ...930L..12E/abstract/data/filmstrip/4/ms_001033.png
01:32:38.057 - STREAM b'IHDR' 16 13
01:32:38.057 - STREAM b'pHYs' 41 9
01:32:38.057 - STREAM b'IDAT' 62 4096
01:32:38.064 - Calculating histogram for /sitespeed.io/20251114_203136/pages/scixplorer_org/abs/2022ApJ...930L..12E/abstract/data/filmstrip/4/ms_001066.png
01:32:38.064 - STREAM b'IHDR' 16 13
01:32:38.065 - STREAM b'pHYs' 41 9
01:32:38.065 - STREAM b'IDAT' 62 4096
01:32:38.072 - Calculating histogram for /sitespeed.io/20251114_203136/pages/scixplorer_org/abs/2022ApJ...930L..12E/abstract/data/filmstrip/4/ms_001100.png
01:32:38.072 - STREAM b'IHDR' 16 13
01:32:38.072 - STREAM b'pHYs' 41 9
01:32:38.072 - STREAM b'IDAT' 62 4096
01:32:38.081 - Calculating histogram for /sitespeed.io/20251114_203136/pages/scixplorer_org/abs/2022ApJ...930L..12E/abstract/data/filmstrip/4/ms_001133.png
01:32:38.081 - STREAM b'IHDR' 16 13
01:32:38.081 - STREAM b'pHYs' 41 9
01:32:38.081 - STREAM b'IDAT' 62 4096
01:32:38.089 - Calculating histogram for /sitespeed.io/20251114_203136/pages/scixplorer_org/abs/2022ApJ...930L..12E/abstract/data/filmstrip/4/ms_001166.png
01:32:38.089 - STREAM b'IHDR' 16 13
01:32:38.089 - STREAM b'pHYs' 41 9
01:32:38.089 - STREAM b'IDAT' 62 4096
01:32:38.096 - Calculating histogram for /sitespeed.io/20251114_203136/pages/scixplorer_org/abs/2022ApJ...930L..12E/abstract/data/filmstrip/4/ms_001233.png
01:32:38.096 - STREAM b'IHDR' 16 13
01:32:38.096 - STREAM b'pHYs' 41 9
01:32:38.097 - STREAM b'IDAT' 62 4096
01:32:38.104 - Calculating histogram for /sitespeed.io/20251114_203136/pages/scixplorer_org/abs/2022ApJ...930L..12E/abstract/data/filmstrip/4/ms_001433.png
01:32:38.104 - STREAM b'IHDR' 16 13
01:32:38.104 - STREAM b'pHYs' 41 9
01:32:38.104 - STREAM b'IDAT' 62 4096
01:32:38.111 - Calculating histogram for /sitespeed.io/20251114_203136/pages/scixplorer_org/abs/2022ApJ...930L..12E/abstract/data/filmstrip/4/ms_001600.png
01:32:38.111 - STREAM b'IHDR' 16 13
01:32:38.111 - STREAM b'pHYs' 41 9
01:32:38.111 - STREAM b'IDAT' 62 4096
01:32:38.119 - Calculating histogram for /sitespeed.io/20251114_203136/pages/scixplorer_org/abs/2022ApJ...930L..12E/abstract/data/filmstrip/4/ms_001633.png
01:32:38.119 - STREAM b'IHDR' 16 13
01:32:38.119 - STREAM b'pHYs' 41 9
01:32:38.119 - STREAM b'IDAT' 62 4096
01:32:38.126 - Calculating histogram for /sitespeed.io/20251114_203136/pages/scixplorer_org/abs/2022ApJ...930L..12E/abstract/data/filmstrip/4/ms_001666.png
01:32:38.126 - STREAM b'IHDR' 16 13
01:32:38.126 - STREAM b'pHYs' 41 9
01:32:38.126 - STREAM b'IDAT' 62 4096
01:32:38.133 - Calculating histogram for /sitespeed.io/20251114_203136/pages/scixplorer_org/abs/2022ApJ...930L..12E/abstract/data/filmstrip/4/ms_001700.png
01:32:38.133 - STREAM b'IHDR' 16 13
01:32:38.134 - STREAM b'pHYs' 41 9
01:32:38.134 - STREAM b'IDAT' 62 4096
01:32:38.141 - Calculating histogram for /sitespeed.io/20251114_203136/pages/scixplorer_org/abs/2022ApJ...930L..12E/abstract/data/filmstrip/4/ms_001933.png
01:32:38.141 - STREAM b'IHDR' 16 13
01:32:38.141 - STREAM b'pHYs' 41 9
01:32:38.141 - STREAM b'IDAT' 62 4096
01:32:38.149 - Calculating histogram for /sitespeed.io/20251114_203136/pages/scixplorer_org/abs/2022ApJ...930L..12E/abstract/data/filmstrip/4/ms_001966.png
01:32:38.149 - STREAM b'IHDR' 16 13
01:32:38.149 - STREAM b'pHYs' 41 9
01:32:38.149 - STREAM b'IDAT' 62 4096
01:32:38.159 - Calculating histogram for /sitespeed.io/20251114_203136/pages/scixplorer_org/abs/2022ApJ...930L..12E/abstract/data/filmstrip/4/ms_002000.png
01:32:38.159 - STREAM b'IHDR' 16 13
01:32:38.159 - STREAM b'pHYs' 41 9
01:32:38.159 - STREAM b'IDAT' 62 4096
01:32:38.167 - Calculating histogram for /sitespeed.io/20251114_203136/pages/scixplorer_org/abs/2022ApJ...930L..12E/abstract/data/filmstrip/4/ms_002033.png
01:32:38.167 - STREAM b'IHDR' 16 13
01:32:38.167 - STREAM b'pHYs' 41 9
01:32:38.167 - STREAM b'IDAT' 62 4096
01:32:38.175 - Calculating histogram for /sitespeed.io/20251114_203136/pages/scixplorer_org/abs/2022ApJ...930L..12E/abstract/data/filmstrip/4/ms_002066.png
01:32:38.176 - STREAM b'IHDR' 16 13
01:32:38.176 - STREAM b'pHYs' 41 9
01:32:38.176 - STREAM b'IDAT' 62 4096
01:32:38.184 - Calculating histogram for /sitespeed.io/20251114_203136/pages/scixplorer_org/abs/2022ApJ...930L..12E/abstract/data/filmstrip/4/ms_002100.png
01:32:38.184 - STREAM b'IHDR' 16 13
01:32:38.184 - STREAM b'pHYs' 41 9
01:32:38.184 - STREAM b'IDAT' 62 4096
01:32:38.192 - Calculating histogram for /sitespeed.io/20251114_203136/pages/scixplorer_org/abs/2022ApJ...930L..12E/abstract/data/filmstrip/4/ms_002133.png
01:32:38.192 - STREAM b'IHDR' 16 13
01:32:38.192 - STREAM b'pHYs' 41 9
01:32:38.192 - STREAM b'IDAT' 62 4096
01:32:38.218 - Done calculating histograms
01:32:38.219 - 0ms - 0% Complete
01:32:38.219 - 966ms - 75% Complete
01:32:38.219 - 1033ms - 75% Complete
01:32:38.220 - 1066ms - 75% Complete
01:32:38.220 - 1100ms - 76% Complete
01:32:38.220 - 1133ms - 76% Complete
01:32:38.220 - 1166ms - 76% Complete
01:32:38.220 - 1233ms - 76% Complete
01:32:38.221 - 1433ms - 76% Complete
01:32:38.221 - 1600ms - 76% Complete
01:32:38.221 - 1633ms - 76% Complete
01:32:38.221 - 1666ms - 76% Complete
01:32:38.221 - 1700ms - 76% Complete
01:32:38.222 - 1933ms - 76% Complete
01:32:38.222 - 1966ms - 97% Complete
01:32:38.222 - 2000ms - 97% Complete
01:32:38.222 - 2033ms - 97% Complete
01:32:38.222 - 2066ms - 98% Complete
01:32:38.222 - 2100ms - 99% Complete
01:32:38.223 - 2133ms - 100% Complete
01:32:38.223 - Hero elements file is not valid: None
01:32:38.223 - Converting video frames to JPEG
01:32:38.223 - STREAM b'IHDR' 16 13
01:32:38.223 - STREAM b'pHYs' 41 9
01:32:38.223 - STREAM b'IDAT' 62 634
01:32:38.223 - Unable to convert image to sRGB as there is no color profile to transform from.
01:32:38.224 - STREAM b'IHDR' 16 13
01:32:38.224 - STREAM b'pHYs' 41 9
01:32:38.224 - STREAM b'IDAT' 62 4096
01:32:38.224 - Unable to convert image to sRGB as there is no color profile to transform from.
01:32:38.225 - STREAM b'IHDR' 16 13
01:32:38.225 - STREAM b'pHYs' 41 9
01:32:38.225 - STREAM b'IDAT' 62 4096
01:32:38.225 - Unable to convert image to sRGB as there is no color profile to transform from.
01:32:38.226 - STREAM b'IHDR' 16 13
01:32:38.226 - STREAM b'pHYs' 41 9
01:32:38.226 - STREAM b'IDAT' 62 4096
01:32:38.226 - Unable to convert image to sRGB as there is no color profile to transform from.
01:32:38.227 - STREAM b'IHDR' 16 13
01:32:38.227 - STREAM b'pHYs' 41 9
01:32:38.227 - STREAM b'IDAT' 62 4096
01:32:38.227 - Unable to convert image to sRGB as there is no color profile to transform from.
01:32:38.228 - STREAM b'IHDR' 16 13
01:32:38.228 - STREAM b'pHYs' 41 9
01:32:38.228 - STREAM b'IDAT' 62 4096
01:32:38.228 - Unable to convert image to sRGB as there is no color profile to transform from.
01:32:38.229 - STREAM b'IHDR' 16 13
01:32:38.229 - STREAM b'pHYs' 41 9
01:32:38.229 - STREAM b'IDAT' 62 4096
01:32:38.229 - Unable to convert image to sRGB as there is no color profile to transform from.
01:32:38.230 - STREAM b'IHDR' 16 13
01:32:38.230 - STREAM b'pHYs' 41 9
01:32:38.230 - STREAM b'IDAT' 62 4096
01:32:38.230 - Unable to convert image to sRGB as there is no color profile to transform from.
01:32:38.231 - STREAM b'IHDR' 16 13
01:32:38.231 - STREAM b'pHYs' 41 9
01:32:38.231 - STREAM b'IDAT' 62 4096
01:32:38.231 - Unable to convert image to sRGB as there is no color profile to transform from.
01:32:38.232 - STREAM b'IHDR' 16 13
01:32:38.232 - STREAM b'pHYs' 41 9
01:32:38.232 - STREAM b'IDAT' 62 4096
01:32:38.232 - Unable to convert image to sRGB as there is no color profile to transform from.
01:32:38.233 - STREAM b'IHDR' 16 13
01:32:38.233 - STREAM b'pHYs' 41 9
01:32:38.233 - STREAM b'IDAT' 62 4096
01:32:38.233 - Unable to convert image to sRGB as there is no color profile to transform from.
01:32:38.234 - STREAM b'IHDR' 16 13
01:32:38.234 - STREAM b'pHYs' 41 9
01:32:38.234 - STREAM b'IDAT' 62 4096
01:32:38.234 - Unable to convert image to sRGB as there is no color profile to transform from.
01:32:38.235 - STREAM b'IHDR' 16 13
01:32:38.235 - STREAM b'pHYs' 41 9
01:32:38.235 - STREAM b'IDAT' 62 4096
01:32:38.235 - Unable to convert image to sRGB as there is no color profile to transform from.
01:32:38.236 - STREAM b'IHDR' 16 13
01:32:38.236 - STREAM b'pHYs' 41 9
01:32:38.236 - STREAM b'IDAT' 62 4096
01:32:38.236 - Unable to convert image to sRGB as there is no color profile to transform from.
01:32:38.237 - STREAM b'IHDR' 16 13
01:32:38.237 - STREAM b'pHYs' 41 9
01:32:38.237 - STREAM b'IDAT' 62 4096
01:32:38.237 - Unable to convert image to sRGB as there is no color profile to transform from.
01:32:38.238 - STREAM b'IHDR' 16 13
01:32:38.238 - STREAM b'pHYs' 41 9
01:32:38.238 - STREAM b'IDAT' 62 4096
01:32:38.238 - Unable to convert image to sRGB as there is no color profile to transform from.
01:32:38.239 - STREAM b'IHDR' 16 13
01:32:38.239 - STREAM b'pHYs' 41 9
01:32:38.239 - STREAM b'IDAT' 62 4096
01:32:38.239 - Unable to convert image to sRGB as there is no color profile to transform from.
01:32:38.240 - STREAM b'IHDR' 16 13
01:32:38.240 - STREAM b'pHYs' 41 9
01:32:38.240 - STREAM b'IDAT' 62 4096
01:32:38.240 - Unable to convert image to sRGB as there is no color profile to transform from.
01:32:38.241 - STREAM b'IHDR' 16 13
01:32:38.241 - STREAM b'pHYs' 41 9
01:32:38.241 - STREAM b'IDAT' 62 4096
01:32:38.241 - Unable to convert image to sRGB as there is no color profile to transform from.
01:32:38.242 - STREAM b'IHDR' 16 13
01:32:38.242 - STREAM b'pHYs' 41 9
01:32:38.242 - STREAM b'IDAT' 62 4096
01:32:38.242 - Unable to convert image to sRGB as there is no color profile to transform from.
01:32:38.243 - Done converting video frames to JPEG
