01:29:01.559 - FFMPEG found
01:29:01.559 - Python 3.6+ found
01:29:01.603 - Numpy found
01:29:01.623 - OpenCV-Python found
01:29:01.636 - Pillow found
01:29:01.890 - SSIM found
01:29:01.894 - Processing frames from video /sitespeed.io/20251114_202831/pages/scixplorer_org/abs/2022ApJ...930L..12E/abstract/data/video/2.mp4 to /sitespeed.io/20251114_202831/pages/scixplorer_org/abs/2022ApJ...930L..12E/abstract/data/filmstrip/2
01:29:01.894 - ['ffprobe', '/sitespeed.io/20251114_202831/pages/scixplorer_org/abs/2022ApJ...930L..12E/abstract/data/video/2.mp4']
01:29:01.900 - Finding Video Viewport...
01:29:01.900 - Using frame 0
01:29:01.962 - STREAM b'IHDR' 16 13
01:29:01.963 - STREAM b'pHYs' 41 9
01:29:01.963 - STREAM b'IDAT' 62 4096
01:29:01.963 - /sitespeed.io/20251114_202831/pages/scixplorer_org/abs/2022ApJ...930L..12E/abstract/data/filmstrip/2/viewport.png is 1366x708
01:29:01.963 - Finding the viewport for /sitespeed.io/20251114_202831/pages/scixplorer_org/abs/2022ApJ...930L..12E/abstract/data/filmstrip/2/viewport.png
01:29:01.963 - STREAM b'IHDR' 16 13
01:29:01.963 - STREAM b'pHYs' 41 9
01:29:01.963 - STREAM b'IDAT' 62 4096
01:29:01.968 - Viewport left edge is 0
01:29:01.968 - Viewport right edge is 1363
01:29:01.968 - Viewport top edge is 88
01:29:01.968 - Viewport bottom edge is 704
01:29:01.978 - Extracting frames from /sitespeed.io/20251114_202831/pages/scixplorer_org/abs/2022ApJ...930L..12E/abstract/data/video/2.mp4 to /sitespeed.io/20251114_202831/pages/scixplorer_org/abs/2022ApJ...930L..12E/abstract/data/filmstrip/2
01:29:01.981 - ffmpeg -v debug -i /sitespeed.io/20251114_202831/pages/scixplorer_org/abs/2022ApJ...930L..12E/abstract/data/video/2.mp4 -vsync 0 -vf crop=1363:616:0:88,scale=iw*min(400/iw\,400/ih):ih*min(400/iw\,400/ih),mpdecimate=0:64:640:0.001 /sitespeed.io/20251114_202831/pages/scixplorer_org/abs/2022ApJ...930L..12E/abstract/data/filmstrip/2/img-%d.png
01:29:02.137 - Renaming /sitespeed.io/20251114_202831/pages/scixplorer_org/abs/2022ApJ...930L..12E/abstract/data/filmstrip/2/img-1.png to /sitespeed.io/20251114_202831/pages/scixplorer_org/abs/2022ApJ...930L..12E/abstract/data/filmstrip/2/video-000000.png
01:29:02.137 - Renaming /sitespeed.io/20251114_202831/pages/scixplorer_org/abs/2022ApJ...930L..12E/abstract/data/filmstrip/2/img-2.png to /sitespeed.io/20251114_202831/pages/scixplorer_org/abs/2022ApJ...930L..12E/abstract/data/filmstrip/2/video-000900.png
01:29:02.137 - Renaming /sitespeed.io/20251114_202831/pages/scixplorer_org/abs/2022ApJ...930L..12E/abstract/data/filmstrip/2/img-3.png to /sitespeed.io/20251114_202831/pages/scixplorer_org/abs/2022ApJ...930L..12E/abstract/data/filmstrip/2/video-001433.png
01:29:02.137 - Renaming /sitespeed.io/20251114_202831/pages/scixplorer_org/abs/2022ApJ...930L..12E/abstract/data/filmstrip/2/img-4.png to /sitespeed.io/20251114_202831/pages/scixplorer_org/abs/2022ApJ...930L..12E/abstract/data/filmstrip/2/video-001533.png
01:29:02.137 - Renaming /sitespeed.io/20251114_202831/pages/scixplorer_org/abs/2022ApJ...930L..12E/abstract/data/filmstrip/2/img-5.png to /sitespeed.io/20251114_202831/pages/scixplorer_org/abs/2022ApJ...930L..12E/abstract/data/filmstrip/2/video-001566.png
01:29:02.137 - Renaming /sitespeed.io/20251114_202831/pages/scixplorer_org/abs/2022ApJ...930L..12E/abstract/data/filmstrip/2/img-6.png to /sitespeed.io/20251114_202831/pages/scixplorer_org/abs/2022ApJ...930L..12E/abstract/data/filmstrip/2/video-001600.png
01:29:02.138 - Renaming /sitespeed.io/20251114_202831/pages/scixplorer_org/abs/2022ApJ...930L..12E/abstract/data/filmstrip/2/img-7.png to /sitespeed.io/20251114_202831/pages/scixplorer_org/abs/2022ApJ...930L..12E/abstract/data/filmstrip/2/video-001666.png
01:29:02.138 - Renaming /sitespeed.io/20251114_202831/pages/scixplorer_org/abs/2022ApJ...930L..12E/abstract/data/filmstrip/2/img-8.png to /sitespeed.io/20251114_202831/pages/scixplorer_org/abs/2022ApJ...930L..12E/abstract/data/filmstrip/2/video-001700.png
01:29:02.138 - Renaming /sitespeed.io/20251114_202831/pages/scixplorer_org/abs/2022ApJ...930L..12E/abstract/data/filmstrip/2/img-9.png to /sitespeed.io/20251114_202831/pages/scixplorer_org/abs/2022ApJ...930L..12E/abstract/data/filmstrip/2/video-001733.png
01:29:02.138 - Renaming /sitespeed.io/20251114_202831/pages/scixplorer_org/abs/2022ApJ...930L..12E/abstract/data/filmstrip/2/img-10.png to /sitespeed.io/20251114_202831/pages/scixplorer_org/abs/2022ApJ...930L..12E/abstract/data/filmstrip/2/video-001766.png
01:29:02.138 - Renaming /sitespeed.io/20251114_202831/pages/scixplorer_org/abs/2022ApJ...930L..12E/abstract/data/filmstrip/2/img-11.png to /sitespeed.io/20251114_202831/pages/scixplorer_org/abs/2022ApJ...930L..12E/abstract/data/filmstrip/2/video-001933.png
01:29:02.138 - Renaming /sitespeed.io/20251114_202831/pages/scixplorer_org/abs/2022ApJ...930L..12E/abstract/data/filmstrip/2/img-12.png to /sitespeed.io/20251114_202831/pages/scixplorer_org/abs/2022ApJ...930L..12E/abstract/data/filmstrip/2/video-002066.png
01:29:02.138 - Renaming /sitespeed.io/20251114_202831/pages/scixplorer_org/abs/2022ApJ...930L..12E/abstract/data/filmstrip/2/img-13.png to /sitespeed.io/20251114_202831/pages/scixplorer_org/abs/2022ApJ...930L..12E/abstract/data/filmstrip/2/video-002266.png
01:29:02.138 - Renaming /sitespeed.io/20251114_202831/pages/scixplorer_org/abs/2022ApJ...930L..12E/abstract/data/filmstrip/2/img-14.png to /sitespeed.io/20251114_202831/pages/scixplorer_org/abs/2022ApJ...930L..12E/abstract/data/filmstrip/2/video-002300.png
01:29:02.138 - Renaming /sitespeed.io/20251114_202831/pages/scixplorer_org/abs/2022ApJ...930L..12E/abstract/data/filmstrip/2/img-15.png to /sitespeed.io/20251114_202831/pages/scixplorer_org/abs/2022ApJ...930L..12E/abstract/data/filmstrip/2/video-002333.png
01:29:02.138 - Renaming /sitespeed.io/20251114_202831/pages/scixplorer_org/abs/2022ApJ...930L..12E/abstract/data/filmstrip/2/img-16.png to /sitespeed.io/20251114_202831/pages/scixplorer_org/abs/2022ApJ...930L..12E/abstract/data/filmstrip/2/video-002366.png
01:29:02.138 - Renaming /sitespeed.io/20251114_202831/pages/scixplorer_org/abs/2022ApJ...930L..12E/abstract/data/filmstrip/2/img-17.png to /sitespeed.io/20251114_202831/pages/scixplorer_org/abs/2022ApJ...930L..12E/abstract/data/filmstrip/2/video-002400.png
01:29:02.138 - Renaming /sitespeed.io/20251114_202831/pages/scixplorer_org/abs/2022ApJ...930L..12E/abstract/data/filmstrip/2/img-18.png to /sitespeed.io/20251114_202831/pages/scixplorer_org/abs/2022ApJ...930L..12E/abstract/data/filmstrip/2/video-002433.png
01:29:02.138 - Renaming /sitespeed.io/20251114_202831/pages/scixplorer_org/abs/2022ApJ...930L..12E/abstract/data/filmstrip/2/img-19.png to /sitespeed.io/20251114_202831/pages/scixplorer_org/abs/2022ApJ...930L..12E/abstract/data/filmstrip/2/video-002466.png
01:29:02.138 - Renaming /sitespeed.io/20251114_202831/pages/scixplorer_org/abs/2022ApJ...930L..12E/abstract/data/filmstrip/2/img-20.png to /sitespeed.io/20251114_202831/pages/scixplorer_org/abs/2022ApJ...930L..12E/abstract/data/filmstrip/2/video-002500.png
01:29:02.138 - Renaming /sitespeed.io/20251114_202831/pages/scixplorer_org/abs/2022ApJ...930L..12E/abstract/data/filmstrip/2/img-21.png to /sitespeed.io/20251114_202831/pages/scixplorer_org/abs/2022ApJ...930L..12E/abstract/data/filmstrip/2/video-002600.png
01:29:02.138 - Renaming /sitespeed.io/20251114_202831/pages/scixplorer_org/abs/2022ApJ...930L..12E/abstract/data/filmstrip/2/img-22.png to /sitespeed.io/20251114_202831/pages/scixplorer_org/abs/2022ApJ...930L..12E/abstract/data/filmstrip/2/video-003900.png
01:29:02.138 - Renaming /sitespeed.io/20251114_202831/pages/scixplorer_org/abs/2022ApJ...930L..12E/abstract/data/filmstrip/2/img-23.png to /sitespeed.io/20251114_202831/pages/scixplorer_org/abs/2022ApJ...930L..12E/abstract/data/filmstrip/2/video-003966.png
01:29:02.138 - Renaming /sitespeed.io/20251114_202831/pages/scixplorer_org/abs/2022ApJ...930L..12E/abstract/data/filmstrip/2/img-24.png to /sitespeed.io/20251114_202831/pages/scixplorer_org/abs/2022ApJ...930L..12E/abstract/data/filmstrip/2/video-004000.png
01:29:02.138 - Renaming /sitespeed.io/20251114_202831/pages/scixplorer_org/abs/2022ApJ...930L..12E/abstract/data/filmstrip/2/img-25.png to /sitespeed.io/20251114_202831/pages/scixplorer_org/abs/2022ApJ...930L..12E/abstract/data/filmstrip/2/video-004066.png
01:29:02.139 - Scanning for non-orange frames...
01:29:02.139 - STREAM b'IHDR' 16 13
01:29:02.139 - STREAM b'pHYs' 41 9
01:29:02.139 - STREAM b'IDAT' 62 658
01:29:02.139 - STREAM b'IHDR' 16 13
01:29:02.139 - STREAM b'pHYs' 41 9
01:29:02.139 - STREAM b'IDAT' 62 658
01:29:02.140 - STREAM b'IHDR' 16 13
01:29:02.140 - STREAM b'IDAT' 41 535
01:29:02.142 - Scanning for orange frames...
01:29:02.142 - Removing Orange frame: /sitespeed.io/20251114_202831/pages/scixplorer_org/abs/2022ApJ...930L..12E/abstract/data/filmstrip/2/video-000000.png
01:29:02.142 - STREAM b'IHDR' 16 13
01:29:02.142 - STREAM b'pHYs' 41 9
01:29:02.142 - STREAM b'IDAT' 62 634
01:29:02.142 - STREAM b'IHDR' 16 13
01:29:02.142 - STREAM b'pHYs' 41 9
01:29:02.142 - STREAM b'IDAT' 62 634
01:29:02.143 - STREAM b'IHDR' 16 13
01:29:02.143 - STREAM b'IDAT' 41 535
01:29:02.144 - STREAM b'IHDR' 16 13
01:29:02.144 - STREAM b'pHYs' 41 9
01:29:02.144 - STREAM b'IDAT' 62 634
01:29:02.145 - STREAM b'IHDR' 16 13
01:29:02.145 - STREAM b'IDAT' 41 535
01:29:02.145 - STREAM b'IHDR' 16 13
01:29:02.146 - STREAM b'pHYs' 41 9
01:29:02.146 - STREAM b'IDAT' 62 634
01:29:02.147 - STREAM b'IHDR' 16 13
01:29:02.147 - STREAM b'IDAT' 41 535
01:29:02.147 - STREAM b'IHDR' 16 13
01:29:02.147 - STREAM b'pHYs' 41 9
01:29:02.147 - STREAM b'IDAT' 62 4096
01:29:02.147 - STREAM b'IHDR' 16 13
01:29:02.147 - STREAM b'pHYs' 41 9
01:29:02.147 - STREAM b'IDAT' 62 4096
01:29:02.149 - STREAM b'IHDR' 16 13
01:29:02.149 - STREAM b'IDAT' 41 535
01:29:02.150 - STREAM b'IHDR' 16 13
01:29:02.150 - STREAM b'pHYs' 41 9
01:29:02.150 - STREAM b'IDAT' 62 4096
01:29:02.151 - STREAM b'IHDR' 16 13
01:29:02.151 - STREAM b'IDAT' 41 535
01:29:02.152 - STREAM b'IHDR' 16 13
01:29:02.152 - STREAM b'pHYs' 41 9
01:29:02.152 - STREAM b'IDAT' 62 4096
01:29:02.154 - STREAM b'IHDR' 16 13
01:29:02.154 - STREAM b'IDAT' 41 535
01:29:02.154 - Finding Render Start...
01:29:02.154 - STREAM b'IHDR' 16 13
01:29:02.154 - STREAM b'pHYs' 41 9
01:29:02.155 - STREAM b'IDAT' 62 634
01:29:02.155 - STREAM b'IHDR' 16 13
01:29:02.155 - STREAM b'pHYs' 41 9
01:29:02.155 - STREAM b'IDAT' 62 634
01:29:02.155 - STREAM b'IHDR' 16 13
01:29:02.155 - STREAM b'pHYs' 41 9
01:29:02.155 - STREAM b'IDAT' 62 4096
01:29:02.158 - STREAM b'IHDR' 16 13
01:29:02.158 - STREAM b'pHYs' 41 9
01:29:02.158 - STREAM b'IDAT' 62 4096
01:29:02.158 - STREAM b'IHDR' 16 13
01:29:02.159 - STREAM b'pHYs' 41 9
01:29:02.159 - STREAM b'IDAT' 62 4096
01:29:02.160 - STREAM b'IHDR' 16 13
01:29:02.160 - STREAM b'IDAT' 41 535
01:29:02.160 - STREAM b'IHDR' 16 13
01:29:02.160 - STREAM b'pHYs' 41 9
01:29:02.161 - STREAM b'IDAT' 62 4096
01:29:02.162 - STREAM b'IHDR' 16 13
01:29:02.162 - STREAM b'IDAT' 41 535
01:29:02.162 - STREAM b'IHDR' 16 13
01:29:02.162 - STREAM b'pHYs' 41 9
01:29:02.162 - STREAM b'IDAT' 62 4096
01:29:02.164 - STREAM b'IHDR' 16 13
01:29:02.164 - STREAM b'IDAT' 41 535
01:29:02.165 - Eliminating Duplicate Frames...
01:29:02.165 - STREAM b'IHDR' 16 13
01:29:02.165 - STREAM b'pHYs' 41 9
01:29:02.165 - STREAM b'IDAT' 62 634
01:29:02.165 - Viewport cropping set to (W, H, L, T): (400, 170, 0, 0)
01:29:02.166 - STREAM b'IHDR' 16 13
01:29:02.166 - STREAM b'pHYs' 41 9
01:29:02.166 - STREAM b'IDAT' 62 634
01:29:02.166 - STREAM b'IHDR' 16 13
01:29:02.166 - STREAM b'pHYs' 41 9
01:29:02.166 - STREAM b'IDAT' 62 4096
01:29:02.170 - STREAM b'IHDR' 16 13
01:29:02.170 - STREAM b'pHYs' 41 9
01:29:02.170 - STREAM b'IDAT' 62 4096
01:29:02.170 - STREAM b'IHDR' 16 13
01:29:02.170 - STREAM b'pHYs' 41 9
01:29:02.170 - STREAM b'IDAT' 62 4096
01:29:02.173 - STREAM b'IHDR' 16 13
01:29:02.174 - STREAM b'pHYs' 41 9
01:29:02.174 - STREAM b'IDAT' 62 4096
01:29:02.174 - STREAM b'IHDR' 16 13
01:29:02.174 - STREAM b'pHYs' 41 9
01:29:02.174 - STREAM b'IDAT' 62 4096
01:29:02.177 - Removing duplicate frame /sitespeed.io/20251114_202831/pages/scixplorer_org/abs/2022ApJ...930L..12E/abstract/data/filmstrip/2/ms_003100.png from the end
01:29:02.177 - STREAM b'IHDR' 16 13
01:29:02.177 - STREAM b'pHYs' 41 9
01:29:02.177 - STREAM b'IDAT' 62 4096
01:29:02.177 - STREAM b'IHDR' 16 13
01:29:02.177 - STREAM b'pHYs' 41 9
01:29:02.177 - STREAM b'IDAT' 62 4096
01:29:02.181 - Removing duplicate frame /sitespeed.io/20251114_202831/pages/scixplorer_org/abs/2022ApJ...930L..12E/abstract/data/filmstrip/2/ms_003066.png from the end
01:29:02.181 - STREAM b'IHDR' 16 13
01:29:02.181 - STREAM b'pHYs' 41 9
01:29:02.181 - STREAM b'IDAT' 62 4096
01:29:02.181 - STREAM b'IHDR' 16 13
01:29:02.181 - STREAM b'pHYs' 41 9
01:29:02.181 - STREAM b'IDAT' 62 4096
01:29:02.185 - Removing duplicate frame /sitespeed.io/20251114_202831/pages/scixplorer_org/abs/2022ApJ...930L..12E/abstract/data/filmstrip/2/ms_003000.png from the end
01:29:02.185 - STREAM b'IHDR' 16 13
01:29:02.185 - STREAM b'pHYs' 41 9
01:29:02.185 - STREAM b'IDAT' 62 4096
01:29:02.185 - STREAM b'IHDR' 16 13
01:29:02.185 - STREAM b'pHYs' 41 9
01:29:02.185 - STREAM b'IDAT' 62 4096
01:29:02.189 - Removing duplicate frame /sitespeed.io/20251114_202831/pages/scixplorer_org/abs/2022ApJ...930L..12E/abstract/data/filmstrip/2/ms_001700.png from the end
01:29:02.189 - STREAM b'IHDR' 16 13
01:29:02.189 - STREAM b'pHYs' 41 9
01:29:02.189 - STREAM b'IDAT' 62 4096
01:29:02.189 - STREAM b'IHDR' 16 13
01:29:02.189 - STREAM b'pHYs' 41 9
01:29:02.189 - STREAM b'IDAT' 62 4096
01:29:02.193 - Removing duplicate frame /sitespeed.io/20251114_202831/pages/scixplorer_org/abs/2022ApJ...930L..12E/abstract/data/filmstrip/2/ms_001600.png from the end
01:29:02.193 - STREAM b'IHDR' 16 13
01:29:02.193 - STREAM b'pHYs' 41 9
01:29:02.193 - STREAM b'IDAT' 62 4096
01:29:02.193 - STREAM b'IHDR' 16 13
01:29:02.193 - STREAM b'pHYs' 41 9
01:29:02.193 - STREAM b'IDAT' 62 4096
01:29:02.196 - Removing duplicate frame /sitespeed.io/20251114_202831/pages/scixplorer_org/abs/2022ApJ...930L..12E/abstract/data/filmstrip/2/ms_001566.png from the end
01:29:02.197 - STREAM b'IHDR' 16 13
01:29:02.197 - STREAM b'pHYs' 41 9
01:29:02.197 - STREAM b'IDAT' 62 4096
01:29:02.197 - STREAM b'IHDR' 16 13
01:29:02.197 - STREAM b'pHYs' 41 9
01:29:02.197 - STREAM b'IDAT' 62 4096
01:29:02.200 - Removing duplicate frame /sitespeed.io/20251114_202831/pages/scixplorer_org/abs/2022ApJ...930L..12E/abstract/data/filmstrip/2/ms_003166.png from the end
01:29:02.211 - Calculating image histograms
01:29:02.211 - Calculating histogram for /sitespeed.io/20251114_202831/pages/scixplorer_org/abs/2022ApJ...930L..12E/abstract/data/filmstrip/2/ms_000000.png
01:29:02.211 - STREAM b'IHDR' 16 13
01:29:02.211 - STREAM b'pHYs' 41 9
01:29:02.211 - STREAM b'IDAT' 62 634
01:29:02.217 - Calculating histogram for /sitespeed.io/20251114_202831/pages/scixplorer_org/abs/2022ApJ...930L..12E/abstract/data/filmstrip/2/ms_000533.png
01:29:02.217 - STREAM b'IHDR' 16 13
01:29:02.217 - STREAM b'pHYs' 41 9
01:29:02.217 - STREAM b'IDAT' 62 4096
01:29:02.225 - Calculating histogram for /sitespeed.io/20251114_202831/pages/scixplorer_org/abs/2022ApJ...930L..12E/abstract/data/filmstrip/2/ms_000633.png
01:29:02.225 - STREAM b'IHDR' 16 13
01:29:02.225 - STREAM b'pHYs' 41 9
01:29:02.225 - STREAM b'IDAT' 62 4096
01:29:02.232 - Calculating histogram for /sitespeed.io/20251114_202831/pages/scixplorer_org/abs/2022ApJ...930L..12E/abstract/data/filmstrip/2/ms_000666.png
01:29:02.232 - STREAM b'IHDR' 16 13
01:29:02.232 - STREAM b'pHYs' 41 9
01:29:02.232 - STREAM b'IDAT' 62 4096
01:29:02.239 - Calculating histogram for /sitespeed.io/20251114_202831/pages/scixplorer_org/abs/2022ApJ...930L..12E/abstract/data/filmstrip/2/ms_000700.png
01:29:02.239 - STREAM b'IHDR' 16 13
01:29:02.239 - STREAM b'pHYs' 41 9
01:29:02.239 - STREAM b'IDAT' 62 4096
01:29:02.246 - Calculating histogram for /sitespeed.io/20251114_202831/pages/scixplorer_org/abs/2022ApJ...930L..12E/abstract/data/filmstrip/2/ms_000766.png
01:29:02.246 - STREAM b'IHDR' 16 13
01:29:02.246 - STREAM b'pHYs' 41 9
01:29:02.246 - STREAM b'IDAT' 62 4096
01:29:02.253 - Calculating histogram for /sitespeed.io/20251114_202831/pages/scixplorer_org/abs/2022ApJ...930L..12E/abstract/data/filmstrip/2/ms_000800.png
01:29:02.253 - STREAM b'IHDR' 16 13
01:29:02.253 - STREAM b'pHYs' 41 9
01:29:02.253 - STREAM b'IDAT' 62 4096
01:29:02.260 - Calculating histogram for /sitespeed.io/20251114_202831/pages/scixplorer_org/abs/2022ApJ...930L..12E/abstract/data/filmstrip/2/ms_000833.png
01:29:02.260 - STREAM b'IHDR' 16 13
01:29:02.260 - STREAM b'pHYs' 41 9
01:29:02.260 - STREAM b'IDAT' 62 4096
01:29:02.267 - Calculating histogram for /sitespeed.io/20251114_202831/pages/scixplorer_org/abs/2022ApJ...930L..12E/abstract/data/filmstrip/2/ms_000866.png
01:29:02.267 - STREAM b'IHDR' 16 13
01:29:02.267 - STREAM b'pHYs' 41 9
01:29:02.267 - STREAM b'IDAT' 62 4096
01:29:02.274 - Calculating histogram for /sitespeed.io/20251114_202831/pages/scixplorer_org/abs/2022ApJ...930L..12E/abstract/data/filmstrip/2/ms_001033.png
01:29:02.274 - STREAM b'IHDR' 16 13
01:29:02.274 - STREAM b'pHYs' 41 9
01:29:02.274 - STREAM b'IDAT' 62 4096
01:29:02.281 - Calculating histogram for /sitespeed.io/20251114_202831/pages/scixplorer_org/abs/2022ApJ...930L..12E/abstract/data/filmstrip/2/ms_001166.png
01:29:02.281 - STREAM b'IHDR' 16 13
01:29:02.281 - STREAM b'pHYs' 41 9
01:29:02.282 - STREAM b'IDAT' 62 4096
01:29:02.289 - Calculating histogram for /sitespeed.io/20251114_202831/pages/scixplorer_org/abs/2022ApJ...930L..12E/abstract/data/filmstrip/2/ms_001366.png
01:29:02.290 - STREAM b'IHDR' 16 13
01:29:02.290 - STREAM b'pHYs' 41 9
01:29:02.290 - STREAM b'IDAT' 62 4096
01:29:02.298 - Calculating histogram for /sitespeed.io/20251114_202831/pages/scixplorer_org/abs/2022ApJ...930L..12E/abstract/data/filmstrip/2/ms_001400.png
01:29:02.298 - STREAM b'IHDR' 16 13
01:29:02.298 - STREAM b'pHYs' 41 9
01:29:02.298 - STREAM b'IDAT' 62 4096
01:29:02.307 - Calculating histogram for /sitespeed.io/20251114_202831/pages/scixplorer_org/abs/2022ApJ...930L..12E/abstract/data/filmstrip/2/ms_001433.png
01:29:02.307 - STREAM b'IHDR' 16 13
01:29:02.307 - STREAM b'pHYs' 41 9
01:29:02.307 - STREAM b'IDAT' 62 4096
01:29:02.314 - Calculating histogram for /sitespeed.io/20251114_202831/pages/scixplorer_org/abs/2022ApJ...930L..12E/abstract/data/filmstrip/2/ms_001466.png
01:29:02.314 - STREAM b'IHDR' 16 13
01:29:02.314 - STREAM b'pHYs' 41 9
01:29:02.314 - STREAM b'IDAT' 62 4096
01:29:02.322 - Calculating histogram for /sitespeed.io/20251114_202831/pages/scixplorer_org/abs/2022ApJ...930L..12E/abstract/data/filmstrip/2/ms_001500.png
01:29:02.322 - STREAM b'IHDR' 16 13
01:29:02.322 - STREAM b'pHYs' 41 9
01:29:02.322 - STREAM b'IDAT' 62 4096
01:29:02.330 - Calculating histogram for /sitespeed.io/20251114_202831/pages/scixplorer_org/abs/2022ApJ...930L..12E/abstract/data/filmstrip/2/ms_001533.png
01:29:02.330 - STREAM b'IHDR' 16 13
01:29:02.330 - STREAM b'pHYs' 41 9
01:29:02.330 - STREAM b'IDAT' 62 4096
01:29:02.352 - Done calculating histograms
01:29:02.353 - 0ms - 0% Complete
01:29:02.353 - 533ms - 75% Complete
01:29:02.353 - 633ms - 75% Complete
01:29:02.354 - 666ms - 75% Complete
01:29:02.354 - 700ms - 76% Complete
01:29:02.354 - 766ms - 76% Complete
01:29:02.354 - 800ms - 76% Complete
01:29:02.354 - 833ms - 76% Complete
01:29:02.355 - 866ms - 76% Complete
01:29:02.355 - 1033ms - 76% Complete
01:29:02.355 - 1166ms - 77% Complete
01:29:02.355 - 1366ms - 98% Complete
01:29:02.355 - 1400ms - 98% Complete
01:29:02.356 - 1433ms - 98% Complete
01:29:02.356 - 1466ms - 98% Complete
01:29:02.356 - 1500ms - 98% Complete
01:29:02.356 - 1533ms - 100% Complete
01:29:02.356 - Hero elements file is not valid: None
01:29:02.356 - Converting video frames to JPEG
01:29:02.356 - STREAM b'IHDR' 16 13
01:29:02.356 - STREAM b'pHYs' 41 9
01:29:02.356 - STREAM b'IDAT' 62 634
01:29:02.356 - Unable to convert image to sRGB as there is no color profile to transform from.
01:29:02.357 - STREAM b'IHDR' 16 13
01:29:02.357 - STREAM b'pHYs' 41 9
01:29:02.357 - STREAM b'IDAT' 62 4096
01:29:02.357 - Unable to convert image to sRGB as there is no color profile to transform from.
01:29:02.358 - STREAM b'IHDR' 16 13
01:29:02.358 - STREAM b'pHYs' 41 9
01:29:02.358 - STREAM b'IDAT' 62 4096
01:29:02.358 - Unable to convert image to sRGB as there is no color profile to transform from.
01:29:02.359 - STREAM b'IHDR' 16 13
01:29:02.359 - STREAM b'pHYs' 41 9
01:29:02.359 - STREAM b'IDAT' 62 4096
01:29:02.359 - Unable to convert image to sRGB as there is no color profile to transform from.
01:29:02.360 - STREAM b'IHDR' 16 13
01:29:02.360 - STREAM b'pHYs' 41 9
01:29:02.360 - STREAM b'IDAT' 62 4096
01:29:02.360 - Unable to convert image to sRGB as there is no color profile to transform from.
01:29:02.361 - STREAM b'IHDR' 16 13
01:29:02.361 - STREAM b'pHYs' 41 9
01:29:02.361 - STREAM b'IDAT' 62 4096
01:29:02.361 - Unable to convert image to sRGB as there is no color profile to transform from.
01:29:02.362 - STREAM b'IHDR' 16 13
01:29:02.362 - STREAM b'pHYs' 41 9
01:29:02.362 - STREAM b'IDAT' 62 4096
01:29:02.362 - Unable to convert image to sRGB as there is no color profile to transform from.
01:29:02.363 - STREAM b'IHDR' 16 13
01:29:02.363 - STREAM b'pHYs' 41 9
01:29:02.363 - STREAM b'IDAT' 62 4096
01:29:02.363 - Unable to convert image to sRGB as there is no color profile to transform from.
01:29:02.364 - STREAM b'IHDR' 16 13
01:29:02.364 - STREAM b'pHYs' 41 9
01:29:02.364 - STREAM b'IDAT' 62 4096
01:29:02.364 - Unable to convert image to sRGB as there is no color profile to transform from.
01:29:02.365 - STREAM b'IHDR' 16 13
01:29:02.365 - STREAM b'pHYs' 41 9
01:29:02.365 - STREAM b'IDAT' 62 4096
01:29:02.365 - Unable to convert image to sRGB as there is no color profile to transform from.
01:29:02.366 - STREAM b'IHDR' 16 13
01:29:02.366 - STREAM b'pHYs' 41 9
01:29:02.366 - STREAM b'IDAT' 62 4096
01:29:02.366 - Unable to convert image to sRGB as there is no color profile to transform from.
01:29:02.367 - STREAM b'IHDR' 16 13
01:29:02.367 - STREAM b'pHYs' 41 9
01:29:02.367 - STREAM b'IDAT' 62 4096
01:29:02.367 - Unable to convert image to sRGB as there is no color profile to transform from.
01:29:02.368 - STREAM b'IHDR' 16 13
01:29:02.368 - STREAM b'pHYs' 41 9
01:29:02.368 - STREAM b'IDAT' 62 4096
01:29:02.368 - Unable to convert image to sRGB as there is no color profile to transform from.
01:29:02.369 - STREAM b'IHDR' 16 13
01:29:02.369 - STREAM b'pHYs' 41 9
01:29:02.369 - STREAM b'IDAT' 62 4096
01:29:02.369 - Unable to convert image to sRGB as there is no color profile to transform from.
01:29:02.370 - STREAM b'IHDR' 16 13
01:29:02.370 - STREAM b'pHYs' 41 9
01:29:02.370 - STREAM b'IDAT' 62 4096
01:29:02.370 - Unable to convert image to sRGB as there is no color profile to transform from.
01:29:02.371 - STREAM b'IHDR' 16 13
01:29:02.371 - STREAM b'pHYs' 41 9
01:29:02.371 - STREAM b'IDAT' 62 4096
01:29:02.371 - Unable to convert image to sRGB as there is no color profile to transform from.
01:29:02.372 - STREAM b'IHDR' 16 13
01:29:02.372 - STREAM b'pHYs' 41 9
01:29:02.372 - STREAM b'IDAT' 62 4096
01:29:02.372 - Unable to convert image to sRGB as there is no color profile to transform from.
01:29:02.373 - Done converting video frames to JPEG
