02:31:10.262 - FFMPEG found
02:31:10.262 - Python 3.6+ found
02:31:10.305 - Numpy found
02:31:10.325 - OpenCV-Python found
02:31:10.338 - Pillow found
02:31:10.594 - SSIM found
02:31:10.598 - Processing frames from video /sitespeed.io/20251114_212547/pages/arxiv_org/data/video/3.mp4 to /sitespeed.io/20251114_212547/pages/arxiv_org/data/filmstrip/3
02:31:10.598 - ['ffprobe', '/sitespeed.io/20251114_212547/pages/arxiv_org/data/video/3.mp4']
02:31:10.604 - Finding Video Viewport...
02:31:10.604 - Using frame 0
02:31:10.668 - STREAM b'IHDR' 16 13
02:31:10.668 - STREAM b'pHYs' 41 9
02:31:10.668 - STREAM b'IDAT' 62 4096
02:31:10.668 - /sitespeed.io/20251114_212547/pages/arxiv_org/data/filmstrip/3/viewport.png is 1366x708
02:31:10.668 - Finding the viewport for /sitespeed.io/20251114_212547/pages/arxiv_org/data/filmstrip/3/viewport.png
02:31:10.669 - STREAM b'IHDR' 16 13
02:31:10.669 - STREAM b'pHYs' 41 9
02:31:10.669 - STREAM b'IDAT' 62 4096
02:31:10.673 - Viewport left edge is 0
02:31:10.674 - Viewport right edge is 1363
02:31:10.674 - Viewport top edge is 88
02:31:10.674 - Viewport bottom edge is 704
02:31:10.683 - Extracting frames from /sitespeed.io/20251114_212547/pages/arxiv_org/data/video/3.mp4 to /sitespeed.io/20251114_212547/pages/arxiv_org/data/filmstrip/3
02:31:10.686 - ffmpeg -v debug -i /sitespeed.io/20251114_212547/pages/arxiv_org/data/video/3.mp4 -vsync 0 -vf crop=1363:616:0:88,scale=iw*min(400/iw\,400/ih):ih*min(400/iw\,400/ih),mpdecimate=0:64:640:0.001 /sitespeed.io/20251114_212547/pages/arxiv_org/data/filmstrip/3/img-%d.png
02:31:10.821 - Renaming /sitespeed.io/20251114_212547/pages/arxiv_org/data/filmstrip/3/img-1.png to /sitespeed.io/20251114_212547/pages/arxiv_org/data/filmstrip/3/video-000000.png
02:31:10.821 - Renaming /sitespeed.io/20251114_212547/pages/arxiv_org/data/filmstrip/3/img-2.png to /sitespeed.io/20251114_212547/pages/arxiv_org/data/filmstrip/3/video-000900.png
02:31:10.821 - Renaming /sitespeed.io/20251114_212547/pages/arxiv_org/data/filmstrip/3/img-3.png to /sitespeed.io/20251114_212547/pages/arxiv_org/data/filmstrip/3/video-001033.png
02:31:10.821 - Renaming /sitespeed.io/20251114_212547/pages/arxiv_org/data/filmstrip/3/img-4.png to /sitespeed.io/20251114_212547/pages/arxiv_org/data/filmstrip/3/video-001133.png
02:31:10.822 - Scanning for non-orange frames...
02:31:10.822 - STREAM b'IHDR' 16 13
02:31:10.822 - STREAM b'pHYs' 41 9
02:31:10.822 - STREAM b'IDAT' 62 658
02:31:10.822 - STREAM b'IHDR' 16 13
02:31:10.822 - STREAM b'pHYs' 41 9
02:31:10.822 - STREAM b'IDAT' 62 658
02:31:10.823 - STREAM b'IHDR' 16 13
02:31:10.823 - STREAM b'IDAT' 41 535
02:31:10.825 - Scanning for orange frames...
02:31:10.825 - Removing Orange frame: /sitespeed.io/20251114_212547/pages/arxiv_org/data/filmstrip/3/video-000000.png
02:31:10.825 - STREAM b'IHDR' 16 13
02:31:10.825 - STREAM b'pHYs' 41 9
02:31:10.825 - STREAM b'IDAT' 62 641
02:31:10.825 - STREAM b'IHDR' 16 13
02:31:10.825 - STREAM b'pHYs' 41 9
02:31:10.825 - STREAM b'IDAT' 62 641
02:31:10.826 - STREAM b'IHDR' 16 13
02:31:10.826 - STREAM b'IDAT' 41 535
02:31:10.827 - STREAM b'IHDR' 16 13
02:31:10.827 - STREAM b'pHYs' 41 9
02:31:10.827 - STREAM b'IDAT' 62 641
02:31:10.828 - STREAM b'IHDR' 16 13
02:31:10.828 - STREAM b'IDAT' 41 535
02:31:10.829 - STREAM b'IHDR' 16 13
02:31:10.829 - STREAM b'pHYs' 41 9
02:31:10.830 - STREAM b'IDAT' 62 641
02:31:10.831 - STREAM b'IHDR' 16 13
02:31:10.831 - STREAM b'IDAT' 41 535
02:31:10.832 - STREAM b'IHDR' 16 13
02:31:10.832 - STREAM b'pHYs' 41 9
02:31:10.832 - STREAM b'IDAT' 62 4096
02:31:10.832 - STREAM b'IHDR' 16 13
02:31:10.832 - STREAM b'pHYs' 41 9
02:31:10.832 - STREAM b'IDAT' 62 4096
02:31:10.833 - STREAM b'IHDR' 16 13
02:31:10.833 - STREAM b'IDAT' 41 535
02:31:10.834 - STREAM b'IHDR' 16 13
02:31:10.834 - STREAM b'pHYs' 41 9
02:31:10.834 - STREAM b'IDAT' 62 4096
02:31:10.835 - STREAM b'IHDR' 16 13
02:31:10.835 - STREAM b'IDAT' 41 535
02:31:10.836 - STREAM b'IHDR' 16 13
02:31:10.836 - STREAM b'pHYs' 41 9
02:31:10.836 - STREAM b'IDAT' 62 4096
02:31:10.837 - STREAM b'IHDR' 16 13
02:31:10.837 - STREAM b'IDAT' 41 535
02:31:10.838 - Finding Render Start...
02:31:10.838 - STREAM b'IHDR' 16 13
02:31:10.838 - STREAM b'pHYs' 41 9
02:31:10.838 - STREAM b'IDAT' 62 641
02:31:10.838 - STREAM b'IHDR' 16 13
02:31:10.838 - STREAM b'pHYs' 41 9
02:31:10.838 - STREAM b'IDAT' 62 641
02:31:10.838 - STREAM b'IHDR' 16 13
02:31:10.838 - STREAM b'pHYs' 41 9
02:31:10.839 - STREAM b'IDAT' 62 4096
02:31:10.842 - STREAM b'IHDR' 16 13
02:31:10.842 - STREAM b'pHYs' 41 9
02:31:10.842 - STREAM b'IDAT' 62 4096
02:31:10.842 - STREAM b'IHDR' 16 13
02:31:10.842 - STREAM b'pHYs' 41 9
02:31:10.842 - STREAM b'IDAT' 62 4096
02:31:10.843 - STREAM b'IHDR' 16 13
02:31:10.843 - STREAM b'IDAT' 41 535
02:31:10.844 - STREAM b'IHDR' 16 13
02:31:10.844 - STREAM b'pHYs' 41 9
02:31:10.844 - STREAM b'IDAT' 62 4096
02:31:10.845 - STREAM b'IHDR' 16 13
02:31:10.845 - STREAM b'IDAT' 41 535
02:31:10.846 - STREAM b'IHDR' 16 13
02:31:10.846 - STREAM b'pHYs' 41 9
02:31:10.846 - STREAM b'IDAT' 62 4096
02:31:10.847 - STREAM b'IHDR' 16 13
02:31:10.847 - STREAM b'IDAT' 41 535
02:31:10.848 - Eliminating Duplicate Frames...
02:31:10.848 - STREAM b'IHDR' 16 13
02:31:10.848 - STREAM b'pHYs' 41 9
02:31:10.848 - STREAM b'IDAT' 62 641
02:31:10.848 - Viewport cropping set to (W, H, L, T): (400, 170, 0, 0)
02:31:10.848 - STREAM b'IHDR' 16 13
02:31:10.848 - STREAM b'pHYs' 41 9
02:31:10.849 - STREAM b'IDAT' 62 641
02:31:10.849 - STREAM b'IHDR' 16 13
02:31:10.849 - STREAM b'pHYs' 41 9
02:31:10.849 - STREAM b'IDAT' 62 4096
02:31:10.852 - STREAM b'IHDR' 16 13
02:31:10.852 - STREAM b'pHYs' 41 9
02:31:10.852 - STREAM b'IDAT' 62 4096
02:31:10.852 - STREAM b'IHDR' 16 13
02:31:10.852 - STREAM b'pHYs' 41 9
02:31:10.852 - STREAM b'IDAT' 62 4096
02:31:10.857 - STREAM b'IHDR' 16 13
02:31:10.857 - STREAM b'pHYs' 41 9
02:31:10.857 - STREAM b'IDAT' 62 4096
02:31:10.857 - STREAM b'IHDR' 16 13
02:31:10.857 - STREAM b'pHYs' 41 9
02:31:10.857 - STREAM b'IDAT' 62 641
02:31:10.861 - Removing duplicate frame /sitespeed.io/20251114_212547/pages/arxiv_org/data/filmstrip/3/ms_000233.png from the end
02:31:10.869 - Calculating image histograms
02:31:10.870 - Calculating histogram for /sitespeed.io/20251114_212547/pages/arxiv_org/data/filmstrip/3/ms_000000.png
02:31:10.870 - STREAM b'IHDR' 16 13
02:31:10.870 - STREAM b'pHYs' 41 9
02:31:10.870 - STREAM b'IDAT' 62 641
02:31:10.875 - Calculating histogram for /sitespeed.io/20251114_212547/pages/arxiv_org/data/filmstrip/3/ms_000133.png
02:31:10.875 - STREAM b'IHDR' 16 13
02:31:10.875 - STREAM b'pHYs' 41 9
02:31:10.875 - STREAM b'IDAT' 62 4096
02:31:10.883 - Done calculating histograms
02:31:10.884 - 0ms - 0% Complete
02:31:10.884 - 133ms - 100% Complete
02:31:10.884 - Hero elements file is not valid: None
02:31:10.884 - Converting video frames to JPEG
02:31:10.884 - STREAM b'IHDR' 16 13
02:31:10.884 - STREAM b'pHYs' 41 9
02:31:10.884 - STREAM b'IDAT' 62 641
02:31:10.884 - Unable to convert image to sRGB as there is no color profile to transform from.
02:31:10.885 - STREAM b'IHDR' 16 13
02:31:10.885 - STREAM b'pHYs' 41 9
02:31:10.885 - STREAM b'IDAT' 62 4096
02:31:10.885 - Unable to convert image to sRGB as there is no color profile to transform from.
02:31:10.886 - Done converting video frames to JPEG
